bun.exe : $ vitest run
所在位置 C:\Program Files\nodejs\bun.ps1:14 字符: 3
+   & "$basedir/node_modules/bun/bin/bun.exe"   $args
+   ~~~~~~~~~~~~~~~~~~~~~~~~~~~~~~~~~~~~~~~~~~~~~~~~~
    + CategoryInfo          : NotSpecified: ($ vitest run:String) [], RemoteException
    + FullyQualifiedErrorId : NativeCommandError
 

[1m[7m[36m RUN [39m[27m[22m [36mv3.0.7 [39m[90mD:/cursor/MetaGPT/metagpt-ts[39m

 [31m鉂?[39m tests/workflow.test.ts [2m([22m[2m0 test[22m[2m)[22m
 [31m鉂?[39m tests/config/config-loader.test.ts [2m([22m[2m0 test[22m[2m)[22m
 [31m鉂?[39m tests/monitoring/monitoring.test.ts [2m([22m[2m0 test[22m[2m)[22m
 [31m鉂?[39m tests/workflow/parallel-executor.test.ts [2m([22m[2m0 test[22m[2m)[22m
 [31m鉂?[39m tests/roles/architect.test.ts [2m([22m[2m0 test[22m[2m)[22m
 [31m鉂?[39m tests/types/document.test.ts [2m([22m[2m0 test[22m[2m)[22m
[90mstdout[2m | tests/management/workflow-orchestration.test.ts[2m > [22m[2mWorkflowOrchestration[2m > [22m[2mshould register a workflow definition
[22m[39m[INFO] Registered workflow test-workflow: Test Workflow

[90mstdout[2m | tests/management/workflow-orchestration.test.ts[2m > [22m[2mWorkflowOrchestration[2m > [22m[2mshould create a workflow instance
[22m[39m[INFO] Registered workflow test-workflow: Test Workflow
[INFO] Created workflow instance wf-1740739262342-56irowq for workflow test-workflow

[90mstdout[2m | tests/management/workflow-orchestration.test.ts[2m > [22m[2mWorkflowOrchestration[2m > [22m[2mshould start a workflow instance
[22m[39m[INFO] Registered workflow test-workflow: Test Workflow
[INFO] Created workflow instance wf-1740739262343-wkdhxc9 for workflow test-workflow
[INFO] Completed workflow instance wf-1740739262343-wkdhxc9

[90mstdout[2m | tests/management/workflow-orchestration.test.ts[2m > [22m[2mWorkflowOrchestration[2m > [22m[2mshould handle tasks in a workflow
[22m[39m[INFO] Registered workflow task-workflow: Task Workflow
[INFO] Created workflow instance wf-1740739262344-hmbyxtd for workflow task-workflow

[90mstdout[2m | tests/management/workflow-orchestration.test.ts[2m > [22m[2mWorkflowOrchestration[2m > [22m[2mshould handle conditional branches in a workflow
[22m[39m[INFO] Registered workflow condition-workflow: Conditional Workflow
[INFO] Created workflow instance wf-1740739262350-sc48vnu for workflow condition-workflow
[INFO] Created workflow instance wf-1740739262350-3ye29nv for workflow condition-workflow

[90mstderr[2m | tests/management/workflow-orchestration.test.ts[2m > [22m[2mWorkflowOrchestration[2m > [22m
[2mshould handle conditional branches in a workflow
[22m[39m[WARN] Task node true-node has no taskId
[WARN] Task node false-node has no taskId
[ERROR] Failed node  in workflow instance wf-1740739262350-sc48vnu: Workflow is stuck - no active nodes but END no
t reached
[ERROR] Failed node  in workflow instance wf-1740739262350-3ye29nv: Workflow is stuck - no active nodes but END no
t reached

[90mstdout[2m | tests/management/workflow-orchestration.test.ts[2m > [22m[2mWorkflowOrchestration[2m > [22m[2mshould cancel a workflow instance
[22m[39m[INFO] Registered workflow cancel-workflow: Cancelable Workflow
[INFO] Created workflow instance wf-1740739262352-2argqc3 for workflow cancel-workflow
[INFO] Canceled workflow instance wf-1740739262352-2argqc3

[90mstderr[2m | tests/management/workflow-orchestration.test.ts[2m > [22m[2mWorkflowOrchestration[2m > [22m
[2mshould cancel a workflow instance
[22m[39m[WARN] Task node long-task has no taskId

[90mstdout[2m | tests/management/workflow-orchestration.test.ts[2m > [22m[2mWorkflowOrchestration[2m > [22m[2mshould handle workflow timeout
[22m[39m[INFO] Registered workflow timeout-workflow: Timeout Workflow
[INFO] Created workflow instance wf-1740739262352-lcrb3e3 for workflow timeout-workflow

[90mstderr[2m | tests/management/workflow-orchestration.test.ts[2m > [22m[2mWorkflowOrchestration[2m > [22m
[2mshould handle workflow timeout
[22m[39m[WARN] Task node stuck-task has no taskId
[ERROR] Workflow instance wf-1740739262352-lcrb3e3 timed out

 [31m鉂?[39m tests/management/workflow-orchestration.test.ts [2m([22m[2m7 tests[22m[2m | [22m[31m2 failed[39m[2m)[22m[90m 16[2mms[22m[39m
   [32m鉁?[39m WorkflowOrchestration[2m > [22mshould register a workflow definition
   [32m鉁?[39m WorkflowOrchestration[2m > [22mshould create a workflow instance
   [32m鉁?[39m WorkflowOrchestration[2m > [22mshould start a workflow instance
[31m   [31m脳[31m WorkflowOrchestration[2m > [22mshould handle tasks in a workflow[90m 6[2mms[22m[31m[39m
[31m     鈫?expected 'running' to be 'completed' // Object.is equality[39m
[31m   [31m脳[31m WorkflowOrchestration[2m > [22mshould handle conditional branches in a workflow[90m 2[2mms[22m[31m[39m
[31m     鈫?expected 'running' to be 'completed' // Object.is equality[39m
   [32m鉁?[39m WorkflowOrchestration[2m > [22mshould cancel a workflow instance
   [32m鉁?[39m WorkflowOrchestration[2m > [22mshould handle workflow timeout
[90mstdout[2m | tests/actions/design-api.test.ts[2m > [22m[2mDesignAPI[2m > [22m[2mshould fail when no requirements are provided
[22m[39m[INFO] [TestDesignAPI] Running API design

[90mstdout[2m | tests/actions/design-api.test.ts[2m > [22m[2mDesignAPI[2m > [22m[2mshould fail when no LLM provider is set
[22m[39m[INFO] [DesignAPI] Running API design

[90mstdout[2m | tests/actions/design-api.test.ts[2m > [22m[2mDesignAPI[2m > [22m[2mshould create a new API design
[22m[39m[INFO] [TestDesignAPI] Running API design
[INFO] [TestDesignAPI] Creating new API design

[90mstdout[2m | tests/actions/design-api.test.ts[2m > [22m[2mDesignAPI[2m > [22m[2mshould refine an existing API design
[22m[39m[INFO] [TestDesignAPI] Running API design
[INFO] [TestDesignAPI] Refining existing API design

[90mstdout[2m | tests/actions/design-api.test.ts[2m > [22m[2mDesignAPI[2m > [22m[2mshould handle errors when saving diagrams
[22m[39m[INFO] [TestDesignAPI] Running API design
[INFO] [TestDesignAPI] Creating new API design

[90mstderr[2m | tests/actions/design-api.test.ts[2m > [22m[2mDesignAPI[2m > [22m[2mshould handle errors wh
en saving diagrams
[22m[39m[ERROR] [TestDesignAPI] Error saving diagrams: Error: Directory creation failed

[90mstderr[2m | tests/document/document-store.test.ts[2m > [22m[2mDocument Store[2m > [22m[2mDocument Load
ing[2m > [22m[2mshould load a document from a file
[22m[39mFailed to load document from /test/documents/test.txt: Error: Failed to read file /test/documents/test.t
xt: ENOENT: no such file or directory, open 'D:\test\documents\test.txt'
    at Function.fromPath [90m(D:\cursor\MetaGPT\metagpt-ts\[39msrc\types\document.ts:95:13[90m)[39m
    at BasicDocumentStore.loadDocument [90m(D:\cursor\MetaGPT\metagpt-ts\[39msrc\document\document-store.ts:228:
24[90m)[39m
    at [90mD:\cursor\MetaGPT\metagpt-ts\[39mtests\document\document-store.test.ts:59:22
    at [90mfile:///D:/cursor/MetaGPT/metagpt-ts/[39mnode_modules/[4m@vitest[24m/runner/dist/index.js:558:22

[90mstderr[2m | tests/document/document-store.test.ts[2m > [22m[2mDocument Store[2m > [22m[2mDocument Load
ing[2m > [22m[2mshould handle errors when loading documents
[22m[39mFailed to load document from /test/documents/nonexistent.txt: Error: Failed to read file /test/documents
/nonexistent.txt: ENOENT: no such file or directory, open 'D:\test\documents\nonexistent.txt'
    at Function.fromPath [90m(D:\cursor\MetaGPT\metagpt-ts\[39msrc\types\document.ts:95:13[90m)[39m
    at BasicDocumentStore.loadDocument [90m(D:\cursor\MetaGPT\metagpt-ts\[39msrc\document\document-store.ts:228:
24[90m)[39m
    at [90mD:\cursor\MetaGPT\metagpt-ts\[39mtests\document\document-store.test.ts:91:22
    at [90mfile:///D:/cursor/MetaGPT/metagpt-ts/[39mnode_modules/[4m@vitest[24m/runner/dist/index.js:558:22

 [32m鉁?[39m tests/actions/design-api.test.ts [2m([22m[2m7 tests[22m[2m | [22m[33m1 skipped[39m[2m)[22m[90m 11[2mms[22m[39m
[90mstdout[2m | tests/actions/document-generation.test.ts[2m > [22m[2mDocumentGeneration[2m > [22m[2mshould fail when no title is provided
[22m[39m[INFO] [DocumentGeneration] Running Document Generation action

[90mstderr[2m | tests/document/document-store.test.ts[2m > [22m[2mDocument Store[2m > [22m[2mDocument Savi
ng[2m > [22m[2mshould handle errors when saving documents
[22m[39mFailed to save document: Error: Permission denied
    at [90mD:\cursor\MetaGPT\metagpt-ts\[39mtests\document\document-store.test.ts:120:62
    at [90mfile:///D:/cursor/MetaGPT/metagpt-ts/[39mnode_modules/[4m@vitest[24m/runner/dist/index.js:174:14
    at [90mfile:///D:/cursor/MetaGPT/metagpt-ts/[39mnode_modules/[4m@vitest[24m/runner/dist/index.js:558:28
    at [90mfile:///D:/cursor/MetaGPT/metagpt-ts/[39mnode_modules/[4m@vitest[24m/runner/dist/index.js:61:24
    at new Promise (<anonymous>)
    at runWithTimeout [90m(file:///D:/cursor/MetaGPT/metagpt-ts/[39mnode_modules/[4m@vitest[24m/runner/dist/in
dex.js:41:12[90m)[39m
    at runTest [90m(file:///D:/cursor/MetaGPT/metagpt-ts/[39mnode_modules/[4m@vitest[24m/runner/dist/index.js:
1137:17[90m)[39m
    at runSuite [90m(file:///D:/cursor/MetaGPT/metagpt-ts/[39mnode_modules/[4m@vitest[24m/runner/dist/index.js
:1291:15[90m)[39m
    at runSuite [90m(file:///D:/cursor/MetaGPT/metagpt-ts/[39mnode_modules/[4m@vitest[24m/runner/dist/index.js
:1291:15[90m)[39m
    at runSuite [90m(file:///D:/cursor/MetaGPT/metagpt-ts/[39mnode_modules/[4m@vitest[24m/runner/dist/index.js
:1291:15[90m)[39m

[90mstdout[2m | tests/actions/document-generation.test.ts[2m > [22m[2mDocumentGeneration[2m > [22m[2mshould fail when no document type is provided
[22m[39m[INFO] [DocumentGeneration] Running Document Generation action

[90mstderr[2m | tests/workflow/action-graph.test.ts[2m > [22m[2mAction Graph System[2m > [22m[2mActionGrap
h[2m > [22m[2mshould detect cycles in the graph
[22m[39mPromise returned by `expect(actual).rejects.toThrow(expected)` was not awaited. Vitest currently auto-aw
aits hanging assertions at the end of the test, but this will cause the test to fail in Vitest 3. Please remember 
to await the assertion.
    at D:/cursor/MetaGPT/metagpt-ts/tests/workflow/action-graph.test.ts:165:35

[90mstderr[2m | tests/document/document-store.test.ts[2m > [22m[2mDocument Store[2m > [22m[2mDocument Retr
ieval and Search[2m > [22m[2mshould get a document by path
[22m[39mFailed to load document from /test/documents/doc1.txt: Error: Failed to read file /test/documents/doc1.t
xt: ENOENT: no such file or directory, open 'D:\test\documents\doc1.txt'
    at Function.fromPath [90m(D:\cursor\MetaGPT\metagpt-ts\[39msrc\types\document.ts:95:13[90m)[39m
    at BasicDocumentStore.loadDocument [90m(D:\cursor\MetaGPT\metagpt-ts\[39msrc\document\document-store.ts:228:
24[90m)[39m
    at BasicDocumentStore.getDocument [90m(D:\cursor\MetaGPT\metagpt-ts\[39msrc\document\document-store.ts:453:2
4[90m)[39m
    at [90mD:\cursor\MetaGPT\metagpt-ts\[39mtests\document\document-store.test.ts:214:24
    at [90mfile:///D:/cursor/MetaGPT/metagpt-ts/[39mnode_modules/[4m@vitest[24m/runner/dist/index.js:558:22

[90mstderr[2m | tests/document/document-store.test.ts[2m > [22m[2mDocument Store[2m > [22m[2mDocument Retr
ieval and Search[2m > [22m[2mshould get a document by path
[22m[39mFailed to load document from path /test/documents/doc1.txt: Failed to load document: Failed to read file
 /test/documents/doc1.txt: ENOENT: no such file or directory, open 'D:\test\documents\doc1.txt'

 [32m鉁?[39m tests/actions/document-generation.test.ts [2m([22m[2m10 tests[22m[2m | [22m[33m6 skipped[39m[2m)[22m[90m 7[2mms[22m[39m
[90mstderr[2m | tests/workflow/action-graph.test.ts[2m > [22m[2mAction Graph System[2m > [22m[2mActionGrap
h[2m > [22m[2mshould stop execution on node failure
[22m[39mFailed to execute action ActionB: Error: Action B failed
    at [90mD:\cursor\MetaGPT\metagpt-ts\[39mtests\workflow\action-graph.test.ts:204:47
    at [90mfile:///D:/cursor/MetaGPT/metagpt-ts/[39mnode_modules/[4m@vitest[24m/runner/dist/index.js:174:14
    at [90mfile:///D:/cursor/MetaGPT/metagpt-ts/[39mnode_modules/[4m@vitest[24m/runner/dist/index.js:558:28
 [31m鉂?[39m tests/document/document-store.test.ts [2m([22m[2m14 tests[22m[2m | [22m[31m3 failed[39m[2m)[22m[90m 20[2mms[22m[39m
[31m   [31m脳[31m Document Store[2m > [22mDocument Loading[2m > [22mshould load a document from a file[90m 11[2mms[22m[31m[39m
[31m     鈫?expected "spy" to be called with arguments: [ '/test/documents/test.txt', 'utf-8' ][90m

Received: 

[31m[90m

Number of calls: [1m0[22m
[31m[39m
[31m   [31m脳[31m Document Store[2m > [22mDocument Loading[2m > [22mshould load documents from a directory[90m 1[2mms[22m[31m[39m
[31m     鈫?expected "spy" to be called with arguments: [ '/test/documents' ][90m

Received: 

[31m[90m

Number of calls: [1m0[22m
[31m[39m
   [32m鉁?[39m Document Store[2m > [22mDocument Loading[2m > [22mshould handle errors when loading documents
   [32m鉁?[39m Document Store[2m > [22mDocument Saving[2m > [22mshould save a document to a file
   [32m鉁?[39m Document Store[2m > [22mDocument Saving[2m > [22mshould handle errors when saving documents
   [32m鉁?[39m Document Store[2m > [22mDocument Parsing and Transformation[2m > [22mshould parse document content
   [32m鉁?[39m Document Store[2m > [22mDocument Parsing and Transformation[2m > [22mshould transform documents using TextNormalizerTransformer
   [32m鉁?[39m Document Store[2m > [22mDocument Parsing and Transformation[2m > [22mshould create indexable documents
   [32m鉁?[39m Document Store[2m > [22mDocument Retrieval and Search[2m > [22mshould get a document by ID
[31m   [31m脳[31m Document Store[2m > [22mDocument Retrieval and Search[2m > [22mshould get a document by path[90m 1[2mms[22m[31m[39m
[31m     鈫?expected undefined to be defined[39m
   [32m鉁?[39m Document Store[2m > [22mDocument Retrieval and Search[2m > [22mshould return undefined for nonexistent documents
   [32m鉁?[39m Document Store[2m > [22mDocument Retrieval and Search[2m > [22mshould search documents (stub implementation)
   [32m鉁?[39m Document Store[2m > [22mDocumentStoreFactory[2m > [22mshould create a document store with default configuration
   [32m鉁?[39m Document Store[2m > [22mDocumentStoreFactory[2m > [22mshould create a document store with custom configuration
    at [90mfile:///D:/cursor/MetaGPT/metagpt-ts/[39mnode_modules/[4m@vitest[24m/runner/dist/index.js:61:24
    at new Promise (<anonymous>)
    at runWithTimeout [90m(file:///D:/cursor/MetaGPT/metagpt-ts/[39mnode_modules/[4m@vitest[24m/runner/dist/in
dex.js:41:12[90m)[39m
    at runTest [90m(file:///D:/cursor/MetaGPT/metagpt-ts/[39mnode_modules/[4m@vitest[24m/runner/dist/index.js:
1137:17[90m)[39m
[90m    at processTicksAndRejections (node:internal/process/task_queues:95:5)[39m
    at runSuite [90m(file:///D:/cursor/MetaGPT/metagpt-ts/[39mnode_modules/[4m@vitest[24m/runner/dist/index.js
:1291:15[90m)[39m
    at runSuite [90m(file:///D:/cursor/MetaGPT/metagpt-ts/[39mnode_modules/[4m@vitest[24m/runner/dist/index.js
:1291:15[90m)[39m

 [32m鉁?[39m tests/workflow/action-graph.test.ts [2m([22m[2m12 tests[22m[2m)[22m[90m 19[2mms[22m[39m
 [32m鉁?[39m tests/context/context.test.ts [2m([22m[2m36 tests[22m[2m)[22m[90m 15[2mms[22m[39m
[90mstdout[2m | tests/actions/research.test.ts[2m > [22m[2mResearch[2m > [22m[2mshould perform research successfully
[22m[39m[INFO] [Research] Running Research action
[INFO] [Research] Performing research for query: Recent advances in solar energy technology

[90mstdout[2m | tests/actions/fix-bug.test.ts[2m > [22m[2mFixBug[2m > [22m[2mshould execute all nodes and return complete bug fix plan
[22m[39m[INFO] Running FixBug action

[90mstdout[2m | tests/actions/project-management.test.ts[2m > [22m[2mProjectManagement[2m > [22m[2mshould initialize with correct properties
[22m[39mMock LLM responses: {
  [32m'Required packages'[39m: [32m'["express@4.17.1","typescript@4.7.4"]'[39m,
  [32m'Required Other language third-party packages'[39m: [32m'[]'[39m,
  [32m'Logic Analysis'[39m: [32m'[["app.ts","Contains App class and initialization logic"],["server.ts","Contains Server class and HTTP server setup"]]'[39m,
  [32m'Task list'[39m: [32m'["server.ts","app.ts"]'[39m,
  [32m'Full API spec'[39m: [32m'{"openapi":"3.0.0","info":{"title":"Project API","version":"1.0.0"}}'[39m,
  [32m'Shared Knowledge'[39m: [32m'{"content":"`utils.ts` contains shared utility functions."}'[39m,
  [32m'Anything UNCLEAR'[39m: [32m'{"content":"No unclear aspects at this time."}'[39m
}

[90mstdout[2m | tests/actions/execute-task.test.ts[2m > [22m[2mExecuteTask[2m > [22m[2mshould fail when no instruction is provided
[22m[39m[INFO] Running ExecuteTask for: Unknown task

[90mstdout[2m | tests/actions/fix-bug.test.ts[2m > [22m[2mFixBug[2m > [22m[2mshould extract context from message if provided
[22m[39m[INFO] Running FixBug action

[90mstdout[2m | tests/actions/fix-bug.test.ts[2m > [22m[2mFixBug[2m > [22m[2mshould handle errors during node execution
[22m[39m[INFO] Running FixBug action

[90mstdout[2m | tests/actions/fix-bug.test.ts[2m > [22m[2mFixBug[2m > [22m[2mshould handle parsing errors gracefully
[22m[39m[INFO] Running FixBug action

[90mstdout[2m | tests/actions/project-management.test.ts[2m > [22m[2mProjectManagement[2m > [22m[2mshould initialize with refined nodes when isRefined is true
[22m[39mMock LLM responses: {
  [32m'Required packages'[39m: [32m'["express@4.17.1","typescript@4.7.4"]'[39m,
  [32m'Required Other language third-party packages'[39m: [32m'[]'[39m,
  [32m'Logic Analysis'[39m: [32m'[["app.ts","Contains App class and initialization logic"],["server.ts","Contains Server class and HTTP server setup"]]'[39m,
  [32m'Task list'[39m: [32m'["server.ts","app.ts"]'[39m,
  [32m'Full API spec'[39m: [32m'{"openapi":"3.0.0","info":{"title":"Project API","version":"1.0.0"}}'[39m,
  [32m'Shared Knowledge'[39m: [32m'{"content":"`utils.ts` contains shared utility functions."}'[39m,
  [32m'Anything UNCLEAR'[39m: [32m'{"content":"No unclear aspects at this time."}'[39m
}

[90mstdout[2m | tests/actions/project-management.test.ts[2m > [22m[2mProjectManagement[2m > [22m[2mshould execute all nodes and return complete project management plan
[22m[39mMock LLM responses: {
  [32m'Required packages'[39m: [32m'["express@4.17.1","typescript@4.7.4"]'[39m,
  [32m'Required Other language third-party packages'[39m: [32m'[]'[39m,
  [32m'Logic Analysis'[39m: [32m'[["app.ts","Contains App class and initialization logic"],["server.ts","Contains Server class and HTTP server setup"]]'[39m,
  [32m'Task list'[39m: [32m'["server.ts","app.ts"]'[39m,
  [32m'Full API spec'[39m: [32m'{"openapi":"3.0.0","info":{"title":"Project API","version":"1.0.0"}}'[39m,
  [32m'Shared Knowledge'[39m: [32m'{"content":"`utils.ts` contains shared utility functions."}'[39m,
  [32m'Anything UNCLEAR'[39m: [32m'{"content":"No unclear aspects at this time."}'[39m
}

[90mstdout[2m | tests/actions/project-management.test.ts[2m > [22m[2mProjectManagement[2m > [22m[2mshould execute all nodes and return complete project management plan
[22m[39m[INFO] Running ProjectManagement action

[90mstdout[2m | tests/actions/research.test.ts[2m > [22m[2mResearch[2m > [22m[2mshould fail when no query is provided
[22m[39m[INFO] [Research] Running Research action

[90mstderr[2m | tests/actions/research.test.ts[2m > [22m[2mResearch[2m > [22m[2mshould fail when no query 
is provided
[22m[39m[ERROR] [Research] Error in Research action: Error: No research query provided. Please provide a topic o
r question to research.
    at Research.run [90m(D:\cursor\MetaGPT\metagpt-ts\[39msrc\actions\research.ts:155:15[90m)[39m
    at [90mD:\cursor\MetaGPT\metagpt-ts\[39mtests\actions\research.test.ts:160:35
    at [90mfile:///D:/cursor/MetaGPT/metagpt-ts/[39mnode_modules/[4m@vitest[24m/runner/dist/index.js:174:14
    at [90mfile:///D:/cursor/MetaGPT/metagpt-ts/[39mnode_modules/[4m@vitest[24m/runner/dist/index.js:558:28
    at [90mfile:///D:/cursor/MetaGPT/metagpt-ts/[39mnode_modules/[4m@vitest[24m/runner/dist/index.js:61:24
    at new Promise (<anonymous>)
    at runWithTimeout [90m(file:///D:/cursor/MetaGPT/metagpt-ts/[39mnode_modules/[4m@vitest[24m/runner/dist/in
dex.js:41:12[90m)[39m
    at runTest [90m(file:///D:/cursor/MetaGPT/metagpt-ts/[39mnode_modules/[4m@vitest[24m/runner/dist/index.js:
1137:17[90m)[39m
[90m    at processTicksAndRejections (node:internal/process/task_queues:95:5)[39m
    at runSuite [90m(file:///D:/cursor/MetaGPT/metagpt-ts/[39mnode_modules/[4m@vitest[24m/runner/dist/index.js
:1291:15[90m)[39m

[90mstdout[2m | tests/actions/research.test.ts[2m > [22m[2mResearch[2m > [22m[2mshould validate research result structure
[22m[39m[INFO] [Research] Running Research action
[INFO] [Research] Performing research for query: Recent advances in solar energy technology

[90mstdout[2m | tests/actions/execute-task.test.ts[2m > [22m[2mExecuteTask[2m > [22m[2mshould fail when no LLM provider is set
[22m[39m[INFO] Running ExecuteTask for: Generated Task

[90mstderr[2m | tests/actions/execute-task.test.ts[2m > [22m[2mExecuteTask[2m > [22m[2mshould fail when no
 LLM provider is set
[22m[39m[ERROR] [ExecuteTask] Error asking LLM: Error: [ExecuteTask] No LLM provider set for action
    at ExecuteTask.ask [90m(D:\cursor\MetaGPT\metagpt-ts\[39msrc\actions\base-action.ts:142:17[90m)[39m
    at ExecuteTask.executeTask [90m(D:\cursor\MetaGPT\metagpt-ts\[39msrc\actions\execute-task.ts:173:37[90m)[3
9m
    at ExecuteTask.run [90m(D:\cursor\MetaGPT\metagpt-ts\[39msrc\actions\execute-task.ts:125:37[90m)[39m
    at [90mD:\cursor\MetaGPT\metagpt-ts\[39mtests\actions\execute-task.test.ts:107:43
    at [90mfile:///D:/cursor/MetaGPT/metagpt-ts/[39mnode_modules/[4m@vitest[24m/runner/dist/index.js:174:14
    at [90mfile:///D:/cursor/MetaGPT/metagpt-ts/[39mnode_modules/[4m@vitest[24m/runner/dist/index.js:558:28
    at [90mfile:///D:/cursor/MetaGPT/metagpt-ts/[39mnode_modules/[4m@vitest[24m/runner/dist/index.js:61:24
    at new Promise (<anonymous>)
    at runWithTimeout [90m(file:///D:/cursor/MetaGPT/metagpt-ts/[39mnode_modules/[4m@vitest[24m/runner/dist/in
dex.js:41:12[90m)[39m
    at runTest [90m(file:///D:/cursor/MetaGPT/metagpt-ts/[39mnode_modules/[4m@vitest[24m/runner/dist/index.js:
1137:17[90m)[39m

[90mstderr[2m | tests/actions/execute-task.test.ts[2m > [22m[2mExecuteTask[2m > [22m[2mshould fail when no
 LLM provider is set
[22m[39m[ERROR] Task execution error: Error: [ExecuteTask] No LLM provider set for action

 [31m鉂?[39m tests/actions/fix-bug.test.ts [2m([22m[2m6 tests[22m[2m | [22m[31m2 failed[39m[2m)[22m[90m 16[2mms[22m[39m
   [32m鉁?[39m FixBug[2m > [22mshould initialize with correct properties
   [32m鉁?[39m FixBug[2m > [22mshould initialize with bug details when provided
[31m   [31m脳[31m FixBug[2m > [22mshould execute all nodes and return complete bug fix plan[90m 6[2mms[22m[31m[39m
[31m     鈫?expected '[]' to contain 'undefined object'[39m
   [32m鉁?[39m FixBug[2m > [22mshould extract context from message if provided
   [32m鉁?[39m FixBug[2m > [22mshould handle errors during node execution
[31m   [31m脳[31m FixBug[2m > [22mshould handle parsing errors gracefully[90m 1[2mms[22m[31m[39m
[31m     鈫?expected [] to be 'This is not valid JSON' // Object.is equality[39m
[90mstdout[2m | tests/actions/project-management.test.ts[2m > [22m[2mProjectManagement[2m > [22m[2mshould handle errors during node execution
[22m[39mMock LLM responses: {
  [32m'Required packages'[39m: [32m'["express@4.17.1","typescript@4.7.4"]'[39m,
  [32m'Required Other language third-party packages'[39m: [32m'[]'[39m,
  [32m'Logic Analysis'[39m: [32m'[["app.ts","Contains App class and initialization logic"],["server.ts","Contains Server class and HTTP server setup"]]'[39m,
  [32m'Task list'[39m: [32m'["server.ts","app.ts"]'[39m,
  [32m'Full API spec'[39m: [32m'{"openapi":"3.0.0","info":{"title":"Project API","version":"1.0.0"}}'[39m,
  [32m'Shared Knowledge'[39m: [32m'{"content":"`utils.ts` contains shared utility functions."}'[39m,
  [32m'Anything UNCLEAR'[39m: [32m'{"content":"No unclear aspects at this time."}'[39m
}

[90mstdout[2m | tests/actions/research.test.ts[2m > [22m[2mResearch[2m > [22m[2mshould handle LLM errors gracefully
[22m[39m[INFO] [Research] Running Research action
[INFO] [Research] Performing research for query: Recent advances in solar energy technology

[90mstderr[2m | tests/actions/research.test.ts[2m > [22m[2mResearch[2m > [22m[2mshould handle LLM errors g
racefully
[22m[39m[ERROR] [Research] Error performing research: Error: LLM API error
    at [90mD:\cursor\MetaGPT\metagpt-ts\[39mtests\actions\research.test.ts:193:44
    at [90mfile:///D:/cursor/MetaGPT/metagpt-ts/[39mnode_modules/[4m@vitest[24m/runner/dist/index.js:174:14
    at [90mfile:///D:/cursor/MetaGPT/metagpt-ts/[39mnode_modules/[4m@vitest[24m/runner/dist/index.js:558:28
    at [90mfile:///D:/cursor/MetaGPT/metagpt-ts/[39mnode_modules/[4m@vitest[24m/runner/dist/index.js:61:24
    at new Promise (<anonymous>)
    at runWithTimeout [90m(file:///D:/cursor/MetaGPT/metagpt-ts/[39mnode_modules/[4m@vitest[24m/runner/dist/in
dex.js:41:12[90m)[39m
    at runTest [90m(file:///D:/cursor/MetaGPT/metagpt-ts/[39mnode_modules/[4m@vitest[24m/runner/dist/index.js:
1137:17[90m)[39m
[90m    at processTicksAndRejections (node:internal/process/task_queues:95:5)[39m
    at runSuite [90m(file:///D:/cursor/MetaGPT/metagpt-ts/[39mnode_modules/[4m@vitest[24m/runner/dist/index.js
:1291:15[90m)[39m
    at runSuite [90m(file:///D:/cursor/MetaGPT/metagpt-ts/[39mnode_modules/[4m@vitest[24m/runner/dist/index.js
:1291:15[90m)[39m

[90mstdout[2m | tests/actions/project-management.test.ts[2m > [22m[2mProjectManagement[2m > [22m[2mshould handle errors during node execution
[22m[39m[INFO] Running ProjectManagement action

[90mstderr[2m | tests/actions/research.test.ts[2m > [22m[2mResearch[2m > [22m[2mshould handle LLM errors g
racefully
[22m[39m[ERROR] [Research] Error in Research action: Error: LLM API error
    at [90mD:\cursor\MetaGPT\metagpt-ts\[39mtests\actions\research.test.ts:193:44
    at [90mfile:///D:/cursor/MetaGPT/metagpt-ts/[39mnode_modules/[4m@vitest[24m/runner/dist/index.js:174:14
    at [90mfile:///D:/cursor/MetaGPT/metagpt-ts/[39mnode_modules/[4m@vitest[24m/runner/dist/index.js:558:28
    at [90mfile:///D:/cursor/MetaGPT/metagpt-ts/[39mnode_modules/[4m@vitest[24m/runner/dist/index.js:61:24
    at new Promise (<anonymous>)
    at runWithTimeout [90m(file:///D:/cursor/MetaGPT/metagpt-ts/[39mnode_modules/[4m@vitest[24m/runner/dist/in
dex.js:41:12[90m)[39m
    at runTest [90m(file:///D:/cursor/MetaGPT/metagpt-ts/[39mnode_modules/[4m@vitest[24m/runner/dist/index.js:
1137:17[90m)[39m
[90m    at processTicksAndRejections (node:internal/process/task_queues:95:5)[39m
    at runSuite [90m(file:///D:/cursor/MetaGPT/metagpt-ts/[39mnode_modules/[4m@vitest[24m/runner/dist/index.js
:1291:15[90m)[39m
    at runSuite [90m(file:///D:/cursor/MetaGPT/metagpt-ts/[39mnode_modules/[4m@vitest[24m/runner/dist/index.js
:1291:15[90m)[39m

[90mstderr[2m | tests/actions/project-management.test.ts[2m > [22m[2mProjectManagement[2m > [22m[2mshould 
handle errors during node execution
[22m[39m[ERROR] Error in node Task list execution: Error: Failed to generate task list

[90mstdout[2m | tests/actions/execute-task.test.ts[2m > [22m[2mExecuteTask[2m > [22m[2mshould execute a data analysis task successfully
[22m[39m[INFO] Running ExecuteTask for: Data Analysis Task

[90mstderr[2m | tests/actions/execute-task.test.ts[2m > [22m[2mExecuteTask[2m > [22m[2mshould execute a da
ta analysis task successfully
[22m[39m[ERROR] Error parsing task response: Error: Could not extract JSON from response { response: [32m'Defau
lt response'[39m }

[90mstdout[2m | tests/actions/research.test.ts[2m > [22m[2mResearch[2m > [22m[2mshould apply source reliability validation
[22m[39m[INFO] [Research] Running Research action
[INFO] [Research] Performing research for query: reliability validation

[90mstderr[2m | tests/actions/research.test.ts[2m > [22m[2mResearch[2m > [22m[2mshould apply source reliab
ility validation
[22m[39m[WARN] [Research] 1 sources have reliability below the minimum threshold
[WARN] [Research] No findings were generated for the research query

[90mstdout[2m | tests/actions/project-management.test.ts[2m > [22m[2mProjectManagement[2m > [22m[2mshould handle parsing errors gracefully
[22m[39mMock LLM responses: {
  [32m'Required packages'[39m: [32m'["express@4.17.1","typescript@4.7.4"]'[39m,
  [32m'Required Other language third-party packages'[39m: [32m'[]'[39m,
  [32m'Logic Analysis'[39m: [32m'[["app.ts","Contains App class and initialization logic"],["server.ts","Contains Server class and HTTP server setup"]]'[39m,
  [32m'Task list'[39m: [32m'["server.ts","app.ts"]'[39m,
  [32m'Full API spec'[39m: [32m'{"openapi":"3.0.0","info":{"title":"Project API","version":"1.0.0"}}'[39m,
  [32m'Shared Knowledge'[39m: [32m'{"content":"`utils.ts` contains shared utility functions."}'[39m,
  [32m'Anything UNCLEAR'[39m: [32m'{"content":"No unclear aspects at this time."}'[39m
}

[90mstdout[2m | tests/actions/project-management.test.ts[2m > [22m[2mProjectManagement[2m > [22m[2mshould handle parsing errors gracefully
[22m[39m[INFO] Running ProjectManagement action

[90mstdout[2m | tests/actions/research.test.ts[2m > [22m[2mResearch[2m > [22m[2mshould check findings confidence and add warnings for low confidence
[22m[39m[INFO] [Research] Running Research action
[INFO] [Research] Performing research for query: Recent advances in solar energy technology

[90mstdout[2m | tests/actions/execute-task.test.ts[2m > [22m[2mExecuteTask[2m > [22m[2mshould execute a general task using instruction parameter
[22m[39m[INFO] Running ExecuteTask for: Generated Task

[90mstderr[2m | tests/actions/execute-task.test.ts[2m > [22m[2mExecuteTask[2m > [22m[2mshould execute a ge
neral task using instruction parameter
[22m[39m[ERROR] Error parsing task response: Error: Could not extract JSON from response { response: [32m'Defau
lt response'[39m }

 [32m鉁?[39m tests/actions/project-management.test.ts [2m([22m[2m5 tests[22m[2m)[22m[90m 19[2mms[22m[39m
[90mstdout[2m | tests/actions/execute-task.test.ts[2m > [22m[2mExecuteTask[2m > [22m[2mshould handle invalid response format gracefully
[22m[39m[INFO] Running ExecuteTask for: Generated Task

[90mstdout[2m | tests/actions/complex-reasoning.test.ts[2m > [22m[2mComplexReasoning[2m > [22m[2mshould handle empty message list
[22m[39m[INFO] [ComplexReasoning] Running ComplexReasoning action

 [31m鉂?[39m tests/actions/research.test.ts [2m([22m[2m7 tests[22m[2m | [22m[31m6 failed[39m[2m)[22m[90m 23[2mms[22m[39m
   [32m鉁?[39m Research[2m > [22mshould initialize with correct properties
[31m   [31m脳[31m Research[2m > [22mshould perform research successfully[90m 7[2mms[22m[31m[39m
[31m     鈫?Cannot read properties of undefined (reading 'query')[39m
[31m   [31m脳[31m Research[2m > [22mshould fail when no query is provided[90m 4[2mms[22m[31m[39m
[31m     鈫?No research query provided. Please provide a topic or question to research.[39m
[31m   [31m脳[31m Research[2m > [22mshould validate research result structure[90m 2[2mms[22m[31m[39m
[31m     鈫?Cannot convert undefined or null to object[39m
[31m   [31m脳[31m Research[2m > [22mshould handle LLM errors gracefully[90m 2[2mms[22m[31m[39m
[31m     鈫?LLM API error[39m
[31m   [31m脳[31m Research[2m > [22mshould apply source reliability validation[90m 2[2mms[22m[31m[39m
[31m     鈫?Cannot read properties of undefined (reading 'limitations')[39m
[31m   [31m脳[31m Research[2m > [22mshould check findings confidence and add warnings for low confidence[90m 1[2mms[22m[31m[39m
[31m     鈫?Cannot read properties of undefined (reading 'limitations')[39m
[90mstdout[2m | tests/actions/complex-reasoning.test.ts[2m > [22m[2mComplexReasoning[2m > [22m[2mshould perform complex reasoning successfully
[22m[39m[INFO] [ComplexReasoning] Running ComplexReasoning action
[INFO] [ComplexReasoning] Performing complex reasoning for problem: How can we optimize system performance?...

[90mstderr[2m | tests/actions/complex-reasoning.test.ts[2m > [22m[2mComplexReasoning[2m > [22m[2mshould pe
rform complex reasoning successfully
[22m[39m[WARN] [ComplexReasoning] Reasoning confidence (0.2) below required threshold (0.7)

 [31m鉂?[39m tests/actions/execute-task.test.ts [2m([22m[2m10 tests[22m[2m | [22m[31m5 failed[39m[2m)[22m[90m 26[2mms[22m[39m
   [32m鉁?[39m ExecuteTask[2m > [22mshould initialize with correct properties
   [32m鉁?[39m ExecuteTask[2m > [22mshould initialize with provided task
   [32m鉁?[39m ExecuteTask[2m > [22mshould fail when no instruction is provided
[31m   [31m脳[31m ExecuteTask[2m > [22mshould fail when no LLM provider is set[90m 9[2mms[22m[31m[39m
[31m     鈫?expected 'Error executing task: Error: [Execute鈥? to contain 'Failed to execute task'[39m
[31m   [31m脳[31m ExecuteTask[2m > [22mshould execute a data analysis task successfully[90m 2[2mms[22m[31m[39m
[31m     鈫?expected 'failed' to be 'completed' // Object.is equality[39m
[31m   [31m脳[31m ExecuteTask[2m > [22mshould execute a general task using instruction parameter[90m 1[2mms[22m[31m[39m
[31m     鈫?expected 'failed' to be 'completed' // Object.is equality[39m
   [32m鉁?[39m ExecuteTask[2m > [22mshould handle simulation mode correctly
[31m   [31m脳[31m ExecuteTask[2m > [22mshould handle invalid response format gracefully[90m 1[2mms[22m[31m[39m
[31m     鈫?expected 'Failed to parse response: Default res鈥? to contain 'This is an invalid response'[39m
[31m   [31m脳[31m ExecuteTask[2m > [22mshould handle task timeout correctly[90m 0[2mms[22m[31m[39m
[31m     鈫?window is not defined[39m
   [32m鉁?[39m ExecuteTask[2m > [22mshould parse task response correctly
[90mstdout[2m | tests/actions/complex-reasoning.test.ts[2m > [22m[2mComplexReasoning[2m > [22m[2mshould handle LLM response parsing error
[22m[39m[INFO] [ComplexReasoning] Running ComplexReasoning action
[INFO] [ComplexReasoning] Performing complex reasoning for problem: invalid json...
[90mstderr[2m | tests/actions/write-requirements.test.ts[2m > [22m[2mWriteRequirements[2m > [22m[2mshould 
handle LLM response parsing error
[22m[39m[ERROR] Error generating requirements: SyntaxError: Unexpected token 'I', "Invalid JS"... is not valid J
SON
    at JSON.parse (<anonymous>)
    at WriteRequirements.generateRequirements [90m(D:\cursor\MetaGPT\metagpt-ts\[39msrc\actions\write-requiremen
ts.ts:139:22[90m)[39m
[90m    at processTicksAndRejections (node:internal/process/task_queues:95:5)[39m
    at WriteRequirements.run [90m(D:\cursor\MetaGPT\metagpt-ts\[39msrc\actions\write-requirements.ts:106:15[90m
)[39m
    at [90mD:\cursor\MetaGPT\metagpt-ts\[39mtests\actions\write-requirements.test.ts:107:20
    at [90mfile:///D:/cursor/MetaGPT/metagpt-ts/[39mnode_modules/[4m@vitest[24m/runner/dist/index.js:558:22


[90mstdout[2m | tests/actions/search-and-summarize.test.ts[2m > [22m[2mSearchAndSummarize[2m > [22m[2mshould handle empty message list
[22m[39m[INFO] [SearchAndSummarize] Running SearchAndSummarize action

[90mstderr[2m | tests/actions/write-report.test.ts[2m > [22m[2mWriteReport[2m > [22m[2mshould handle LLM r
esponse parsing error
[22m[39m[ERROR] Error generating report: SyntaxError: Unexpected token 'I', "Invalid JS"... is not valid JSON
    at JSON.parse (<anonymous>)
    at WriteReport.generateReport [90m(D:\cursor\MetaGPT\metagpt-ts\[39msrc\actions\write-report.ts:149:25[90m)
[39m
[90m    at processTicksAndRejections (node:internal/process/task_queues:95:5)[39m
    at WriteReport.run [90m(D:\cursor\MetaGPT\metagpt-ts\[39msrc\actions\write-report.ts:115:18[90m)[39m
    at [90mD:\cursor\MetaGPT\metagpt-ts\[39mtests\actions\write-report.test.ts:107:20
    at [90mfile:///D:/cursor/MetaGPT/metagpt-ts/[39mnode_modules/[4m@vitest[24m/runner/dist/index.js:558:22

[90mstdout[2m | tests/actions/search-and-summarize.test.ts[2m > [22m[2mSearchAndSummarize[2m > [22m[2mshould handle message with empty content
[22m[39m[INFO] [SearchAndSummarize] Running SearchAndSummarize action

[90mstdout[2m | tests/actions/search-and-summarize.test.ts[2m > [22m[2mSearchAndSummarize[2m > [22m[2mshould perform search and generate summary successfully
[22m[39m[INFO] [SearchAndSummarize] Running SearchAndSummarize action
[INFO] [SearchAndSummarize] Searching for: What is the capital of France?...
[INFO] [SearchAndSummarize] Simulating search for: What is the capital of France? (serpapi)

 [32m鉁?[39m tests/actions/write-requirements.test.ts [2m([22m[2m6 tests[22m[2m)[22m[90m 15[2mms[22m[39m
[90mstdout[2m | tests/actions/search-and-summarize.test.ts[2m > [22m[2mSearchAndSummarize[2m > [22m[2mshould handle search with no results
[22m[39m[INFO] [SearchAndSummarize] Running SearchAndSummarize action
[INFO] [SearchAndSummarize] Searching for: A very obscure query that will have no results...
[INFO] [SearchAndSummarize] Simulating search for: A very obscure query that will have no results (serpapi)

[90mstderr[2m | tests/actions/complex-reasoning.test.ts[2m > [22m[2mComplexReasoning[2m > [22m[2mshould ha
ndle LLM response parsing error
[22m[39m[ERROR] [ComplexReasoning] Error parsing LLM response for reasoning: SyntaxError: Unexpected token 'T', 
"This is no"... is not valid JSON
    at JSON.parse (<anonymous>)
    at ComplexReasoning.performReasoning [90m(D:\cursor\MetaGPT\metagpt-ts\[39msrc\actions\complex-reasoning.ts:
185:36[90m)[39m
[90m    at processTicksAndRejections (node:internal/process/task_queues:95:5)[39m
    at ComplexReasoning.run [90m(D:\cursor\MetaGPT\metagpt-ts\[39msrc\actions\complex-reasoning.ts:141:31[90m)
[39m
    at [90mD:\cursor\MetaGPT\metagpt-ts\[39mtests\actions\complex-reasoning.test.ts:285:20
    at [90mfile:///D:/cursor/MetaGPT/metagpt-ts/[39mnode_modules/[4m@vitest[24m/runner/dist/index.js:558:22

[90mstdout[2m | tests/actions/complex-reasoning.test.ts[2m > [22m[2mComplexReasoning[2m > [22m[2mshould handle missing fields in LLM response
[22m[39m[INFO] [ComplexReasoning] Running ComplexReasoning action
[INFO] [ComplexReasoning] Performing complex reasoning for problem: test problem...

[90mstderr[2m | tests/actions/complex-reasoning.test.ts[2m > [22m[2mComplexReasoning[2m > [22m[2mshould ha
ndle missing fields in LLM response
[22m[39m[WARN] [ComplexReasoning] Reasoning confidence (0.2) below required threshold (0.7)

[90mstdout[2m | tests/actions/complex-reasoning.test.ts[2m > [22m[2mComplexReasoning[2m > [22m[2mshould handle different reasoning methods
[22m[39m[INFO] [ComplexReasoning] Running ComplexReasoning action
[INFO] [ComplexReasoning] Performing complex reasoning for problem: test problem...

[90mstderr[2m | tests/actions/complex-reasoning.test.ts[2m > [22m[2mComplexReasoning[2m > [22m[2mshould ha
ndle different reasoning methods
[22m[39m[WARN] [ComplexReasoning] Reasoning confidence (0.2) below required threshold (0.7)

 [32m鉁?[39m tests/actions/write-report.test.ts [2m([22m[2m6 tests[22m[2m)[22m[90m 16[2mms[22m[39m
[90mstdout[2m | tests/actions/complex-reasoning.test.ts[2m > [22m[2mComplexReasoning[2m > [22m[2mshould respect confidence thresholds
[22m[39m[INFO] [HighConfidenceReasoning] Running ComplexReasoning action
[INFO] [HighConfidenceReasoning] Performing complex reasoning for problem: test problem...

[90mstderr[2m | tests/actions/complex-reasoning.test.ts[2m > [22m[2mComplexReasoning[2m > [22m[2mshould re
spect confidence thresholds
[22m[39m[ERROR] [HighConfidenceReasoning] Error asking LLM: Error: [HighConfidenceReasoning] No response receive
d from LLM
    at ComplexReasoning.ask [90m(D:\cursor\MetaGPT\metagpt-ts\[39msrc\actions\base-action.ts:171:15[90m)[39m
[90m    at processTicksAndRejections (node:internal/process/task_queues:95:5)[39m
    at ComplexReasoning.performReasoning [90m(D:\cursor\MetaGPT\metagpt-ts\[39msrc\actions\complex-reasoning.ts:
182:24[90m)[39m
    at ComplexReasoning.run [90m(D:\cursor\MetaGPT\metagpt-ts\[39msrc\actions\complex-reasoning.ts:141:31[90m)
[39m
    at [90mD:\cursor\MetaGPT\metagpt-ts\[39mtests\actions\complex-reasoning.test.ts:324:20
    at [90mfile:///D:/cursor/MetaGPT/metagpt-ts/[39mnode_modules/[4m@vitest[24m/runner/dist/index.js:558:22

[90mstderr[2m | tests/actions/complex-reasoning.test.ts[2m > [22m[2mComplexReasoning[2m > [22m[2mshould re
spect confidence thresholds
[22m[39m[ERROR] [HighConfidenceReasoning] Error parsing LLM response for reasoning: Error: [HighConfidenceReason
ing] No response received from LLM
    at ComplexReasoning.ask [90m(D:\cursor\MetaGPT\metagpt-ts\[39msrc\actions\base-action.ts:171:15[90m)[39m
[90m    at processTicksAndRejections (node:internal/process/task_queues:95:5)[39m
    at ComplexReasoning.performReasoning [90m(D:\cursor\MetaGPT\metagpt-ts\[39msrc\actions\complex-reasoning.ts:
182:24[90m)[39m
    at ComplexReasoning.run [90m(D:\cursor\MetaGPT\metagpt-ts\[39msrc\actions\complex-reasoning.ts:141:31[90m)
[39m
    at [90mD:\cursor\MetaGPT\metagpt-ts\[39mtests\actions\complex-reasoning.test.ts:324:20
    at [90mfile:///D:/cursor/MetaGPT/metagpt-ts/[39mnode_modules/[4m@vitest[24m/runner/dist/index.js:558:22

[90mstdout[2m | tests/actions/search-and-summarize.test.ts[2m > [22m[2mSearchAndSummarize[2m > [22m[2mshould handle errors during search
[22m[39m[INFO] [SearchAndSummarize] Running SearchAndSummarize action
[INFO] [SearchAndSummarize] Searching for: Query that will cause a search error...
[INFO] [SearchAndSummarize] Simulating search for: Query that will cause a search error (serpapi)

[90mstdout[2m | tests/actions/search-and-summarize.test.ts[2m > [22m[2mSearchAndSummarize[2m > [22m[2mshould customize search by provider and max results
[22m[39m[INFO] [CustomSearch] Running SearchAndSummarize action
[INFO] [CustomSearch] Searching for: Search query for custom provider...
[INFO] [CustomSearch] Simulating search for: Search query for custom provider (google)

[90mstdout[2m | tests/actions/search-and-summarize.test.ts[2m > [22m[2mSearchAndSummarize[2m > [22m[2mshould include conversation history in the summary prompt
[22m[39m[INFO] [SearchAndSummarize] Running SearchAndSummarize action
[INFO] [SearchAndSummarize] Searching for: Final query to search...
[INFO] [SearchAndSummarize] Simulating search for: Final query to search (serpapi)

 [32m鉁?[39m tests/actions/complex-reasoning.test.ts [2m([22m[2m7 tests[22m[2m)[22m[90m 23[2mms[22m[39m
 [31m鉂?[39m tests/actions/search-and-summarize.test.ts [2m([22m[2m8 tests[22m[2m | [22m[31m1 failed[39m[2m)[22m[90m 17[2mms[22m[39m
   [32m鉁?[39m SearchAndSummarize[2m > [22mshould create a SearchAndSummarize instance
   [32m鉁?[39m SearchAndSummarize[2m > [22mshould handle empty message list
   [32m鉁?[39m SearchAndSummarize[2m > [22mshould handle message with empty content
   [32m鉁?[39m SearchAndSummarize[2m > [22mshould perform search and generate summary successfully
[31m   [31m脳[31m SearchAndSummarize[2m > [22mshould handle search with no results[90m 7[2mms[22m[31m[39m
[31m     鈫?expected 'failed' to be 'completed' // Object.is equality[39m
   [32m鉁?[39m SearchAndSummarize[2m > [22mshould handle errors during search
   [32m鉁?[39m SearchAndSummarize[2m > [22mshould customize search by provider and max results
   [32m鉁?[39m SearchAndSummarize[2m > [22mshould include conversation history in the summary prompt
 [31m鉂?[39m tests/management/team-collaboration.test.ts [2m([22m[2m0 test[22m[2m)[22m
[90mstdout[2m | tests/actions/debug-error.test.ts[2m > [22m[2mDebugError[2m > [22m[2mshould handle empty message list
[22m[39m[INFO] [DebugError] Running DebugError action

[90mstdout[2m | tests/actions/debug-error.test.ts[2m > [22m[2mDebugError[2m > [22m[2mshould analyze and debug error successfully
[22m[39m[INFO] [DebugError] Running DebugError action

[90mstdout[2m | tests/actions/generate-questions.test.ts[2m > [22m[2mGenerateQuestions[2m > [22m[2mshould fail when no content is provided
[22m[39m[INFO] Running GenerateQuestions action

[90mstdout[2m | tests/actions/debug-error.test.ts[2m > [22m[2mDebugError[2m > [22m[2mshould handle LLM response parsing error
[22m[39m[INFO] [DebugError] Running DebugError action

[90mstdout[2m | tests/actions/generate-questions.test.ts[2m > [22m[2mGenerateQuestions[2m > [22m[2mshould fail when no LLM provider is set
[22m[39m[INFO] Running GenerateQuestions action

[90mstdout[2m | tests/actions/generate-questions.test.ts[2m > [22m[2mGenerateQuestions[2m > [22m[2mshould execute all nodes and return formatted questions
[22m[39m[INFO] Running GenerateQuestions action

[90mstdout[2m | tests/actions/debug-error.test.ts[2m > [22m[2mDebugError[2m > [22m[2mshould handle missing fields in LLM response
[22m[39m[INFO] [DebugError] Running DebugError action

[90mstdout[2m | tests/actions/debug-error.test.ts[2m > [22m[2mDebugError[2m > [22m[2mshould handle different error types and severities
[22m[39m[INFO] [DebugError] Running DebugError action

[90mstdout[2m | tests/actions/debug-error.test.ts[2m > [22m[2mDebugError[2m > [22m[2mshould validate fixes and provide execution results
[22m[39m[INFO] [DebugError] Running DebugError action

 [31m鉂?[39m tests/actions/debug-error.test.ts [2m([22m[2m7 tests[22m[2m | [22m[31m4 failed[39m[2m)[22m[90m 15[2mms[22m[39m
   [32m鉁?[39m DebugError[2m > [22mshould create a DebugError instance
   [32m鉁?[39m DebugError[2m > [22mshould handle empty message list
   [32m鉁?[39m DebugError[2m > [22mshould analyze and debug error successfully
[31m   [31m脳[31m DebugError[2m > [22mshould handle LLM response parsing error[90m 5[2mms[22m[31m[39m
[31m     鈫?expected 'failed' to be 'completed' // Object.is equality[39m
[31m   [31m脳[31m DebugError[2m > [22mshould handle missing fields in LLM response[90m 1[2mms[22m[31m[39m
[31m     鈫?expected 'failed' to be 'completed' // Object.is equality[39m
[31m   [31m脳[31m DebugError[2m > [22mshould handle different error types and severities[90m 1[2mms[22m[31m[39m
[31m     鈫?expected 'failed' to be 'completed' // Object.is equality[39m
[31m   [31m脳[31m DebugError[2m > [22mshould validate fixes and provide execution results[90m 1[2mms[22m[31m[39m
[31m     鈫?expected 'failed' to be 'completed' // Object.is equality[39m
[90mstderr[2m | tests/actions/summarize-code.test.ts[2m > [22m[2mSummarizeCode[2m > [22m[2mshould handle L
LM response parsing error
[22m[39m[ERROR] Failed to parse LLM response: SyntaxError: Unexpected token 'I', "Invalid JS"... is not valid JS
ON
    at JSON.parse (<anonymous>)
    at SummarizeCode.analyzeCode [90m(D:\cursor\MetaGPT\metagpt-ts\[39msrc\actions\summarize-code.ts:321:30[90m
)[39m
[90m    at processTicksAndRejections (node:internal/process/task_queues:95:5)[39m
    at SummarizeCode.run [90m(D:\cursor\MetaGPT\metagpt-ts\[39msrc\actions\summarize-code.ts:212:19[90m)[39m
    at [90mD:\cursor\MetaGPT\metagpt-ts\[39mtests\actions\summarize-code.test.ts:199:20
    at [90mfile:///D:/cursor/MetaGPT/metagpt-ts/[39mnode_modules/[4m@vitest[24m/runner/dist/index.js:558:22

[90mstdout[2m | tests/actions/generate-questions.test.ts[2m > [22m[2mGenerateQuestions[2m > [22m[2mshould handle question config correctly
[22m[39m[INFO] Running GenerateQuestions action

[90mstdout[2m | tests/actions/generate-questions.test.ts[2m > [22m[2mGenerateQuestions[2m > [22m[2mshould extract content from message if provided
[22m[39m[INFO] Running GenerateQuestions action

[90mstdout[2m | tests/actions/generate-questions.test.ts[2m > [22m[2mGenerateQuestions[2m > [22m[2mshould handle errors during node execution
[22m[39m[INFO] Running GenerateQuestions action

 [31m鉂?[39m tests/actions/run-code.test.ts [2m([22m[2m7 tests[22m[2m | [22m[31m5 failed[39m[2m)[22m[90m 20[2mms[22m[39m
   [32m鉁?[39m RunCode[2m > [22mshould create a RunCode instance
   [32m鉁?[39m RunCode[2m > [22mshould handle empty message list
[31m   [31m脳[31m RunCode[2m > [22mshould execute JavaScript code successfully[90m 5[2mms[22m[31m[39m
[31m     鈫?expected 'failed' to be 'completed' // Object.is equality[39m
[31m   [31m脳[31m RunCode[2m > [22mshould handle execution errors[90m 2[2mms[22m[31m[39m
[31m     鈫?expected 'No messages available' to contain 'Error'[39m
[31m   [31m脳[31m RunCode[2m > [22mshould respect execution configuration options[90m 5[2mms[22m[31m[39m
[31m     鈫?expected "spy" to be called with arguments: [ ObjectContaining{鈥 ][90m

Received: 

[1m  1st spy call:

[22m[2m  [[22m
[32m-   ObjectContaining {[90m
[32m-     "memoryLimit": 512,[90m
[31m+   {[90m
[31m+     "code": "Run this code with custom config",[90m
[31m+     "language": "javascript",[90m
[2m      "timeout": 5000,[22m
[32m-     "useContainer": true,[90m
[31m+     "workingDirectory": "D:\\cursor\\MetaGPT\\metagpt-ts",[90m
[2m    },[22m
[2m  ][22m
[31m[90m

Number of calls: [1m1[22m
[31m[39m
[31m   [31m脳[31m RunCode[2m > [22mshould handle different programming languages[90m 1[2mms[22m[31m[39m
[31m     鈫?expected 'failed' to be 'completed' // Object.is equality[39m
[31m   [31m脳[31m RunCode[2m > [22mshould clean up temporary files after execution[90m 1[2mms[22m[31m[39m
[31m     鈫?expected "spy" to be called at least once[39m
[90mstderr[2m | tests/actions/generate-questions.test.ts[2m > [22m[2mGenerateQuestions[2m > [22m[2mshould 
handle errors during node execution
[22m[39m[ERROR] Error parsing node Factual Questions result: SyntaxError: Unexpected token 'M', "Mock response" 
is not valid JSON

[90mstderr[2m | tests/actions/generate-questions.test.ts[2m > [22m[2mGenerateQuestions[2m > [22m[2mshould 
handle errors during node execution
[22m[39m[ERROR] Error parsing node Conceptual Questions result: SyntaxError: Unexpected token 'M', "Mock respons
e" is not valid JSON

[90mstderr[2m | tests/actions/generate-questions.test.ts[2m > [22m[2mGenerateQuestions[2m > [22m[2mshould 
handle errors during node execution
[22m[39m[ERROR] Error parsing node Application Questions result: SyntaxError: Unexpected token 'M', "Mock respon
se" is not valid JSON

[90mstderr[2m | tests/actions/generate-questions.test.ts[2m > [22m[2mGenerateQuestions[2m > [22m[2mshould 
handle errors during node execution
[22m[39m[ERROR] Error parsing node Critical Thinking Questions result: SyntaxError: Unexpected token 'M', "Mock 
response" is not valid JSON

[90mstderr[2m | tests/actions/generate-questions.test.ts[2m > [22m[2mGenerateQuestions[2m > [22m[2mshould 
handle errors during node execution
[22m[39m[ERROR] Error parsing node Discussion Prompts result: SyntaxError: Unexpected token 'M', "Mock response"
 is not valid JSON

[90mstderr[2m | tests/actions/generate-questions.test.ts[2m > [22m[2mGenerateQuestions[2m > [22m[2mshould 
handle errors during node execution
[22m[39m[ERROR] Error parsing node Question Organization result: SyntaxError: Unexpected token 'M', "Mock respon
se" is not valid JSON

 [31m鉂?[39m tests/actions/write-review.test.ts [2m([22m[2m6 tests[22m[2m | [22m[31m4 failed[39m[2m)[22m[90m 21[2mms[22m[39m
   [32m鉁?[39m WriteReview[2m > [22mshould create a WriteReview instance
   [32m鉁?[39m WriteReview[2m > [22mshould handle empty message list
[31m   [31m脳[31m WriteReview[2m > [22mshould generate code review successfully[90m 8[2mms[22m[31m[39m
[31m     鈫?expected '# Code Review\n\n## Summary\n\nNo cod鈥? to contain 'The code needs improvement in several鈥?[39m
[31m   [31m脳[31m WriteReview[2m > [22mshould handle LLM response parsing error[90m 4[2mms[22m[31m[39m
[31m     鈫?expected '# Code Review\n\n## Summary\n\nNo cod鈥? to contain 'Unable to generate a complete code re鈥?[39m
[31m   [31m脳[31m WriteReview[2m > [22mshould handle missing fields in LLM response[90m 2[2mms[22m[31m[39m
[31m     鈫?expected '# Code Review\n\n## Summary\n\nNo cod鈥? to contain 'Partial code review'[39m
[31m   [31m脳[31m WriteReview[2m > [22mshould group comments by severity correctly[90m 2[2mms[22m[31m[39m
[31m     鈫?expected '# Code Review\n\n## Summary\n\nNo cod鈥? to contain '## Critical Issues'[39m
[90mstdout[2m | tests/actions/generate-questions.test.ts[2m > [22m[2mGenerateQuestions[2m > [22m[2mshould handle parsing errors gracefully
[22m[39m[INFO] Running GenerateQuestions action

 [31m鉂?[39m tests/actions/summarize-code.test.ts [2m([22m[2m7 tests[22m[2m | [22m[31m2 failed[39m[2m)[22m[90m 23[2mms[22m[39m
   [32m鉁?[39m SummarizeCode[2m > [22mshould create a SummarizeCode instance
   [32m鉁?[39m SummarizeCode[2m > [22mshould handle empty message list
[31m   [31m脳[31m SummarizeCode[2m > [22mshould summarize code successfully[90m 7[2mms[22m[31m[39m
[31m     鈫?expected '# Code Summary\n\n## Overview\n\nUser鈥? to contain 'Design Patterns'[39m
   [32m鉁?[39m SummarizeCode[2m > [22mshould handle LLM response parsing error
   [32m鉁?[39m SummarizeCode[2m > [22mshould handle missing fields in LLM response
[31m   [31m脳[31m SummarizeCode[2m > [22mshould respect summary level configuration[90m 2[2mms[22m[31m[39m
[31m     鈫?expected '# Code Summary\n\n## Overview\n\nBRIE鈥? to contain 'overview'[39m
   [32m鉁?[39m SummarizeCode[2m > [22mshould detect and handle different programming languages
 [31m鉂?[39m tests/actions/generate-questions.test.ts [2m([22m[2m10 tests[22m[2m | [22m[31m4 failed[39m[2m)[22m[90m 27[2mms[22m[39m
   [32m鉁?[39m GenerateQuestions[2m > [22mshould initialize with correct properties
   [32m鉁?[39m GenerateQuestions[2m > [22mshould initialize with question configuration when provided
   [32m鉁?[39m GenerateQuestions[2m > [22mshould fail when no content is provided
   [32m鉁?[39m GenerateQuestions[2m > [22mshould fail when no LLM provider is set
[31m   [31m脳[31m GenerateQuestions[2m > [22mshould execute all nodes and return formatted questions[90m 8[2mms[22m[31m[39m
[31m     鈫?expected '# Generated Questions\n\n## Content A鈥? to contain 'What are the three main ethical conce鈥?[39m
   [32m鉁?[39m GenerateQuestions[2m > [22mshould handle question config correctly
[31m   [31m脳[31m GenerateQuestions[2m > [22mshould extract content from message if provided[90m 2[2mms[22m[31m[39m
[31m     鈫?expected '[]' to contain 'artificial intelligence ethics'[39m
[31m   [31m脳[31m GenerateQuestions[2m > [22mshould handle errors during node execution[90m 2[2mms[22m[31m[39m
[31m     鈫?expected "handleException" to be called at least once[39m
[31m   [31m脳[31m GenerateQuestions[2m > [22mshould handle parsing errors gracefully[90m 2[2mms[22m[31m[39m
[31m     鈫?expected [] to be 'This is not valid JSON' // Object.is equality[39m
   [32m鉁?[39m GenerateQuestions[2m > [22mshould create appropriate node prompts
 [31m鉂?[39m tests/roles/searcher.test.ts [2m([22m[2m5 tests[22m[2m | [22m[31m5 failed[39m[2m)[22m[90m 9[2mms[22m[39m
[31m   [31m脳[31m Searcher[2m > [22mshould create a Searcher instance[90m 5[2mms[22m[31m[39m
[31m     鈫?expected undefined to be 'Searcher' // Object.is equality[39m
[31m   [31m脳[31m Searcher[2m > [22mshould initialize with a SearchAndSummarize action[90m 1[2mms[22m[31m[39m
[31m     鈫?Target cannot be null or undefined.[39m
[31m   [31m脳[31m Searcher[2m > [22mshould execute search and return results[90m 1[2mms[22m[31m[39m
[31m     鈫?searcher.executeSearch is not a function[39m
[31m   [31m脳[31m Searcher[2m > [22mshould think and set todo action[90m 0[2mms[22m[31m[39m
[31m     鈫?searcher.addToMemory is not a function[39m
[31m   [31m脳[31m Searcher[2m > [22mshould handle empty message list[90m 0[2mms[22m[31m[39m
[31m     鈫?searcher.think is not a function[39m
[90mstdout[2m | tests/actions/prepare-documents.test.ts[2m > [22m[2mPrepareDocuments[2m > [22m[2mshould create project directory and requirements file
[22m[39m[INFO] Running PrepareDocuments action

[90mstdout[2m | tests/actions/prepare-documents.test.ts[2m > [22m[2mPrepareDocuments[2m > [22m[2mshould create project directory and requirements file
[22m[39m[INFO] Initializing project directory: C:\Users\ADMINI~1\AppData\Local\Temp\metagpt-test-1740739262611\new-project

[90mstdout[2m | tests/actions/prepare-documents.test.ts[2m > [22m[2mPrepareDocuments[2m > [22m[2mshould create project directory and requirements file
[22m[39m[INFO] Project initialized at: C:\Users\ADMINI~1\AppData\Local\Temp\metagpt-test-1740739262611\new-project

[90mstdout[2m | tests/actions/prepare-documents.test.ts[2m > [22m[2mPrepareDocuments[2m > [22m[2mshould create project directory and requirements file
[22m[39m[INFO] Successfully created requirements document at: C:\Users\ADMINI~1\AppData\Local\Temp\metagpt-test-1740739262611\new-project\docs\requirements.txt

[90mstdout[2m | tests/actions/prepare-documents.test.ts[2m > [22m[2mPrepareDocuments[2m > [22m[2mshould use incremental mode when specified
[22m[39m[INFO] Running PrepareDocuments action

[90mstdout[2m | tests/actions/prepare-documents.test.ts[2m > [22m[2mPrepareDocuments[2m > [22m[2mshould use incremental mode when specified
[22m[39m[INFO] Initializing project directory: C:\Users\ADMINI~1\AppData\Local\Temp\metagpt-test-1740739262611\incremental-project

[90mstdout[2m | tests/actions/prepare-documents.test.ts[2m > [22m[2mPrepareDocuments[2m > [22m[2mshould use incremental mode when specified
[22m[39m[INFO] Project initialized at: C:\Users\ADMINI~1\AppData\Local\Temp\metagpt-test-1740739262611\incremental-project

[90mstdout[2m | tests/actions/prepare-documents.test.ts[2m > [22m[2mPrepareDocuments[2m > [22m[2mshould use incremental mode when specified
[22m[39m[INFO] Successfully created requirements document at: C:\Users\ADMINI~1\AppData\Local\Temp\metagpt-test-1740739262611\incremental-project\docs\requirements.txt

[90mstdout[2m | tests/actions/prepare-documents.test.ts[2m > [22m[2mPrepareDocuments[2m > [22m[2mshould delete existing directory when not in incremental mode
[22m[39m[INFO] Running PrepareDocuments action

[90mstdout[2m | tests/actions/prepare-documents.test.ts[2m > [22m[2mPrepareDocuments[2m > [22m[2mshould delete existing directory when not in incremental mode
[22m[39m[INFO] Removing existing directory: C:\Users\ADMINI~1\AppData\Local\Temp\metagpt-test-1740739262611\non-incremental-project

[90mstdout[2m | tests/actions/prepare-documents.test.ts[2m > [22m[2mPrepareDocuments[2m > [22m[2mshould delete existing directory when not in incremental mode
[22m[39m[INFO] Initializing project directory: C:\Users\ADMINI~1\AppData\Local\Temp\metagpt-test-1740739262611\non-incremental-project

[90mstdout[2m | tests/actions/prepare-documents.test.ts[2m > [22m[2mPrepareDocuments[2m > [22m[2mshould delete existing directory when not in incremental mode
[22m[39m[INFO] Project initialized at: C:\Users\ADMINI~1\AppData\Local\Temp\metagpt-test-1740739262611\non-incremental-project

[90mstdout[2m | tests/actions/prepare-documents.test.ts[2m > [22m[2mPrepareDocuments[2m > [22m[2mshould delete existing directory when not in incremental mode
[22m[39m[INFO] Successfully created requirements document at: C:\Users\ADMINI~1\AppData\Local\Temp\metagpt-test-1740739262611\non-incremental-project\docs\requirements.txt

[90mstdout[2m | tests/actions/prepare-documents.test.ts[2m > [22m[2mPrepareDocuments[2m > [22m[2mshould use project name from config when not explicitly provided
[22m[39m[INFO] Running PrepareDocuments action

[90mstdout[2m | tests/actions/prepare-documents.test.ts[2m > [22m[2mPrepareDocuments[2m > [22m[2mshould use project name from config when not explicitly provided
[22m[39m[INFO] Initializing project directory: C:\Users\ADMINI~1\AppData\Local\Temp\metagpt-test-1740739262611\test-project

[90mstdout[2m | tests/actions/prepare-documents.test.ts[2m > [22m[2mPrepareDocuments[2m > [22m[2mshould use project name from config when not explicitly provided
[22m[39m[INFO] Project initialized at: C:\Users\ADMINI~1\AppData\Local\Temp\metagpt-test-1740739262611\test-project

[90mstdout[2m | tests/actions/prepare-documents.test.ts[2m > [22m[2mPrepareDocuments[2m > [22m[2mshould use project name from config when not explicitly provided
[22m[39m[INFO] Successfully created requirements document at: C:\Users\ADMINI~1\AppData\Local\Temp\metagpt-test-1740739262611\test-project\docs\requirements.txt

[90mstdout[2m | tests/actions/prepare-documents.test.ts[2m > [22m[2mPrepareDocuments[2m > [22m[2mshould handle empty requirements content gracefully
[22m[39m[INFO] Running PrepareDocuments action

[90mstdout[2m | tests/actions/prepare-documents.test.ts[2m > [22m[2mPrepareDocuments[2m > [22m[2mshould handle empty requirements content gracefully
[22m[39m[INFO] Initializing project directory: C:\Users\ADMINI~1\AppData\Local\Temp\metagpt-test-1740739262611\empty-requirements-project

[90mstdout[2m | tests/actions/prepare-documents.test.ts[2m > [22m[2mPrepareDocuments[2m > [22m[2mshould handle empty requirements content gracefully
[22m[39m[INFO] Project initialized at: C:\Users\ADMINI~1\AppData\Local\Temp\metagpt-test-1740739262611\empty-requirements-project

[90mstdout[2m | tests/actions/prepare-documents.test.ts[2m > [22m[2mPrepareDocuments[2m > [22m[2mshould handle empty requirements content gracefully
[22m[39m[INFO] Successfully created requirements document at: C:\Users\ADMINI~1\AppData\Local\Temp\metagpt-test-1740739262611\empty-requirements-project\docs\requirements.txt

[90mstdout[2m | tests/actions/prepare-documents.test.ts[2m > [22m[2mPrepareDocuments[2m > [22m[2mshould handle file system errors correctly
[90mstderr[2m | tests/actions/prepare-documents.test.ts[2m > [22m[2mPrepareDocuments[2m > [22m[2mshould ha
ndle file system errors correctly
[22m[39m[ERROR] Error in PrepareDocuments action: Error: Simulated filesystem error
[ERROR] Action PrepareDocuments failed: Error: Simulated filesystem error
    at [90mD:\cursor\MetaGPT\metagpt-ts\[39mtests\actions\prepare-documents.test.ts:231:49
    at [90mfile:///D:/cursor/MetaGPT/metagpt-ts/[39mnode_modules/[4m@vitest[24m/runner/dist/index.js:174:14
    at [90mfile:///D:/cursor/MetaGPT/metagpt-ts/[39mnode_modules/[4m@vitest[24m/runner/dist/index.js:558:28
    at [90mfile:///D:/cursor/MetaGPT/metagpt-ts/[39mnode_modules/[4m@vitest[24m/runner/dist/index.js:61:24
    at new Promise (<anonymous>)
    at runWithTimeout [90m(file:///D:/cursor/MetaGPT/metagpt-ts/[39mnode_modules/[4m@vitest[24m/runner/dist/in
dex.js:41:12[90m)[39m
    at runTest [90m(file:///D:/cursor/MetaGPT/metagpt-ts/[39mnode_modules/[4m@vitest[24m/runner/dist/index.js:
1137:17[90m)[39m
    at runSuite [90m(file:///D:/cursor/MetaGPT/metagpt-ts/[39mnode_modules/[4m@vitest[24m/runner/dist/index.js
:1291:15[90m)[39m
    at runSuite [90m(file:///D:/cursor/MetaGPT/metagpt-ts/[39mnode_modules/[4m@vitest[24m/runner/dist/index.js
:1291:15[90m)[39m
    at runFiles [90m(file:///D:/cursor/MetaGPT/metagpt-ts/[39mnode_modules/[4m@vitest[24m/runner/dist/index.js
:1348:5[90m)[39m

[22m[39m[INFO] Running PrepareDocuments action

[90mstdout[2m | tests/actions/prepare-documents.test.ts[2m > [22m[2mPrepareDocuments[2m > [22m[2mshould handle file system errors correctly
[22m[39m[INFO] Initializing project directory: /invalid/path

 [32m鉁?[39m tests/actions/prepare-documents.test.ts [2m([22m[2m7 tests[22m[2m)[22m[90m 29[2mms[22m[39m
 [31m鉂?[39m tests/workflow/sequence-executor.test.ts [2m([22m[2m0 test[22m[2m)[22m
 [31m鉂?[39m tests/memory/memory.test.ts [2m([22m[2m0 test[22m[2m)[22m
 [31m鉂?[39m tests/roles/base-role.test.ts [2m([22m[2m0 test[22m[2m)[22m
 [31m鉂?[39m tests/benchmark/performance.test.ts [2m([22m[2m0 test[22m[2m)[22m
 [31m鉂?[39m tests/rag.test.ts [2m([22m[2m0 test[22m[2m)[22m
 [31m鉂?[39m tests/tools.test.ts [2m([22m[2m0 test[22m[2m)[22m
 [31m鉂?[39m tests/roles/qa-engineer.test.ts [2m([22m[2m0 test[22m[2m)[22m
 [31m鉂?[39m tests/team.test.ts [2m([22m[2m0 test[22m[2m)[22m
 [31m鉂?[39m tests/e2e/workflow.test.ts [2m([22m[2m0 test[22m[2m)[22m
 [31m鉂?[39m tests/plugin/plugin.test.ts [2m([22m[2m0 test[22m[2m)[22m
 [31m鉂?[39m tests/config/config.test.ts [2m([22m[2m0 test[22m[2m)[22m
 [31m鉂?[39m tests/actions.test.ts [2m([22m[2m0 test[22m[2m)[22m
 [31m鉂?[39m tests/skills.test.ts [2m([22m[2m0 test[22m[2m)[22m
 [31m鉂?[39m tests/config.test.ts [2m([22m[2m0 test[22m[2m)[22m
 [31m鉂?[39m tests/roles.test.ts [2m([22m[2m0 test[22m[2m)[22m
 [31m鉂?[39m tests/types/message.test.ts [2m([22m[2m0 test[22m[2m)[22m
 [31m鉂?[39m tests/rag/rag-system.test.ts [2m([22m[2m0 test[22m[2m)[22m
[90mstdout[2m | tests/actions/write-test.test.ts[2m > [22m[2mWriteTest Action[2m > [22m[2mshould generate tests when given code
[22m[39m[INFO] [WriteTest] Running test writing

[90mstderr[2m | tests/actions/write-test.test.ts[2m > [22m[2mWriteTest Action[2m > [22m[2mshould generate 
tests when given code
[22m[39m[ERROR] [WriteTest] Error in writing tests: ZodError: [
  {
    "code": "invalid_type",
    "expected": "string",
    "received": "undefined",
    "path": [
      "content"
    ],
    "message": "Required"
  }
]
    at Object.get error [as error] [90m(file:///D:/cursor/MetaGPT/metagpt-ts/[39mnode_modules/[4mzod[24m/lib/i
ndex.mjs:587:31[90m)[39m
    at ZodObject.parse [90m(file:///D:/cursor/MetaGPT/metagpt-ts/[39mnode_modules/[4mzod[24m/lib/index.mjs:663
:22[90m)[39m
    at WriteTest.validateOutput [90m(D:\cursor\MetaGPT\metagpt-ts\[39msrc\actions\base-action.ts:79:31[90m)[39
m
    at WriteTest.createOutput [90m(D:\cursor\MetaGPT\metagpt-ts\[39msrc\actions\base-action.ts:94:17[90m)[39m
    at WriteTest.run [90m(D:\cursor\MetaGPT\metagpt-ts\[39msrc\actions\write-test.ts:48:19[90m)[39m
[90m    at processTicksAndRejections (node:internal/process/task_queues:95:5)[39m
    at [90mD:\cursor\MetaGPT\metagpt-ts\[39mtests\actions\write-test.test.ts:60:20
    at [90mfile:///D:/cursor/MetaGPT/metagpt-ts/[39mnode_modules/[4m@vitest[24m/runner/dist/index.js:558:22 {
  issues: [
    {
      code: [32m'invalid_type'[39m,
      expected: [32m'string'[39m,
      received: [32m'undefined'[39m,
      path: [36m[Array][39m,
      message: [32m'Required'[39m
    }
  ],
  addIssue: [36m[Function (anonymous)][39m,
  addIssues: [36m[Function (anonymous)][39m,
  errors: [
    {
      code: [32m'invalid_type'[39m,
      expected: [32m'string'[39m,
      received: [32m'undefined'[39m,
      path: [36m[Array][39m,
      message: [32m'Required'[39m
    }
  ]
}
[ERROR] Action WriteTest failed: ZodError: [
  {
    "code": "invalid_type",
    "expected": "string",
    "received": "undefined",
    "path": [
      "content"
    ],
    "message": "Required"
  }
]
    at Object.get error [as error] [90m(file:///D:/cursor/MetaGPT/metagpt-ts/[39mnode_modules/[4mzod[24m/lib/i
ndex.mjs:587:31[90m)[39m
    at ZodObject.parse [90m(file:///D:/cursor/MetaGPT/metagpt-ts/[39mnode_modules/[4mzod[24m/lib/index.mjs:663
:22[90m)[39m
    at WriteTest.validateOutput [90m(D:\cursor\MetaGPT\metagpt-ts\[39msrc\actions\base-action.ts:79:31[90m)[39
m
    at WriteTest.createOutput [90m(D:\cursor\MetaGPT\metagpt-ts\[39msrc\actions\base-action.ts:94:17[90m)[39m
    at WriteTest.run [90m(D:\cursor\MetaGPT\metagpt-ts\[39msrc\actions\write-test.ts:48:19[90m)[39m
[90m    at processTicksAndRejections (node:internal/process/task_queues:95:5)[39m
    at [90mD:\cursor\MetaGPT\metagpt-ts\[39mtests\actions\write-test.test.ts:60:20
    at [90mfile:///D:/cursor/MetaGPT/metagpt-ts/[39mnode_modules/[4m@vitest[24m/runner/dist/index.js:558:22 {
  issues: [
    {
      code: [32m'invalid_type'[39m,
      expected: [32m'string'[39m,
      received: [32m'undefined'[39m,
      path: [36m[Array][39m,
      message: [32m'Required'[39m
    }
  ],
  addIssue: [36m[Function (anonymous)][39m,
  addIssues: [36m[Function (anonymous)][39m,
  errors: [
    {
      code: [32m'invalid_type'[39m,
      expected: [32m'string'[39m,
      received: [32m'undefined'[39m,
      path: [36m[Array][39m,
      message: [32m'Required'[39m
    }
  ]
}

[90mstderr[2m | tests/actions/write-tutorial.test.ts[2m > [22m[2mWriteTutorial[2m > [22m[2mshould handle L
LM response parsing error
[22m[39m[ERROR] [WriteTutorial] Error generating tutorial: SyntaxError: Unexpected token 'I', "Invalid JS"... is
 not valid JSON
    at JSON.parse (<anonymous>)
    at WriteTutorial.generateTutorial [90m(D:\cursor\MetaGPT\metagpt-ts\[39msrc\actions\write-tutorial.ts:247:29
[90m)[39m
[90m    at processTicksAndRejections (node:internal/process/task_queues:95:5)[39m
    at WriteTutorial.run [90m(D:\cursor\MetaGPT\metagpt-ts\[39msrc\actions\write-tutorial.ts:360:22[90m)[39m
    at [90mD:\cursor\MetaGPT\metagpt-ts\[39mtests\actions\write-tutorial.test.ts:96:20
    at [90mfile:///D:/cursor/MetaGPT/metagpt-ts/[39mnode_modules/[4m@vitest[24m/runner/dist/index.js:558:22

[90mstdout[2m | tests/actions/write-test.test.ts[2m > [22m[2mWriteTest Action[2m > [22m[2mshould allow specifying a testing framework
[22m[39m[INFO] [WriteTest] Running test writing

[90mstderr[2m | tests/actions/write-test.test.ts[2m > [22m[2mWriteTest Action[2m > [22m[2mshould allow spe
cifying a testing framework
[22m[39m[ERROR] [WriteTest] Error in writing tests: ZodError: [
  {
    "code": "invalid_type",
    "expected": "string",
    "received": "undefined",
    "path": [
      "content"
    ],
    "message": "Required"
  }
]
    at Object.get error [as error] [90m(file:///D:/cursor/MetaGPT/metagpt-ts/[39mnode_modules/[4mzod[24m/lib/i
ndex.mjs:587:31[90m)[39m
    at ZodObject.parse [90m(file:///D:/cursor/MetaGPT/metagpt-ts/[39mnode_modules/[4mzod[24m/lib/index.mjs:663
:22[90m)[39m
    at WriteTest.validateOutput [90m(D:\cursor\MetaGPT\metagpt-ts\[39msrc\actions\base-action.ts:79:31[90m)[39
m
    at WriteTest.createOutput [90m(D:\cursor\MetaGPT\metagpt-ts\[39msrc\actions\base-action.ts:94:17[90m)[39m
    at WriteTest.run [90m(D:\cursor\MetaGPT\metagpt-ts\[39msrc\actions\write-test.ts:48:19[90m)[39m
[90m    at processTicksAndRejections (node:internal/process/task_queues:95:5)[39m
    at [90mD:\cursor\MetaGPT\metagpt-ts\[39mtests\actions\write-test.test.ts:81:5
    at [90mfile:///D:/cursor/MetaGPT/metagpt-ts/[39mnode_modules/[4m@vitest[24m/runner/dist/index.js:558:22 {
  issues: [
    {
      code: [32m'invalid_type'[39m,
      expected: [32m'string'[39m,
      received: [32m'undefined'[39m,
      path: [36m[Array][39m,
      message: [32m'Required'[39m
    }
  ],
  addIssue: [36m[Function (anonymous)][39m,
  addIssues: [36m[Function (anonymous)][39m,
  errors: [
    {
      code: [32m'invalid_type'[39m,
      expected: [32m'string'[39m,
      received: [32m'undefined'[39m,
      path: [36m[Array][39m,
      message: [32m'Required'[39m
    }
  ]
}
[ERROR] Action WriteTest failed: ZodError: [
  {
    "code": "invalid_type",
    "expected": "string",
    "received": "undefined",
    "path": [
      "content"
    ],
    "message": "Required"
  }
]
    at Object.get error [as error] [90m(file:///D:/cursor/MetaGPT/metagpt-ts/[39mnode_modules/[4mzod[24m/lib/i
ndex.mjs:587:31[90m)[39m
    at ZodObject.parse [90m(file:///D:/cursor/MetaGPT/metagpt-ts/[39mnode_modules/[4mzod[24m/lib/index.mjs:663
:22[90m)[39m
    at WriteTest.validateOutput [90m(D:\cursor\MetaGPT\metagpt-ts\[39msrc\actions\base-action.ts:79:31[90m)[39
m
    at WriteTest.createOutput [90m(D:\cursor\MetaGPT\metagpt-ts\[39msrc\actions\base-action.ts:94:17[90m)[39m
    at WriteTest.run [90m(D:\cursor\MetaGPT\metagpt-ts\[39msrc\actions\write-test.ts:48:19[90m)[39m
[90m    at processTicksAndRejections (node:internal/process/task_queues:95:5)[39m
    at [90mD:\cursor\MetaGPT\metagpt-ts\[39mtests\actions\write-test.test.ts:81:5
    at [90mfile:///D:/cursor/MetaGPT/metagpt-ts/[39mnode_modules/[4m@vitest[24m/runner/dist/index.js:558:22 {
  issues: [
    {
      code: [32m'invalid_type'[39m,
      expected: [32m'string'[39m,
      received: [32m'undefined'[39m,
      path: [36m[Array][39m,
      message: [32m'Required'[39m
    }
  ],
  addIssue: [36m[Function (anonymous)][39m,
  addIssues: [36m[Function (anonymous)][39m,
  errors: [
    {
      code: [32m'invalid_type'[39m,
      expected: [32m'string'[39m,
      received: [32m'undefined'[39m,
      path: [36m[Array][39m,
      message: [32m'Required'[39m
    }
  ]
}

[90mstdout[2m | tests/actions/write-test.test.ts[2m > [22m[2mWriteTest Action[2m > [22m[2mshould allow specifying a language
[22m[39m[INFO] [WriteTest] Running test writing

[90mstderr[2m | tests/actions/write-test.test.ts[2m > [22m[2mWriteTest Action[2m > [22m[2mshould allow spe
cifying a language
[22m[39m[ERROR] [WriteTest] Error in writing tests: ZodError: [
  {
    "code": "invalid_type",
    "expected": "string",
    "received": "undefined",
    "path": [
      "content"
    ],
    "message": "Required"
  }
]
    at Object.get error [as error] [90m(file:///D:/cursor/MetaGPT/metagpt-ts/[39mnode_modules/[4mzod[24m/lib/i
ndex.mjs:587:31[90m)[39m
    at ZodObject.parse [90m(file:///D:/cursor/MetaGPT/metagpt-ts/[39mnode_modules/[4mzod[24m/lib/index.mjs:663
:22[90m)[39m
    at WriteTest.validateOutput [90m(D:\cursor\MetaGPT\metagpt-ts\[39msrc\actions\base-action.ts:79:31[90m)[39
m
    at WriteTest.createOutput [90m(D:\cursor\MetaGPT\metagpt-ts\[39msrc\actions\base-action.ts:94:17[90m)[39m
    at WriteTest.run [90m(D:\cursor\MetaGPT\metagpt-ts\[39msrc\actions\write-test.ts:48:19[90m)[39m
[90m    at processTicksAndRejections (node:internal/process/task_queues:95:5)[39m
    at [90mD:\cursor\MetaGPT\metagpt-ts\[39mtests\actions\write-test.test.ts:96:5
    at [90mfile:///D:/cursor/MetaGPT/metagpt-ts/[39mnode_modules/[4m@vitest[24m/runner/dist/index.js:558:22 {
  issues: [
    {
      code: [32m'invalid_type'[39m,
      expected: [32m'string'[39m,
      received: [32m'undefined'[39m,
      path: [36m[Array][39m,
      message: [32m'Required'[39m
    }
  ],
  addIssue: [36m[Function (anonymous)][39m,
  addIssues: [36m[Function (anonymous)][39m,
  errors: [
    {
      code: [32m'invalid_type'[39m,
      expected: [32m'string'[39m,
      received: [32m'undefined'[39m,
      path: [36m[Array][39m,
      message: [32m'Required'[39m
    }
  ]
}
[ERROR] Action WriteTest failed: ZodError: [
  {
    "code": "invalid_type",
    "expected": "string",
    "received": "undefined",
    "path": [
      "content"
    ],
    "message": "Required"
  }
]
    at Object.get error [as error] [90m(file:///D:/cursor/MetaGPT/metagpt-ts/[39mnode_modules/[4mzod[24m/lib/i
ndex.mjs:587:31[90m)[39m
    at ZodObject.parse [90m(file:///D:/cursor/MetaGPT/metagpt-ts/[39mnode_modules/[4mzod[24m/lib/index.mjs:663
:22[90m)[39m
    at WriteTest.validateOutput [90m(D:\cursor\MetaGPT\metagpt-ts\[39msrc\actions\base-action.ts:79:31[90m)[39
m
    at WriteTest.createOutput [90m(D:\cursor\MetaGPT\metagpt-ts\[39msrc\actions\base-action.ts:94:17[90m)[39m
    at WriteTest.run [90m(D:\cursor\MetaGPT\metagpt-ts\[39msrc\actions\write-test.ts:48:19[90m)[39m
[90m    at processTicksAndRejections (node:internal/process/task_queues:95:5)[39m
    at [90mD:\cursor\MetaGPT\metagpt-ts\[39mtests\actions\write-test.test.ts:96:5
    at [90mfile:///D:/cursor/MetaGPT/metagpt-ts/[39mnode_modules/[4m@vitest[24m/runner/dist/index.js:558:22 {
  issues: [
    {
      code: [32m'invalid_type'[39m,
      expected: [32m'string'[39m,
      received: [32m'undefined'[39m,
      path: [36m[Array][39m,
      message: [32m'Required'[39m
    }
  ],
  addIssue: [36m[Function (anonymous)][39m,
  addIssues: [36m[Function (anonymous)][39m,
  errors: [
    {
      code: [32m'invalid_type'[39m,
      expected: [32m'string'[39m,
      received: [32m'undefined'[39m,
      path: [36m[Array][39m,
      message: [32m'Required'[39m
    }
  ]
}

 [32m鉁?[39m tests/actions/write-tutorial.test.ts [2m([22m[2m6 tests[22m[2m)[22m[90m 13[2mms[22m[39m
[90mstdout[2m | tests/actions/write-test.test.ts[2m > [22m[2mWriteTest Action[2m > [22m[2mshould fail when no code is provided
[22m[39m[INFO] [WriteTest] Running test writing

[90mstdout[2m | tests/actions/write-test.test.ts[2m > [22m[2mWriteTest Action[2m > [22m[2mshould fail when LLM is not available
[22m[39m[INFO] [WriteTest] Running test writing

[90mstdout[2m | tests/actions/write-test.test.ts[2m > [22m[2mWriteTest Action[2m > [22m[2mshould handle LLM errors gracefully
[22m[39m[INFO] [WriteTest] Running test writing

[90mstderr[2m | tests/actions/write-test.test.ts[2m > [22m[2mWriteTest Action[2m > [22m[2mshould handle LL
M errors gracefully
[22m[39m[ERROR] [WriteTest] Error in writing tests: Error: LLM API error
    at [90mD:\cursor\MetaGPT\metagpt-ts\[39mtests\actions\write-test.test.ts:136:53
    at [90mfile:///D:/cursor/MetaGPT/metagpt-ts/[39mnode_modules/[4m@vitest[24m/runner/dist/index.js:174:14
    at [90mfile:///D:/cursor/MetaGPT/metagpt-ts/[39mnode_modules/[4m@vitest[24m/runner/dist/index.js:558:28
    at [90mfile:///D:/cursor/MetaGPT/metagpt-ts/[39mnode_modules/[4m@vitest[24m/runner/dist/index.js:61:24
    at new Promise (<anonymous>)
    at runWithTimeout [90m(file:///D:/cursor/MetaGPT/metagpt-ts/[39mnode_modules/[4m@vitest[24m/runner/dist/in
dex.js:41:12[90m)[39m
    at runTest [90m(file:///D:/cursor/MetaGPT/metagpt-ts/[39mnode_modules/[4m@vitest[24m/runner/dist/index.js:
1137:17[90m)[39m
[90m    at processTicksAndRejections (node:internal/process/task_queues:95:5)[39m
    at runSuite [90m(file:///D:/cursor/MetaGPT/metagpt-ts/[39mnode_modules/[4m@vitest[24m/runner/dist/index.js
:1291:15[90m)[39m
    at runSuite [90m(file:///D:/cursor/MetaGPT/metagpt-ts/[39mnode_modules/[4m@vitest[24m/runner/dist/index.js
:1291:15[90m)[39m
[ERROR] Action WriteTest failed: Error: LLM API error
    at [90mD:\cursor\MetaGPT\metagpt-ts\[39mtests\actions\write-test.test.ts:136:53
    at [90mfile:///D:/cursor/MetaGPT/metagpt-ts/[39mnode_modules/[4m@vitest[24m/runner/dist/index.js:174:14
    at [90mfile:///D:/cursor/MetaGPT/metagpt-ts/[39mnode_modules/[4m@vitest[24m/runner/dist/index.js:558:28
    at [90mfile:///D:/cursor/MetaGPT/metagpt-ts/[39mnode_modules/[4m@vitest[24m/runner/dist/index.js:61:24
    at new Promise (<anonymous>)
    at runWithTimeout [90m(file:///D:/cursor/MetaGPT/metagpt-ts/[39mnode_modules/[4m@vitest[24m/runner/dist/in
dex.js:41:12[90m)[39m
    at runTest [90m(file:///D:/cursor/MetaGPT/metagpt-ts/[39mnode_modules/[4m@vitest[24m/runner/dist/index.js:
1137:17[90m)[39m
[90m    at processTicksAndRejections (node:internal/process/task_queues:95:5)[39m
    at runSuite [90m(file:///D:/cursor/MetaGPT/metagpt-ts/[39mnode_modules/[4m@vitest[24m/runner/dist/index.js
:1291:15[90m)[39m
    at runSuite [90m(file:///D:/cursor/MetaGPT/metagpt-ts/[39mnode_modules/[4m@vitest[24m/runner/dist/index.js
:1291:15[90m)[39m

 [31m鉂?[39m tests/actions/write-test.test.ts [2m([22m[2m8 tests[22m[2m | [22m[31m1 failed[39m[2m)[22m[90m 20[2mms[22m[39m
   [32m鉁?[39m WriteTest Action[2m > [22mshould initialize with correct default properties
   [32m鉁?[39m WriteTest Action[2m > [22mshould use custom name if provided
[31m   [31m脳[31m WriteTest Action[2m > [22mshould generate tests when given code[90m 11[2mms[22m[31m[39m
[31m     鈫?expected 'failed' to be 'completed' // Object.is equality[39m
   [32m鉁?[39m WriteTest Action[2m > [22mshould allow specifying a testing framework
   [32m鉁?[39m WriteTest Action[2m > [22mshould allow specifying a language
   [32m鉁?[39m WriteTest Action[2m > [22mshould fail when no code is provided
   [32m鉁?[39m WriteTest Action[2m > [22mshould fail when LLM is not available
   [32m鉁?[39m WriteTest Action[2m > [22mshould handle LLM errors gracefully
[90mstderr[2m | tests/actions/analyze-prompt.test.ts[2m > [22m[2mAnalyzePrompt[2m > [22m[2mshould handle L
LM response parsing error
[22m[39m[ERROR] [AnalyzePrompt] Error analyzing prompt: SyntaxError: Unexpected token 'I', "Invalid JS"... is no
t valid JSON
    at JSON.parse (<anonymous>)
    at AnalyzePrompt.analyzePrompt [90m(D:\cursor\MetaGPT\metagpt-ts\[39msrc\actions\analyze-prompt.ts:51:29[90
m)[39m
[90m    at processTicksAndRejections (node:internal/process/task_queues:95:5)[39m
    at AnalyzePrompt.run [90m(D:\cursor\MetaGPT\metagpt-ts\[39msrc\actions\analyze-prompt.ts:94:22[90m)[39m
    at [90mD:\cursor\MetaGPT\metagpt-ts\[39mtests\actions\analyze-prompt.test.ts:75:20
    at [90mfile:///D:/cursor/MetaGPT/metagpt-ts/[39mnode_modules/[4m@vitest[24m/runner/dist/index.js:558:22

 [32m鉁?[39m tests/actions/analyze-prompt.test.ts [2m([22m[2m6 tests[22m[2m)[22m[90m 13[2mms[22m[39m
[90mstdout[2m | tests/rag/base-rag.test.ts[2m > [22m[2mBaseRAG[2m > [22m[2mDocument Management[2m > [22m[2mshould add a small document
[22m[39mIndexed 1 chunks to vector store

[90mstdout[2m | tests/rag/base-rag.test.ts[2m > [22m[2mBaseRAG[2m > [22m[2mDocument Management[2m > [22m[2mshould handle document chunking
[22m[39mIndexed 1 chunks to vector store

[90mstdout[2m | tests/rag/base-rag.test.ts[2m > [22m[2mBaseRAG[2m > [22m[2mDocument Management[2m > [22m[2mshould delete chunks
[22m[39mDeleted 1 chunks from vector store

[90mstdout[2m | tests/rag/base-rag.test.ts[2m > [22m[2mBaseRAG[2m > [22m[2mDocument Management[2m > [22m[2mshould update a chunk
[22m[39mUpdated chunk chunk1 in vector store

 [32m鉁?[39m tests/rag/base-rag.test.ts [2m([22m[2m7 tests[22m[2m)[22m[90m 36[2mms[22m[39m
[90mstderr[2m | file:\D:\cursor\MetaGPT\metagpt-ts\node_modules\@qdrant\js-client-rest\dist\esm\qdrant-client.js
:65:25
[22m[39mFailed to obtain server version. Unable to check client-server compatibility. Set checkCompatibility=fal
se to skip version check.

[90mstderr[2m | file:\D:\cursor\MetaGPT\metagpt-ts\node_modules\@qdrant\js-client-rest\dist\esm\qdrant-client.js
:65:25
[22m[39mFailed to obtain server version. Unable to check client-server compatibility. Set checkCompatibility=fal
se to skip version check.

[90mstderr[2m | file:\D:\cursor\MetaGPT\metagpt-ts\node_modules\@qdrant\js-client-rest\dist\esm\qdrant-client.js
:65:25
[22m[39mFailed to obtain server version. Unable to check client-server compatibility. Set checkCompatibility=fal
se to skip version check.

[90mstderr[2m | file:\D:\cursor\MetaGPT\metagpt-ts\node_modules\@qdrant\js-client-rest\dist\esm\qdrant-client.js
:65:25
[22m[39mFailed to obtain server version. Unable to check client-server compatibility. Set checkCompatibility=fal
se to skip version check.

[90mstderr[2m | file:\D:\cursor\MetaGPT\metagpt-ts\node_modules\@qdrant\js-client-rest\dist\esm\qdrant-client.js
:65:25
[22m[39mFailed to obtain server version. Unable to check client-server compatibility. Set checkCompatibility=fal
se to skip version check.

[90mstderr[2m | file:\D:\cursor\MetaGPT\metagpt-ts\node_modules\@qdrant\js-client-rest\dist\esm\qdrant-client.js
:65:25
[22m[39mFailed to obtain server version. Unable to check client-server compatibility. Set checkCompatibility=fal
se to skip version check.

[90mstderr[2m | file:\D:\cursor\MetaGPT\metagpt-ts\node_modules\@qdrant\js-client-rest\dist\esm\qdrant-client.js
:65:25
[22m[39mFailed to obtain server version. Unable to check client-server compatibility. Set checkCompatibility=fal
se to skip version check.

[90mstdout[2m | tests/roles/assistant.test.ts[2m > [22m[2mAssistant Role[2m > [22m[2mshould create an Assistant instance with correct default values
[22m[39m[INFO] [Assistant] Initializing role
[INFO] [Assistant] Initialization complete

[90mstdout[2m | tests/roles/assistant.test.ts[2m > [22m[2mAssistant Role[2m > [22m[2mshould create an Assistant instance with custom configuration
[22m[39m[INFO] [Assistant] Initializing role
[INFO] [Assistant] Initialization complete

[90mstdout[2m | tests/roles/assistant.test.ts[2m > [22m[2mAssistant Role[2m > [22m[2mshould create an Assistant instance with custom configuration
[22m[39m[INFO] [Assistant] Initializing role
[INFO] [Assistant] Initialization complete

[90mstdout[2m | tests/roles/teacher.test.ts[2m > [22m[2mTeacher Role[2m > [22m[2mshould create a Teacher instance with correct default values
[22m[39m[INFO] [Teacher] Initializing role
[INFO] [Teacher] Initialization complete

[90mstdout[2m | tests/roles/assistant.test.ts[2m > [22m[2mAssistant Role[2m > [22m[2mshould allow adding new capabilities
[22m[39m[INFO] [Assistant] Initializing role
[INFO] [Assistant] Initialization complete

[90mstdout[2m | tests/roles/assistant.test.ts[2m > [22m[2mAssistant Role[2m > [22m[2mshould allow adding new capabilities
[22m[39m[INFO] [Assistant] Added capability: new_capability

[90mstdout[2m | tests/roles/researcher.test.ts[2m > [22m[2mResearcher[2m > [22m[2mshould create a Researcher instance
[22m[39m[INFO] [Researcher] Initializing with config: {
  defaultTopicType: [32m'TECHNICAL'[39m,
  minReliability: [32m'MEDIUM'[39m,
  maxSources: [33m5[39m,
  react_mode: [32m'plan_and_act'[39m,
  max_react_loop: [33m3[39m
}

[90mstdout[2m | tests/roles/assistant.test.ts[2m > [22m[2mAssistant Role[2m > [22m[2mshould allow adding new specialties
[22m[39m[INFO] [Assistant] Initializing role
[INFO] [Assistant] Initialization complete

[90mstdout[2m | tests/roles/project-manager.test.ts[2m > [22m[2mProjectManager[2m > [22m[2mshould create a ProjectManager instance
[22m[39m[INFO] ProjectManager initialized with 1 actions

[90mstdout[2m | tests/roles/assistant.test.ts[2m > [22m[2mAssistant Role[2m > [22m[2mshould allow adding new specialties
[22m[39m[INFO] [Assistant] Added specialty: new_specialty

[90mstdout[2m | tests/roles/teacher.test.ts[2m > [22m[2mTeacher Role[2m > [22m[2mshould create a Teacher instance with custom configuration
[22m[39m[INFO] [Teacher] Initializing role
[INFO] [Teacher] Initialization complete

[90mstdout[2m | tests/roles/assistant.test.ts[2m > [22m[2mAssistant Role[2m > [22m[2mshould correctly check capability existence
[22m[39m[INFO] [Assistant] Initializing role
[INFO] [Assistant] Initialization complete

[90mstdout[2m | tests/roles/sales.test.ts[2m > [22m[2mSales[2m > [22m[2mshould create a Sales instance
[22m[39m[INFO] [TestSales] Sales role initialized

[90mstdout[2m | tests/roles/teacher.test.ts[2m > [22m[2mTeacher Role[2m > [22m[2mshould create a Teacher instance with custom configuration
[22m[39m[INFO] [Teacher] Initializing role
[INFO] [Teacher] Initialization complete

[90mstdout[2m | tests/roles/researcher.test.ts[2m > [22m[2mResearcher[2m > [22m[2mshould determine topic type correctly
[22m[39m[INFO] [Researcher] Initializing with config: {
  defaultTopicType: [32m'TECHNICAL'[39m,
  minReliability: [32m'MEDIUM'[39m,
  maxSources: [33m5[39m,
  react_mode: [32m'plan_and_act'[39m,
  max_react_loop: [33m3[39m
}

[90mstdout[2m | tests/roles/customer-service.test.ts[2m > [22m[2mCustomerService[2m > [22m[2mshould create a CustomerService instance
[22m[39m[INFO] [TestCustomerService] Sales role initialized
[INFO] [TestCustomerService] CustomerService role initialized

[90mstdout[2m | tests/roles/assistant.test.ts[2m > [22m[2mAssistant Role[2m > [22m[2mshould allow updating memory limit
[22m[39m[INFO] [Assistant] Initializing role
[INFO] [Assistant] Initialization complete

[90mstdout[2m | tests/roles/project-manager.test.ts[2m > [22m[2mProjectManager[2m > [22m[2mshould use default values if not provided
[22m[39m[INFO] ProjectManager initialized with 1 actions

[90mstdout[2m | tests/roles/teacher.test.ts[2m > [22m[2mTeacher Role[2m > [22m[2mshould allow adding new subject expertise
[22m[39m[INFO] [Teacher] Initializing role
[INFO] [Teacher] Initialization complete

[90mstdout[2m | tests/roles/researcher.test.ts[2m > [22m[2mResearcher[2m > [22m[2mshould execute research and return results
[22m[39m[INFO] [Researcher] Initializing with config: {
  defaultTopicType: [32m'TECHNICAL'[39m,
  minReliability: [32m'MEDIUM'[39m,
  maxSources: [33m5[39m,
  react_mode: [32m'plan_and_act'[39m,
  max_react_loop: [33m3[39m
}

[90mstdout[2m | tests/roles/teacher.test.ts[2m > [22m[2mTeacher Role[2m > [22m[2mshould allow adding new subject expertise
[22m[39m[INFO] [Teacher] Added subject expertise: chemistry

[90mstdout[2m | tests/roles/sales.test.ts[2m > [22m[2mSales[2m > [22m[2mshould use default values if not provided
[22m[39m[INFO] [Sales] Sales role initialized

[90mstdout[2m | tests/roles/assistant.test.ts[2m > [22m[2mAssistant Role[2m > [22m[2mshould allow updating memory limit
[22m[39m[INFO] [Assistant] Memory limit updated to: 75

[90mstdout[2m | tests/roles/customer-service.test.ts[2m > [22m[2mCustomerService[2m > [22m[2mshould use default values if not provided
[22m[39m[INFO] [CustomerService] Sales role initialized
[INFO] [CustomerService] CustomerService role initialized

[90mstdout[2m | tests/roles/researcher.test.ts[2m > [22m[2mResearcher[2m > [22m[2mshould execute research and return results
[22m[39m[INFO] [Researcher] Executing research based on: Research TypeScript best practices...

[90mstdout[2m | tests/roles/teacher.test.ts[2m > [22m[2mTeacher Role[2m > [22m[2mshould correctly check difficulty level handling
[22m[39m[INFO] [Teacher] Initializing role
[INFO] [Teacher] Initialization complete

[90mstdout[2m | tests/roles/assistant.test.ts[2m > [22m[2mAssistant Role[2m > [22m[2mshould perform thinking process with messages in memory
[22m[39m[INFO] [Assistant] Initializing role
[INFO] [Assistant] Initialization complete

[90mstdout[2m | tests/roles/project-manager.test.ts[2m > [22m[2mProjectManager[2m > [22m[2mshould handle project management messages
[22m[39m[INFO] ProjectManager initialized with 1 actions
[INFO] [Eve] Running role...

[90mstdout[2m | tests/roles/researcher.test.ts[2m > [22m[2mResearcher[2m > [22m[2mshould execute research and return results
[22m[39m[INFO] [Research] Running Research action
[INFO] [Research] Performing research for query: Research TypeScript best practices

[90mstdout[2m | tests/roles/project-manager.test.ts[2m > [22m[2mProjectManager[2m > [22m[2mshould handle project management messages
[22m[39m[INFO] Running ProjectManagement action

[90mstdout[2m | tests/roles/teacher.test.ts[2m > [22m[2mTeacher Role[2m > [22m[2mshould allow changing teaching style
[22m[39m[INFO] [Teacher] Initializing role
[INFO] [Teacher] Initialization complete

[90mstdout[2m | tests/roles/teacher.test.ts[2m > [22m[2mTeacher Role[2m > [22m[2mshould allow changing teaching style
[22m[39m[INFO] [Teacher] Teaching style updated to: direct
[INFO] [Teacher] Teaching style updated to: socratic

[90mstdout[2m | tests/roles/sales.test.ts[2m > [22m[2mSales[2m > [22m[2mshould handle a message and generate a response
[22m[39m[INFO] [Sales] Sales role initialized
[INFO] [Sales] Running role...

[90mstdout[2m | tests/roles/teacher.test.ts[2m > [22m[2mTeacher Role[2m > [22m[2mshould perform thinking process with messages in memory
[22m[39m[INFO] [Teacher] Initializing role
[INFO] [Teacher] Initialization complete

[90mstdout[2m | tests/roles/customer-service.test.ts[2m > [22m[2mCustomerService[2m > [22m[2mshould handle a customer inquiry and generate a response
[22m[39m[INFO] [CustomerService] Sales role initialized
[INFO] [CustomerService] CustomerService role initialized
[INFO] [CustomerService] Running role...

[90mstdout[2m | tests/roles/customer-service.test.ts[2m > [22m[2mCustomerService[2m > [22m[2mshould handle a customer inquiry and generate a response
[22m[39m[INFO] [SearchAndSummarize] Running SearchAndSummarize action

[90mstdout[2m | tests/roles/sales.test.ts[2m > [22m[2mSales[2m > [22m[2mshould handle a message and generate a response
[22m[39m[INFO] [SearchAndSummarize] Running SearchAndSummarize action

[90mstderr[2m | tests/roles/researcher.test.ts[2m > [22m[2mResearcher[2m > [22m[2mshould execute research 
and return results
[22m[39m[ERROR] [Research] Error performing research: Error: Failed to get response from LLM
    at Research.performResearch [90m(D:\cursor\MetaGPT\metagpt-ts\[39msrc\actions\research.ts:208:15[90m)[39m
[90m    at processTicksAndRejections (node:internal/process/task_queues:95:5)[39m
    at Research.run [90m(D:\cursor\MetaGPT\metagpt-ts\[39msrc\actions\research.ts:168:30[90m)[39m
    at Researcher.executeResearch [90m(D:\cursor\MetaGPT\metagpt-ts\[39msrc\roles\researcher.ts:218:20[90m)[39
m
    at [90mD:\cursor\MetaGPT\metagpt-ts\[39mtests\roles\researcher.test.ts:97:20
    at [90mfile:///D:/cursor/MetaGPT/metagpt-ts/[39mnode_modules/[4m@vitest[24m/runner/dist/index.js:558:22

[90mstderr[2m | tests/roles/researcher.test.ts[2m > [22m[2mResearcher[2m > [22m[2mshould execute research 
and return results
[22m[39m[ERROR] [Research] Error in Research action: Error: Failed to get response from LLM
    at Research.performResearch [90m(D:\cursor\MetaGPT\metagpt-ts\[39msrc\actions\research.ts:208:15[90m)[39m
[90m    at processTicksAndRejections (node:internal/process/task_queues:95:5)[39m
    at Research.run [90m(D:\cursor\MetaGPT\metagpt-ts\[39msrc\actions\research.ts:168:30[90m)[39m
    at Researcher.executeResearch [90m(D:\cursor\MetaGPT\metagpt-ts\[39msrc\roles\researcher.ts:218:20[90m)[39
m
    at [90mD:\cursor\MetaGPT\metagpt-ts\[39mtests\roles\researcher.test.ts:97:20
    at [90mfile:///D:/cursor/MetaGPT/metagpt-ts/[39mnode_modules/[4m@vitest[24m/runner/dist/index.js:558:22

[90mstdout[2m | tests/roles/assistant.test.ts[2m > [22m[2mAssistant Role[2m > [22m[2mshould handle thinking process with empty memory
[22m[39m[INFO] [Assistant] Initializing role
[INFO] [Assistant] Initialization complete

[90mstdout[2m | tests/roles/researcher.test.ts[2m > [22m[2mResearcher[2m > [22m[2mshould think and set todo action
[22m[39m[INFO] [Researcher] Initializing with config: {
  defaultTopicType: [32m'TECHNICAL'[39m,
  minReliability: [32m'MEDIUM'[39m,
  maxSources: [33m5[39m,
  react_mode: [32m'plan_and_act'[39m,
  max_react_loop: [33m3[39m
}

[90mstdout[2m | tests/roles/assistant.test.ts[2m > [22m[2mAssistant Role[2m > [22m[2mshould manage memory within limits
[22m[39m[INFO] [Assistant] Initializing role
[INFO] [Assistant] Initialization complete

[90mstdout[2m | tests/roles/customer-service.test.ts[2m > [22m[2mCustomerService[2m > [22m[2mshould use FAQ database if provided
[22m[39m[INFO] [CustomerService] Sales role initialized
[INFO] [CustomerService] CustomerService role initialized
[INFO] [CustomerService] Running role...

[90mstdout[2m | tests/roles/customer-service.test.ts[2m > [22m[2mCustomerService[2m > [22m[2mshould use FAQ database if provided
[22m[39m[INFO] [SearchAndSummarize] Running SearchAndSummarize action

[90mstdout[2m | tests/roles/teacher.test.ts[2m > [22m[2mTeacher Role[2m > [22m[2mshould handle thinking process with empty memory
[22m[39m[INFO] [Teacher] Initializing role
[INFO] [Teacher] Initialization complete

[90mstdout[2m | tests/roles/project-manager.test.ts[2m > [22m[2mProjectManager[2m > [22m[2mshould handle task dependency analysis
[22m[39m[INFO] ProjectManager initialized with 1 actions
[INFO] [Eve] Running role...

[90mstdout[2m | tests/roles/sales.test.ts[2m > [22m[2mSales[2m > [22m[2mshould use product knowledge base if provided
[22m[39m[INFO] [Sales] Sales role initialized
[INFO] [Sales] Running role...

[90mstdout[2m | tests/roles/project-manager.test.ts[2m > [22m[2mProjectManager[2m > [22m[2mshould handle task dependency analysis
[22m[39m[INFO] Running ProjectManagement action

[90mstdout[2m | tests/roles/customer-service.test.ts[2m > [22m[2mCustomerService[2m > [22m[2mshould use support templates if provided
[22m[39m[INFO] [CustomerService] Sales role initialized
[INFO] [CustomerService] CustomerService role initialized
[INFO] [CustomerService] Running role...

[90mstdout[2m | tests/roles/sales.test.ts[2m > [22m[2mSales[2m > [22m[2mshould use product knowledge base if provided
[22m[39m[INFO] [SearchAndSummarize] Running SearchAndSummarize action

 [31m鉂?[39m tests/roles/teacher.test.ts [2m([22m[2m7 tests[22m[2m | [22m[31m1 failed[39m[2m)[22m[90m 17[2mms[22m[39m
   [32m鉁?[39m Teacher Role[2m > [22mshould create a Teacher instance with correct default values
   [32m鉁?[39m Teacher Role[2m > [22mshould create a Teacher instance with custom configuration
   [32m鉁?[39m Teacher Role[2m > [22mshould allow adding new subject expertise
   [32m鉁?[39m Teacher Role[2m > [22mshould correctly check difficulty level handling
   [32m鉁?[39m Teacher Role[2m > [22mshould allow changing teaching style
[31m   [31m脳[31m Teacher Role[2m > [22mshould perform thinking process with messages in memory[90m 6[2mms[22m[31m[39m
[31m     鈫?expected false to be true // Object.is equality[39m
   [32m鉁?[39m Teacher Role[2m > [22mshould handle thinking process with empty memory
[90mstdout[2m | tests/roles/customer-service.test.ts[2m > [22m[2mCustomerService[2m > [22m[2mshould use support templates if provided
[22m[39m[INFO] [SearchAndSummarize] Running SearchAndSummarize action

 [31m鉂?[39m tests/roles/assistant.test.ts [2m([22m[2m9 tests[22m[2m | [22m[31m2 failed[39m[2m)[22m[90m 20[2mms[22m[39m
   [32m鉁?[39m Assistant Role[2m > [22mshould create an Assistant instance with correct default values
   [32m鉁?[39m Assistant Role[2m > [22mshould create an Assistant instance with custom configuration
   [32m鉁?[39m Assistant Role[2m > [22mshould allow adding new capabilities
   [32m鉁?[39m Assistant Role[2m > [22mshould allow adding new specialties
   [32m鉁?[39m Assistant Role[2m > [22mshould correctly check capability existence
   [32m鉁?[39m Assistant Role[2m > [22mshould allow updating memory limit
[31m   [31m脳[31m Assistant Role[2m > [22mshould perform thinking process with messages in memory[90m 5[2mms[22m[31m[39m
[31m     鈫?expected false to be true // Object.is equality[39m
   [32m鉁?[39m Assistant Role[2m > [22mshould handle thinking process with empty memory
[31m   [31m脳[31m Assistant Role[2m > [22mshould manage memory within limits[90m 2[2mms[22m[31m[39m
[31m     鈫?actual value must be number or bigint, received "undefined"[39m
[90mstdout[2m | tests/roles/customer-service.test.ts[2m > [22m[2mCustomerService[2m > [22m[2mshould include customer service principles in its behavior
[22m[39m[INFO] [CustomerService] Sales role initialized
[INFO] [CustomerService] CustomerService role initialized
[INFO] [CustomerService] Running role...

[90mstdout[2m | tests/roles/customer-service.test.ts[2m > [22m[2mCustomerService[2m > [22m[2mshould include customer service principles in its behavior
[22m[39m[INFO] [SearchAndSummarize] Running SearchAndSummarize action

[90mstdout[2m | tests/roles/project-manager.test.ts[2m > [22m[2mProjectManager[2m > [22m[2mshould handle resource planning
[22m[39m[INFO] ProjectManager initialized with 1 actions
[INFO] [Eve] Running role...

[90mstdout[2m | tests/roles/project-manager.test.ts[2m > [22m[2mProjectManager[2m > [22m[2mshould handle resource planning
[22m[39m[INFO] Running ProjectManagement action

 [31m鉂?[39m tests/roles/sales.test.ts [2m([22m[2m4 tests[22m[2m | [22m[31m2 failed[39m[2m)[22m[90m 17[2mms[22m[39m
   [32m鉁?[39m Sales[2m > [22mshould create a Sales instance
   [32m鉁?[39m Sales[2m > [22mshould use default values if not provided
[31m   [31m脳[31m Sales[2m > [22mshould handle a message and generate a response[90m 7[2mms[22m[31m[39m
[31m     鈫?expected 'Failed to search and summarize: TypeE鈥? to contain 'Processed response'[39m
[31m   [31m脳[31m Sales[2m > [22mshould use product knowledge base if provided[90m 2[2mms[22m[31m[39m
[31m     鈫?expected "spy" to be called at least once[39m
 [31m鉂?[39m tests/roles/customer-service.test.ts [2m([22m[2m6 tests[22m[2m | [22m[31m4 failed[39m[2m)[22m[90m 17[2mms[22m[39m
   [32m鉁?[39m CustomerService[2m > [22mshould create a CustomerService instance
   [32m鉁?[39m CustomerService[2m > [22mshould use default values if not provided
[31m   [31m脳[31m CustomerService[2m > [22mshould handle a customer inquiry and generate a response[90m 6[2mms[22m[31m[39m
[31m     鈫?expected "spy" to be called at least once[39m
[31m   [31m脳[31m CustomerService[2m > [22mshould use FAQ database if provided[90m 1[2mms[22m[31m[39m
[31m     鈫?expected "spy" to be called at least once[39m
[31m   [31m脳[31m CustomerService[2m > [22mshould use support templates if provided[90m 1[2mms[22m[31m[39m
[31m     鈫?expected "spy" to be called at least once[39m
[31m   [31m脳[31m CustomerService[2m > [22mshould include customer service principles in its behavior[90m 1[2mms[22m[31m[39m
[31m     鈫?expected "spy" to be called at least once[39m
[90mstdout[2m | tests/roles/project-manager.test.ts[2m > [22m[2mProjectManager[2m > [22m[2mshould ignore non-project related messages
[22m[39m[INFO] ProjectManager initialized with 1 actions
[INFO] [Eve] Running role...

[90mstdout[2m | tests/roles/project-manager.test.ts[2m > [22m[2mProjectManager[2m > [22m[2mshould ignore non-project related messages
[22m[39m[INFO] Running ProjectManagement action

 [31m鉂?[39m tests/roles/project-manager.test.ts [2m([22m[2m6 tests[22m[2m | [22m[31m4 failed[39m[2m)[22m[90m 21[2mms[22m[39m
   [32m鉁?[39m ProjectManager[2m > [22mshould create a ProjectManager instance
   [32m鉁?[39m ProjectManager[2m > [22mshould use default values if not provided
[31m   [31m脳[31m ProjectManager[2m > [22mshould handle project management messages[90m 8[2mms[22m[31m[39m
[31m     鈫?expected '{"Required packages":"Mock generated 鈥? to contain 'Task breakdown'[39m
[31m   [31m脳[31m ProjectManager[2m > [22mshould handle task dependency analysis[90m 3[2mms[22m[31m[39m
[31m     鈫?expected "spy" to be called at least once[39m
[31m   [31m脳[31m ProjectManager[2m > [22mshould handle resource planning[90m 2[2mms[22m[31m[39m
[31m     鈫?expected '{"Required packages":"Mock generated 鈥? to contain 'Resource plan'[39m
[31m   [31m脳[31m ProjectManager[2m > [22mshould ignore non-project related messages[90m 1[2mms[22m[31m[39m
[31m     鈫?expected "spy" to be called at least once[39m
 [31m鉂?[39m tests/memory.test.ts [2m([22m[2m0 test[22m[2m)[22m
 [31m鉂?[39m tests/websocket/browser-client.test.ts [2m([22m[2m0 test[22m[2m)[22m
 [31m鉂?[39m tests/websocket/websocket.test.ts [2m([22m[2m0 test[22m[2m)[22m
 [31m鉂?[39m tests/provider/bailian-llm.test.ts [2m([22m[2m0 test[22m[2m)[22m
 [31m鉂?[39m tests/llm.test.ts [2m([22m[2m0 test[22m[2m)[22m
 [31m鉂?[39m tests/utils/yaml.test.ts [2m([22m[2m0 test[22m[2m)[22m
 [31m鉂?[39m tests/utils.test.ts [2m([22m[2m0 test[22m[2m)[22m
 [31m鉂?[39m tests/roles/researcher.test.ts [2m([22m[2m4 tests[22m[2m | [22m[31m2 failed[39m[2m)[22m[33m 10025[2mms[22m[39m
   [32m鉁?[39m Researcher[2m > [22mshould create a Researcher instance
   [32m鉁?[39m Researcher[2m > [22mshould determine topic type correctly
[31m   [31m脳[31m Researcher[2m > [22mshould execute research and return results[90m 7[2mms[22m[31m[39m
[31m     鈫?Failed to get response from LLM[39m
[31m   [31m脳[31m Researcher[2m > [22mshould think and set todo action[33m 10010[2mms[22m[31m[39m
[31m     鈫?Test timed out in 10000ms.
If this is a long-running test, pass a timeout value as the last argument or configure it globally with "testTimeout".[39m

[31m鈳幆鈳幆鈳幆[1m[7m Failed Suites 31 [27m[22m鈳幆鈳幆鈳幆[39m

[31m[1m[7m FAIL [27m[22m[39m tests/actions.test.ts[2m [ tests/actions.test.ts ][22m
[31m[1m[7m FAIL [27m[22m[39m tests/config.test.ts[2m [ tests/config.test.ts ][22m
[31m[1m[7m FAIL [27m[22m[39m tests/llm.test.ts[2m [ tests/llm.test.ts ][22m
[31m[1m[7m FAIL [27m[22m[39m tests/rag.test.ts[2m [ tests/rag.test.ts ][22m
[31m[1m[7m FAIL [27m[22m[39m tests/roles.test.ts[2m [ tests/roles.test.ts ][22m
[31m[1m[7m FAIL [27m[22m[39m tests/skills.test.ts[2m [ tests/skills.test.ts ][22m
[31m[1m[7m FAIL [27m[22m[39m tests/team.test.ts[2m [ tests/team.test.ts ][22m
[31m[1m[7m FAIL [27m[22m[39m tests/tools.test.ts[2m [ tests/tools.test.ts ][22m
[31m[1m[7m FAIL [27m[22m[39m tests/utils.test.ts[2m [ tests/utils.test.ts ][22m
[31m[1m[7m FAIL [27m[22m[39m tests/config/config.test.ts[2m [ tests/config/config.test.ts ][22m
[31m[1m[7m FAIL [27m[22m[39m tests/memory/memory.test.ts[2m [ tests/memory/memory.test.ts ][22m
[31m[1m[7m FAIL [27m[22m[39m tests/plugin/plugin.test.ts[2m [ tests/plugin/plugin.test.ts ][22m
[31m[1m[7m FAIL [27m[22m[39m tests/provider/bailian-llm.test.ts[2m [ tests/provider/bailian-llm.test.ts ][
22m
[31m[1m[7m FAIL [27m[22m[39m tests/roles/qa-engineer.test.ts[2m [ tests/roles/qa-engineer.test.ts ][22m
[31m[1m[7m FAIL [27m[22m[39m tests/types/message.test.ts[2m [ tests/types/message.test.ts ][22m
[31m[1m[7m FAIL [27m[22m[39m tests/utils/yaml.test.ts[2m [ tests/utils/yaml.test.ts ][22m
[31m[1m[7m FAIL [27m[22m[39m tests/workflow/sequence-executor.test.ts[2m [ tests/workflow/sequence-executor
.test.ts ][22m
[31m[1mError[22m: Failed to load url bun:test (resolved id: bun:test). Does the file exist?[39m
[90m [2m鉂?[22m loadAndTransform node_modules/vite/dist/node/chunks/dep-ByPKlqZ5.js:[2m41308:17[22m[39m

[31m[2m鈳幆鈳幆鈳幆鈳幆鈳幆鈳幆鈳幆鈳幆鈳幆鈳幆鈳幆鈳痆1/90]鈳?[22m[39m

[31m[1m[7m FAIL [27m[22m[39m tests/memory.test.ts[2m [ tests/memory.test.ts ][22m
[31m[1m[7m FAIL [27m[22m[39m tests/benchmark/performance.test.ts[2m [ tests/benchmark/performance.test.ts ]
[22m
[31m[1m[7m FAIL [27m[22m[39m tests/config/config-loader.test.ts[2m [ tests/config/config-loader.test.ts ][
22m
[31m[1m[7m FAIL [27m[22m[39m tests/monitoring/monitoring.test.ts[2m [ tests/monitoring/monitoring.test.ts ]
[22m
[31m[1m[7m FAIL [27m[22m[39m tests/roles/architect.test.ts[2m [ tests/roles/architect.test.ts ][22m
[31m[1m[7m FAIL [27m[22m[39m tests/roles/base-role.test.ts[2m [ tests/roles/base-role.test.ts ][22m
[31m[1m[7m FAIL [27m[22m[39m tests/types/document.test.ts[2m [ tests/types/document.test.ts ][22m
[31m[1m[7m FAIL [27m[22m[39m tests/websocket/websocket.test.ts[2m [ tests/websocket/websocket.test.ts ][22
m
[31m[1m[7m FAIL [27m[22m[39m tests/workflow/parallel-executor.test.ts[2m [ tests/workflow/parallel-executor
.test.ts ][22m
[31m[1mError[22m: Failed to load url bun:test (resolved id: bun:test). Does the file exist?[39m
[90m [2m鉂?[22m loadAndTransform node_modules/vite/dist/node/chunks/dep-ByPKlqZ5.js:[2m41308:17[22m[39m

[31m[2m鈳幆鈳幆鈳幆鈳幆鈳幆鈳幆鈳幆鈳幆鈳幆鈳幆鈳幆鈳痆2/90]鈳?[22m[39m

[31m[1m[7m FAIL [27m[22m[39m tests/workflow.test.ts[2m [ tests/workflow.test.ts ][22m
[31m[1mError[22m: Failed to load url bun:test (resolved id: bun:test). Does the file exist?[39m
[90m [2m鉂?[22m loadAndTransform node_modules/vite/dist/node/chunks/dep-ByPKlqZ5.js:[2m41308:17[22m[39m

[31m[2m鈳幆鈳幆鈳幆鈳幆鈳幆鈳幆鈳幆鈳幆鈳幆鈳幆鈳幆鈳痆3/90]鈳?[22m[39m

[31m[1m[7m FAIL [27m[22m[39m tests/e2e/workflow.test.ts[2m [ tests/e2e/workflow.test.ts ][22m
[31m[1mError[22m: No test suite found in file D:/cursor/MetaGPT/metagpt-ts/tests/e2e/workflow.test.ts[39m
[31m[2m鈳幆鈳幆鈳幆鈳幆鈳幆鈳幆鈳幆鈳幆鈳幆鈳幆鈳幆鈳痆4/90]鈳?[22m[39m

[31m[1m[7m FAIL [27m[22m[39m tests/management/team-collaboration.test.ts[2m [ tests/management/team-collabo
ration.test.ts ][22m
[31m[1mTypeError[22m: Cannot read properties of undefined (reading 'name')[39m
[90m [2m鉂?[22m Object.instanceOfType [as instanceof] node_modules/zod/lib/index.mjs:[2m4243:43[22m[39m
[36m [2m鉂?[22m src/types/team.ts:[2m18:14[22m[39m
    [90m 16| [39m  idea[33m:[39m z[33m.[39m[34mstring[39m()[33m.[39m[35mdefault[39m([32m''[39m)[33m
,[39m
    [90m 17| [39m  [90m/** Team context */[39m
    [90m 18| [39m  context[33m:[39m z[33m.[39m[35minstanceof[39m([33mContext[39m)[33m.[39m[34moptiona
l[39m()[33m,[39m
    [90m   | [39m             [31m^[39m
    [90m 19| [39m  [90m/** Team roles */[39m
    [90m 20| [39m  roles[33m:[39m z[33m.[39m[34marray[39m(z[33m.[39m[35minstanceof[39m([33mRole[39m)
)[33m.[39m[34moptional[39m()[33m,[39m
[90m [2m鉂?[22m src/management/team.ts:[2m6:1[22m[39m

[31m[2m鈳幆鈳幆鈳幆鈳幆鈳幆鈳幆鈳幆鈳幆鈳幆鈳幆鈳幆鈳痆5/90]鈳?[22m[39m

[31m[1m[7m FAIL [27m[22m[39m tests/rag/rag-system.test.ts[2m [ tests/rag/rag-system.test.ts ][22m
[31m[1mError[22m: Do not import `@jest/globals` outside of the Jest test environment[39m
[90m [2m鉂?[22m Object.<anonymous> node_modules/@jest/globals/build/index.js:[2m12:7[22m[39m

[31m[2m鈳幆鈳幆鈳幆鈳幆鈳幆鈳幆鈳幆鈳幆鈳幆鈳幆鈳幆鈳痆6/90]鈳?[22m[39m

[31m[1m[7m FAIL [27m[22m[39m tests/websocket/browser-client.test.ts[2m [ tests/websocket/browser-client.tes
t.ts ][22m
[31m[1mError[22m: No test suite found in file D:/cursor/MetaGPT/metagpt-ts/tests/websocket/browser-client.test.
ts[39m
[31m[2m鈳幆鈳幆鈳幆鈳幆鈳幆鈳幆鈳幆鈳幆鈳幆鈳幆鈳幆鈳痆7/90]鈳?[22m[39m


[31m鈳幆鈳幆鈳幆[1m[7m Failed Tests 59 [27m[22m鈳幆鈳幆鈳幆鈳?[39m

[31m[1m[7m FAIL [27m[22m[39m tests/actions/debug-error.test.ts[2m > [22mDebugError[2m > [22mshould handl
e LLM response parsing error
[31m[1mAssertionError[22m: expected 'failed' to be 'completed' // Object.is equality[39m

Expected: [32m"[7mcomplet[27med"[39m
Received: [31m"[7mfail[27med"[39m

[36m [2m鉂?[22m tests/actions/debug-error.test.ts:[2m134:27[22m[39m
    [90m132| [39m
    [90m133| [39m    [90m// Verify fallback behavior[39m
    [90m134| [39m    [34mexpect[39m(result[33m.[39mstatus)[33m.[39m[34mtoBe[39m([32m'completed'[39m)[
33m;[39m
    [90m   | [39m                          [31m^[39m
    [90m135| [39m    [34mexpect[39m(result[33m.[39mcontent)[33m.[39m[34mtoContain[39m([32m'Error Analys
is'[39m)[33m;[39m
    [90m136| [39m    [34mexpect[39m(result[33m.[39mcontent)[33m.[39m[34mtoContain[39m([32m'SyntaxError:
 Unexpected token'[39m)[33m;[39m

[31m[2m鈳幆鈳幆鈳幆鈳幆鈳幆鈳幆鈳幆鈳幆鈳幆鈳幆鈳幆鈳痆8/90]鈳?[22m[39m

[31m[1m[7m FAIL [27m[22m[39m tests/actions/debug-error.test.ts[2m > [22mDebugError[2m > [22mshould handl
e missing fields in LLM response
[31m[1mAssertionError[22m: expected 'failed' to be 'completed' // Object.is equality[39m

Expected: [32m"[7mcomplet[27med"[39m
Received: [31m"[7mfail[27med"[39m

[36m [2m鉂?[22m tests/actions/debug-error.test.ts:[2m162:27[22m[39m
    [90m160| [39m
    [90m161| [39m    [90m// Verify default values are used[39m
    [90m162| [39m    [34mexpect[39m(result[33m.[39mstatus)[33m.[39m[34mtoBe[39m([32m'completed'[39m)[
33m;[39m
    [90m   | [39m                          [31m^[39m
    [90m163| [39m    expect(result.content).toContain('ReferenceError: x is not defined鈥?    [90m164| [39m    
[34mexpect[39m(result[33m.[39mcontent)[33m.[39m[34mtoContain[39m([32m'Type: REFERENCE'[39m)[33m;[39m

[31m[2m鈳幆鈳幆鈳幆鈳幆鈳幆鈳幆鈳幆鈳幆鈳幆鈳幆鈳幆鈳痆9/90]鈳?[22m[39m

[31m[1m[7m FAIL [27m[22m[39m tests/actions/debug-error.test.ts[2m > [22mDebugError[2m > [22mshould handl
e different error types and severities
[31m[1mAssertionError[22m: expected 'failed' to be 'completed' // Object.is equality[39m

Expected: [32m"[7mcomplet[27med"[39m
Received: [31m"[7mfail[27med"[39m

[36m [2m鉂?[22m tests/actions/debug-error.test.ts:[2m231:27[22m[39m
    [90m229| [39m
    [90m230| [39m    [90m// Verify error type and severity handling[39m
    [90m231| [39m    [34mexpect[39m(result[33m.[39mstatus)[33m.[39m[34mtoBe[39m([32m'completed'[39m)[
33m;[39m
    [90m   | [39m                          [31m^[39m
    [90m232| [39m    [34mexpect[39m(result[33m.[39mcontent)[33m.[39m[34mtoContain[39m([32m'# Error Anal
ysis'[39m)[33m;[39m
    [90m233| [39m    [34mexpect[39m(result[33m.[39mcontent)[33m.[39m[34mtoContain[39m([32m'Type: MEMORY
'[39m)[33m;[39m

[31m[2m鈳幆鈳幆鈳幆鈳幆鈳幆鈳幆鈳幆鈳幆鈳幆鈳幆鈳幆[10/90]鈳?[22m[39m

[31m[1m[7m FAIL [27m[22m[39m tests/actions/debug-error.test.ts[2m > [22mDebugError[2m > [22mshould valid
ate fixes and provide execution results
[31m[1mAssertionError[22m: expected 'failed' to be 'completed' // Object.is equality[39m

Expected: [32m"[7mcomplet[27med"[39m
Received: [31m"[7mfail[27med"[39m

[36m [2m鉂?[22m tests/actions/debug-error.test.ts:[2m293:27[22m[39m
    [90m291| [39m
    [90m292| [39m    [90m// Verify validation results[39m
    [90m293| [39m    [34mexpect[39m(result[33m.[39mstatus)[33m.[39m[34mtoBe[39m([32m'completed'[39m)[
33m;[39m
    [90m   | [39m                          [31m^[39m
    [90m294| [39m    [34mexpect[39m(result[33m.[39mcontent)[33m.[39m[34mtoContain[39m([32m'## Validatio
n Results'[39m)[33m;[39m
    [90m295| [39m    expect(result.content).toContain('鉁?**The issue has been fixed!**'鈥?
[31m[2m鈳幆鈳幆鈳幆鈳幆鈳幆鈳幆鈳幆鈳幆鈳幆鈳幆鈳幆[11/90]鈳?[22m[39m

[31m[1m[7m FAIL [27m[22m[39m tests/actions/execute-task.test.ts[2m > [22mExecuteTask[2m > [22mshould fai
l when no LLM provider is set
[31m[1mAssertionError[22m: expected 'Error executing task: Error: [Execute鈥? to contain 'Failed to execute task
'[39m

Expected: [32m"Failed to execute task"[39m
Received: [31m"Error executing task: Error: [ExecuteTask] No LLM provider set for action"[39m

[36m [2m鉂?[22m tests/actions/execute-task.test.ts:[2m111:28[22m[39m
    [90m109| [39m    [90m// Verify that the action fails with appropriate message[39m
    [90m110| [39m    [34mexpect[39m(result[33m.[39mstatus)[33m.[39m[34mtoBe[39m([32m'failed'[39m)[33m
;[39m
    [90m111| [39m    [34mexpect[39m(result[33m.[39mcontent)[33m.[39m[34mtoContain[39m([32m'Failed to ex
ecute task'[39m)[33m;[39m
    [90m   | [39m                           [31m^[39m
    [90m112| [39m  })[33m;[39m
    [90m113| [39m

[31m[2m鈳幆鈳幆鈳幆鈳幆鈳幆鈳幆鈳幆鈳幆鈳幆鈳幆鈳幆[12/90]鈳?[22m[39m

[31m[1m[7m FAIL [27m[22m[39m tests/actions/execute-task.test.ts[2m > [22mExecuteTask[2m > [22mshould exe
cute a data analysis task successfully
[31m[1mAssertionError[22m: expected 'failed' to be 'completed' // Object.is equality[39m

Expected: [32m"[7mcomplet[27med"[39m
Received: [31m"[7mfail[27med"[39m

[36m [2m鉂?[22m tests/actions/execute-task.test.ts:[2m134:27[22m[39m
    [90m132| [39m    
    [90m133| [39m    [90m// Verify the task execution result[39m
    [90m134| [39m    [34mexpect[39m(result[33m.[39mstatus)[33m.[39m[34mtoBe[39m([32m'completed'[39m)[
33m;[39m
    [90m   | [39m                          [31m^[39m
    [90m135| [39m    [34mexpect[39m(result[33m.[39mcontent)[33m.[39m[34mtoContain[39m([32m'Data analysi
s completed'[39m)[33m;[39m
    [90m136| [39m    [34mexpect[39m(result[33m.[39minstructContent)[33m.[39m[34mtoBeDefined[39m()[33m;
[39m

[31m[2m鈳幆鈳幆鈳幆鈳幆鈳幆鈳幆鈳幆鈳幆鈳幆鈳幆鈳幆[13/90]鈳?[22m[39m

[31m[1m[7m FAIL [27m[22m[39m tests/actions/execute-task.test.ts[2m > [22mExecuteTask[2m > [22mshould exe
cute a general task using instruction parameter
[31m[1mAssertionError[22m: expected 'failed' to be 'completed' // Object.is equality[39m

Expected: [32m"[7mcomplet[27med"[39m
Received: [31m"[7mfail[27med"[39m

[36m [2m鉂?[22m tests/actions/execute-task.test.ts:[2m157:27[22m[39m
    [90m155| [39m    
    [90m156| [39m    [90m// Verify the task execution result[39m
    [90m157| [39m    [34mexpect[39m(result[33m.[39mstatus)[33m.[39m[34mtoBe[39m([32m'completed'[39m)[
33m;[39m
    [90m   | [39m                          [31m^[39m
    [90m158| [39m    expect(result.content).toContain('Successfully executed the genera鈥?    [90m159| [39m    
[34mexpect[39m(result[33m.[39minstructContent)[33m.[39m[34mtoBeDefined[39m()[33m;[39m

[31m[2m鈳幆鈳幆鈳幆鈳幆鈳幆鈳幆鈳幆鈳幆鈳幆鈳幆鈳幆[14/90]鈳?[22m[39m

[31m[1m[7m FAIL [27m[22m[39m tests/actions/execute-task.test.ts[2m > [22mExecuteTask[2m > [22mshould han
dle invalid response format gracefully
[31m[1mAssertionError[22m: expected 'Failed to parse response: Default res鈥? to contain 'This is an invalid res
ponse'[39m

Expected: [32m"[7mThis is an invalid[27m response"[39m
Received: [31m"[7mFailed to parse response: Default[27m response[7m...[27m"[39m

[36m [2m鉂?[22m tests/actions/execute-task.test.ts:[2m206:28[22m[39m
    [90m204| [39m    [90m// Verify error handling[39m
    [90m205| [39m    [34mexpect[39m(result[33m.[39mstatus)[33m.[39m[34mtoBe[39m([32m'failed'[39m)[33m
;[39m
    [90m206| [39m    [34mexpect[39m(result[33m.[39mcontent)[33m.[39m[34mtoContain[39m([32m'This is an i
nvalid response'[39m)[33m;[39m
    [90m   | [39m                           [31m^[39m
    [90m207| [39m    
    [90m208| [39m    [90m// Verify task status is updated[39m

[31m[2m鈳幆鈳幆鈳幆鈳幆鈳幆鈳幆鈳幆鈳幆鈳幆鈳幆鈳幆[15/90]鈳?[22m[39m

[31m[1m[7m FAIL [27m[22m[39m tests/actions/execute-task.test.ts[2m > [22mExecuteTask[2m > [22mshould han
dle task timeout correctly
[31m[1mReferenceError[22m: window is not defined[39m
[36m [2m鉂?[22m tests/actions/execute-task.test.ts:[2m217:14[22m[39m
    [90m215| [39m  [34mit[39m([32m'should handle task timeout correctly'[39m[33m,[39m [35masync[39m () 
[33m=>[39m {
    [90m216| [39m    [90m// Mock setTimeout to trigger immediately[39m
    [90m217| [39m    vi.spyOn(window, 'setTimeout').mockImplementation((callback: any) 鈥?    [90m   | [39m    
         [31m^[39m
    [90m218| [39m      [34mcallback[39m()[33m;[39m
    [90m219| [39m      [35mreturn[39m [34m123[39m [35mas[39m any[33m;[39m

[31m[2m鈳幆鈳幆鈳幆鈳幆鈳幆鈳幆鈳幆鈳幆鈳幆鈳幆鈳幆[16/90]鈳?[22m[39m

[31m[1m[7m FAIL [27m[22m[39m tests/actions/fix-bug.test.ts[2m > [22mFixBug[2m > [22mshould execute all n
odes and return complete bug fix plan
[31m[1mAssertionError[22m: expected '[]' to contain 'undefined object'[39m

Expected: [32m"undefined object"[39m
Received: [31m"[]"[39m

[36m [2m鉂?[22m tests/actions/fix-bug.test.ts:[2m109:37[22m[39m
    [90m107| [39m    
    [90m108| [39m    [35mconst[39m content [33m=[39m [33mJSON[39m[33m.[39m[34mparse[39m(result[33m.[
39mcontent)[33m;[39m
    [90m109| [39m    [34mexpect[39m(content[[32m'Bug Analysis'[39m])[33m.[39m[34mtoContain[39m([32m'und
efined object'[39m)[33m;[39m
    [90m   | [39m                                    [31m^[39m
    [90m110| [39m    [34mexpect[39m(content[[32m'Possible Causes'[39m])[33m.[39m[34mtoEqual[39m([
    [90m111| [39m      [32m'Missing null check before accessing properties'[39m[33m,[39m

[31m[2m鈳幆鈳幆鈳幆鈳幆鈳幆鈳幆鈳幆鈳幆鈳幆鈳幆鈳幆[17/90]鈳?[22m[39m

[31m[1m[7m FAIL [27m[22m[39m tests/actions/fix-bug.test.ts[2m > [22mFixBug[2m > [22mshould handle parsin
g errors gracefully
[31m[1mAssertionError[22m: expected [] to be 'This is not valid JSON' // Object.is equality[39m

[32m- Expected:[39m 
"This is not valid JSON"

[31m+ Received:[39m 
[]

[36m [2m鉂?[22m tests/actions/fix-bug.test.ts:[2m208:40[22m[39m
    [90m206| [39m    [35mconst[39m content [33m=[39m [33mJSON[39m[33m.[39m[34mparse[39m(result[33m.[
39mcontent)[33m;[39m
    [90m207| [39m    [90m// The raw text should be returned for nodes with parsing errors[39m
    [90m208| [39m    [34mexpect[39m(content[[32m'Possible Causes'[39m])[33m.[39m[34mtoBe[39m([32m'This 
is not valid JSON'[39m)[33m;[39m
    [90m   | [39m                                       [31m^[39m
    [90m209| [39m    [34mexpect[39m(content[[32m'Code Changes'[39m])[33m.[39m[34mtoBe[39m([32m'Also not
 valid JSON'[39m)[33m;[39m
    [90m210| [39m  })[33m;[39m

[31m[2m鈳幆鈳幆鈳幆鈳幆鈳幆鈳幆鈳幆鈳幆鈳幆鈳幆鈳幆[18/90]鈳?[22m[39m

[31m[1m[7m FAIL [27m[22m[39m tests/actions/generate-questions.test.ts[2m > [22mGenerateQuestions[2m > [2
2mshould execute all nodes and return formatted questions
[31m[1mAssertionError[22m: expected '# Generated Questions\n\n## Content A鈥? to contain 'What are the three mai
n ethical conce鈥?[39m

[32m- Expected[39m
[31m+ Received[39m

[32m- What are the three main ethical concerns in AI[39m
[31m+ # Generated Questions[39m
[31m+[39m
[31m+ ## Content Analysis[39m
[31m+ [][39m
[31m+[39m
[31m+ ## Factual Questions[39m
[31m+[39m
[31m+ ## Conceptual Questions[39m
[31m+[39m
[31m+ ## Application Questions[39m
[31m+[39m
[31m+ ## Critical Thinking Questions[39m
[31m+[39m
[31m+ ## Discussion Prompts[39m
[31m+[39m
[31m+ ## Question Organization[39m
[31m+ ### Categories[39m
[31m+[39m
[31m+ ### Suggested Progression[39m
[31m+ undefined[39m
[31m+[39m
[31m+ ### Recommendations[39m
[31m+[39m

[36m [2m鉂?[22m tests/actions/generate-questions.test.ts:[2m138:28[22m[39m
    [90m136| [39m    
    [90m137| [39m    [90m// Check for specific question content[39m
    [90m138| [39m    expect(result.content).toContain('What are the three main ethical 鈥?    [90m   | [39m    
                       [31m^[39m
    [90m139| [39m    expect(result.content).toContain('How does the concept of fairness鈥?    [90m140| [39m  })
[33m;[39m

[31m[2m鈳幆鈳幆鈳幆鈳幆鈳幆鈳幆鈳幆鈳幆鈳幆鈳幆鈳幆[19/90]鈳?[22m[39m

[31m[1m[7m FAIL [27m[22m[39m tests/actions/generate-questions.test.ts[2m > [22mGenerateQuestions[2m > [2
2mshould extract content from message if provided
[31m[1mAssertionError[22m: expected '[]' to contain 'artificial intelligence ethics'[39m

Expected: [32m"artificial intelligence ethics"[39m
Received: [31m"[]"[39m

[36m [2m鉂?[22m tests/actions/generate-questions.test.ts:[2m177:56[22m[39m
    [90m175| [39m    [34mexpect[39m(result[33m.[39mstatus)[33m.[39m[34mtoBe[39m([32m'completed'[39m)[
33m;[39m
    [90m176| [39m    [90m// Content analysis should be called with appropriate content[39m
    [90m177| [39m    expect(result.instructContent['Content Analysis']).toContain('arti鈥?    [90m   | [39m    
                                                   [31m^[39m
    [90m178| [39m  })[33m;[39m
    [90m179| [39m

[31m[2m鈳幆鈳幆鈳幆鈳幆鈳幆鈳幆鈳幆鈳幆鈳幆鈳幆鈳幆[20/90]鈳?[22m[39m

[31m[1m[7m FAIL [27m[22m[39m tests/actions/generate-questions.test.ts[2m > [22mGenerateQuestions[2m > [2
2mshould handle errors during node execution
[31m[1mAssertionError[22m: expected "handleException" to be called at least once[39m
[36m [2m鉂?[22m tests/actions/generate-questions.test.ts:[2m206:32[22m[39m
    [90m204| [39m    
    [90m205| [39m    [90m// Verify that handleException was called[39m
    [90m206| [39m    [34mexpect[39m(handleExceptionSpy)[33m.[39m[34mtoHaveBeenCalled[39m()[33m;[39m
    [90m   | [39m                               [31m^[39m
    [90m207| [39m    
    [90m208| [39m    [90m// The action should fail due to error[39m

[31m[2m鈳幆鈳幆鈳幆鈳幆鈳幆鈳幆鈳幆鈳幆鈳幆鈳幆鈳幆[21/90]鈳?[22m[39m

[31m[1m[7m FAIL [27m[22m[39m tests/actions/generate-questions.test.ts[2m > [22mGenerateQuestions[2m > [2
2mshould handle parsing errors gracefully
[31m[1mAssertionError[22m: expected [] to be 'This is not valid JSON' // Object.is equality[39m

[32m- Expected:[39m 
"This is not valid JSON"

[31m+ Received:[39m 
[]

[36m [2m鉂?[22m tests/actions/generate-questions.test.ts:[2m241:57[22m[39m
    [90m239| [39m    
    [90m240| [39m    [90m// Check that raw text is returned for nodes with parsing errors[39m
    [90m241| [39m    expect(result.instructContent['Factual Questions']).toBe('This is 鈥?    [90m   | [39m    
                                                    [31m^[39m
    [90m242| [39m    expect(result.instructContent['Conceptual Questions']).toBe('Also 鈥?    [90m243| [39m  })
[33m;[39m

[31m[2m鈳幆鈳幆鈳幆鈳幆鈳幆鈳幆鈳幆鈳幆鈳幆鈳幆鈳幆[22/90]鈳?[22m[39m

[31m[1m[7m FAIL [27m[22m[39m tests/actions/research.test.ts[2m > [22mResearch[2m > [22mshould perform re
search successfully
[31m[1mTypeError[22m: Cannot read properties of undefined (reading 'query')[39m
[36m [2m鉂?[22m tests/actions/research.test.ts:[2m147:20[22m[39m
    [90m145| [39m
    [90m146| [39m    [35mconst[39m content [33m=[39m result[33m.[39minstructContent [35mas[39m [33mRese
archResult[39m[33m;[39m
    [90m147| [39m    expect(content.query).toBe('Recent advances in solar energy techno鈥?    [90m   | [39m    
               [31m^[39m
    [90m148| [39m    [34mexpect[39m(content[33m.[39mtopic_type)[33m.[39m[34mtoBe[39m([33mResearchTopicT
ype[39m[33m.[39m[33mTECHNICAL[39m)[33m;[39m
    [90m149| [39m    [34mexpect[39m(content[33m.[39msources[33m.[39mlength)[33m.[39m[34mtoBeGreaterThan
[39m([34m0[39m)[33m;[39m

[31m[2m鈳幆鈳幆鈳幆鈳幆鈳幆鈳幆鈳幆鈳幆鈳幆鈳幆鈳幆[23/90]鈳?[22m[39m

[31m[1m[7m FAIL [27m[22m[39m tests/actions/research.test.ts[2m > [22mResearch[2m > [22mshould fail when 
no query is provided
[31m[1mError[22m: No research query provided. Please provide a topic or question to research.[39m
[36m [2m鉂?[22m Research.run src/actions/research.ts:[2m155:15[22m[39m
    [90m153| [39m      
    [90m154| [39m      [35mif[39m ([33m![39mquery) {
    [90m155| [39m        throw new Error('No research query provided. Please provide a 鈥?    [90m   | [39m    
          [31m^[39m
    [90m156| [39m      }
    [90m157| [39m
[90m [2m鉂?[22m tests/actions/research.test.ts:[2m160:35[22m[39m

[31m[2m鈳幆鈳幆鈳幆鈳幆鈳幆鈳幆鈳幆鈳幆鈳幆鈳幆鈳幆[24/90]鈳?[22m[39m

[31m[1m[7m FAIL [27m[22m[39m tests/actions/research.test.ts[2m > [22mResearch[2m > [22mshould validate r
esearch result structure
[31m[1mTypeError[22m: Cannot convert undefined or null to object[39m
[36m [2m鉂?[22m tests/actions/research.test.ts:[2m180:21[22m[39m
    [90m178| [39m
    [90m179| [39m    [90m// Validate required fields[39m
    [90m180| [39m    [34mexpect[39m(content)[33m.[39m[34mtoHaveProperty[39m([32m'query'[39m)[33m;[39m
    [90m   | [39m                    [31m^[39m
    [90m181| [39m    [34mexpect[39m(content)[33m.[39m[34mtoHaveProperty[39m([32m'topic_type'[39m)[33m;
[39m
    [90m182| [39m    [34mexpect[39m(content)[33m.[39m[34mtoHaveProperty[39m([32m'sources'[39m)[33m;[39
m

[31m[2m鈳幆鈳幆鈳幆鈳幆鈳幆鈳幆鈳幆鈳幆鈳幆鈳幆鈳幆[25/90]鈳?[22m[39m

[31m[1m[7m FAIL [27m[22m[39m tests/actions/research.test.ts[2m > [22mResearch[2m > [22mshould handle LLM
 errors gracefully
[31m[1mError[22m: LLM API error[39m
[36m [2m鉂?[22m tests/actions/research.test.ts:[2m193:44[22m[39m
    [90m191| [39m    [90m// Make LLM throw error[39m
    [90m192| [39m    mockLLM[33m.[39mchat[33m.[39m[34mmockRejectedValueOnce[39m([35mnew[39m [33mError[
39m([32m'LLM API error'[39m))[33m;[39m
    [90m193| [39m    mockLLM[33m.[39mgenerate[33m.[39m[34mmockRejectedValueOnce[39m([35mnew[39m [33mErr
or[39m([32m'LLM API error'[39m))[33m;[39m
    [90m   | [39m                                           [31m^[39m
    [90m194| [39m
    [90m195| [39m    [35mconst[39m research [33m=[39m [35mnew[39m [33mResearch[39m({

[31m[2m鈳幆鈳幆鈳幆鈳幆鈳幆鈳幆鈳幆鈳幆鈳幆鈳幆鈳幆[26/90]鈳?[22m[39m

[31m[1m[7m FAIL [27m[22m[39m tests/actions/research.test.ts[2m > [22mResearch[2m > [22mshould apply sour
ce reliability validation
[31m[1mTypeError[22m: Cannot read properties of undefined (reading 'limitations')[39m
[36m [2m鉂?[22m tests/actions/research.test.ts:[2m224:20[22m[39m
    [90m222| [39m    [35mconst[39m content [33m=[39m result[33m.[39minstructContent [35mas[39m [33mRese
archResult[39m[33m;[39m
    [90m223| [39m
    [90m224| [39m    [34mexpect[39m(content[33m.[39mlimitations)[33m.[39m[34mtoBeDefined[39m()[33m;[39
m
    [90m   | [39m                   [31m^[39m
    [90m225| [39m    [34mexpect[39m(content[33m.[39mlimitations[33m.[39m[34msome[39m(limitation [33m=>
[39m 
    [90m226| [39m      limitation.includes('sources have reliability below the requeste鈥?
[31m[2m鈳幆鈳幆鈳幆鈳幆鈳幆鈳幆鈳幆鈳幆鈳幆鈳幆鈳幆[27/90]鈳?[22m[39m

[31m[1m[7m FAIL [27m[22m[39m tests/actions/research.test.ts[2m > [22mResearch[2m > [22mshould check find
ings confidence and add warnings for low confidence
[31m[1mTypeError[22m: Cannot read properties of undefined (reading 'limitations')[39m
[36m [2m鉂?[22m tests/actions/research.test.ts:[2m243:20[22m[39m
    [90m241| [39m    [35mconst[39m content [33m=[39m result[33m.[39minstructContent [35mas[39m [33mRese
archResult[39m[33m;[39m
    [90m242| [39m
    [90m243| [39m    [34mexpect[39m(content[33m.[39mlimitations)[33m.[39m[34mtoBeDefined[39m()[33m;[39
m
    [90m   | [39m                   [31m^[39m
    [90m244| [39m    [34mexpect[39m(content[33m.[39mlimitations[33m.[39m[34msome[39m(limitation [33m=>
[39m 
    [90m245| [39m      limitation[33m.[39m[34mincludes[39m([32m'findings have low confidence'[39m)

[31m[2m鈳幆鈳幆鈳幆鈳幆鈳幆鈳幆鈳幆鈳幆鈳幆鈳幆鈳幆[28/90]鈳?[22m[39m

[31m[1m[7m FAIL [27m[22m[39m tests/actions/run-code.test.ts[2m > [22mRunCode[2m > [22mshould execute Jav
aScript code successfully
[31m[1mAssertionError[22m: expected 'failed' to be 'completed' // Object.is equality[39m

Expected: [32m"[7mcomplet[27med"[39m
Received: [31m"[7mfail[27med"[39m

[36m [2m鉂?[22m tests/actions/run-code.test.ts:[2m155:27[22m[39m
    [90m153| [39m
    [90m154| [39m    [90m// Verify result[39m
    [90m155| [39m    [34mexpect[39m(result[33m.[39mstatus)[33m.[39m[34mtoBe[39m([32m'completed'[39m)[
33m;[39m
    [90m   | [39m                          [31m^[39m
    [90m156| [39m    [34mexpect[39m(result[33m.[39mcontent)[33m.[39m[34mtoContain[39m([32m'Code Executi
on Result'[39m)[33m;[39m
    [90m157| [39m    [34mexpect[39m(result[33m.[39mcontent)[33m.[39m[34mtoContain[39m([32m'Hello, World
!'[39m)[33m;[39m

[31m[2m鈳幆鈳幆鈳幆鈳幆鈳幆鈳幆鈳幆鈳幆鈳幆鈳幆鈳幆[29/90]鈳?[22m[39m

[31m[1m[7m FAIL [27m[22m[39m tests/actions/run-code.test.ts[2m > [22mRunCode[2m > [22mshould handle exec
ution errors
[31m[1mAssertionError[22m: expected 'No messages available' to contain 'Error'[39m

Expected: [32m"Error"[39m
Received: [31m"No messages available"[39m

[36m [2m鉂?[22m tests/actions/run-code.test.ts:[2m184:28[22m[39m
    [90m182| [39m    [90m// Verify error handling[39m
    [90m183| [39m    [34mexpect[39m(result[33m.[39mstatus)[33m.[39m[34mtoBe[39m([32m'failed'[39m)[33m
;[39m
    [90m184| [39m    [34mexpect[39m(result[33m.[39mcontent)[33m.[39m[34mtoContain[39m([32m'Error'[39m)
[33m;[39m
    [90m   | [39m                           [31m^[39m
    [90m185| [39m    [34mexpect[39m(result[33m.[39mcontent)[33m.[39m[34mtoContain[39m([32m'ReferenceErr
or'[39m)[33m;[39m
    [90m186| [39m    [34mexpect[39m(result[33m.[39mcontent)[33m.[39m[34mtoContain[39m([32m'Exit Code: 1
'[39m)[33m;[39m

[31m[2m鈳幆鈳幆鈳幆鈳幆鈳幆鈳幆鈳幆鈳幆鈳幆鈳幆鈳幆[30/90]鈳?[22m[39m

[31m[1m[7m FAIL [27m[22m[39m tests/actions/run-code.test.ts[2m > [22mRunCode[2m > [22mshould respect exe
cution configuration options
[31m[1mAssertionError[22m: expected "spy" to be called with arguments: [ ObjectContaining{鈥 ][90m

Received: 

[1m  1st spy call:

[22m[2m  [[22m
[32m-   ObjectContaining {[90m
[32m-     "memoryLimit": 512,[90m
[31m+   {[90m
[31m+     "code": "Run this code with custom config",[90m
[31m+     "language": "javascript",[90m
[2m      "timeout": 5000,[22m
[32m-     "useContainer": true,[90m
[31m+     "workingDirectory": "D:\\cursor\\MetaGPT\\metagpt-ts",[90m
[2m    },[22m
[2m  ][22m
[31m[90m

Number of calls: [1m1[22m
[31m[39m
[36m [2m鉂?[22m tests/actions/run-code.test.ts:[2m220:48[22m[39m
    [90m218| [39m
    [90m219| [39m    [90m// Verify configuration was used[39m
    [90m220| [39m    [34mexpect[39m((customRunCode [35mas[39m any)[33m.[39mexecuteCode)[33m.[39m[34mtoH
aveBeenCalledWith[39m(
    [90m   | [39m                                               [31m^[39m
    [90m221| [39m      expect[33m.[39m[34mobjectContaining[39m({
    [90m222| [39m        timeout[33m:[39m [34m5000[39m[33m,[39m

[31m[2m鈳幆鈳幆鈳幆鈳幆鈳幆鈳幆鈳幆鈳幆鈳幆鈳幆鈳幆[31/90]鈳?[22m[39m

[31m[1m[7m FAIL [27m[22m[39m tests/actions/run-code.test.ts[2m > [22mRunCode[2m > [22mshould handle diff
erent programming languages
[31m[1mAssertionError[22m: expected 'failed' to be 'completed' // Object.is equality[39m

Expected: [32m"[7mcomplet[27med"[39m
Received: [31m"[7mfail[27med"[39m

[36m [2m鉂?[22m tests/actions/run-code.test.ts:[2m271:29[22m[39m
    [90m269| [39m
    [90m270| [39m      [90m// Verify language-specific handling[39m
    [90m271| [39m      [34mexpect[39m(result[33m.[39mstatus)[33m.[39m[34mtoBe[39m([32m'completed'[39m)
[33m;[39m
    [90m   | [39m                            [31m^[39m
    [90m272| [39m      [34mexpect[39m(result[33m.[39mcontent)[33m.[39m[34mtoContain[39m(testCase[33m.[
39moutput)[33m;[39m
    [90m273| [39m      [34mexpect[39m((runCode [35mas[39m any)[33m.[39mexecuteCode)[33m.[39m[34mtoHaveB
eenCalledWith[39m(

[31m[2m鈳幆鈳幆鈳幆鈳幆鈳幆鈳幆鈳幆鈳幆鈳幆鈳幆鈳幆[32/90]鈳?[22m[39m

[31m[1m[7m FAIL [27m[22m[39m tests/actions/run-code.test.ts[2m > [22mRunCode[2m > [22mshould clean up te
mporary files after execution
[31m[1mAssertionError[22m: expected "spy" to be called at least once[39m
[36m [2m鉂?[22m tests/actions/run-code.test.ts:[2m309:25[22m[39m
    [90m307| [39m
    [90m308| [39m    [90m// Verify cleanup was called[39m
    [90m309| [39m    [34mexpect[39m(mockCleanup)[33m.[39m[34mtoHaveBeenCalled[39m()[33m;[39m
    [90m   | [39m                        [31m^[39m
    [90m310| [39m  })[33m;[39m
    [90m311| [39m})[33m;[39m 

[31m[2m鈳幆鈳幆鈳幆鈳幆鈳幆鈳幆鈳幆鈳幆鈳幆鈳幆鈳幆[33/90]鈳?[22m[39m

[31m[1m[7m FAIL [27m[22m[39m tests/actions/search-and-summarize.test.ts[2m > [22mSearchAndSummarize[2m > 
[22mshould handle search with no results
[31m[1mAssertionError[22m: expected 'failed' to be 'completed' // Object.is equality[39m

Expected: [32m"[7mcomplet[27med"[39m
Received: [31m"[7mfail[27med"[39m

[36m [2m鉂?[22m tests/actions/search-and-summarize.test.ts:[2m149:27[22m[39m
    [90m147| [39m    
    [90m148| [39m    [90m// Verify the result[39m
    [90m149| [39m    [34mexpect[39m(result[33m.[39mstatus)[33m.[39m[34mtoBe[39m([32m'completed'[39m)[
33m;[39m
    [90m   | [39m                          [31m^[39m
    [90m150| [39m    expect(result.content).toContain('couldn\'t find any relevant info鈥?    [90m151| [39m  })
[33m;[39m

[31m[2m鈳幆鈳幆鈳幆鈳幆鈳幆鈳幆鈳幆鈳幆鈳幆鈳幆鈳幆[34/90]鈳?[22m[39m

[31m[1m[7m FAIL [27m[22m[39m tests/actions/summarize-code.test.ts[2m > [22mSummarizeCode[2m > [22mshould
 summarize code successfully
[31m[1mAssertionError[22m: expected '# Code Summary\n\n## Overview\n\nUser鈥? to contain 'Design Patterns'[39m

[32m- Expected[39m
[31m+ Received[39m

[32m- Design Patterns[39m
[31m+ # Code Summary[39m
[31m+[39m
[31m+ ## Overview[39m
[31m+[39m
[31m+ User Authentication Module[39m
[31m+[39m
[31m+ Handles user authentication and session management[39m
[31m+[39m
[31m+ Language: TypeScript[39m
[31m+ **Primary Purpose**: Manage user authentication flow[39m
[31m+ **Line Count**: 150[39m
[31m+ **Complexity**: MEDIUM[39m
[31m+[39m
[31m+ ## Components[39m
[31m+[39m
[31m+ ### AuthService[39m
[31m+ **Type**: CLASS[39m
[31m+ Main authentication service class[39m
[31m+[39m
[31m+ ## Functional Areas[39m
[31m+[39m
[31m+ ### Authentication[39m
[31m+ User login and session management[39m
[31m+[39m
[31m+ ## Relationships[39m
[31m+[39m
[31m+ ### Imports[39m
[31m+ @types/jwt, @types/bcrypt[39m
[31m+[39m
[31m+ ### Exports[39m
[31m+ AuthService, AuthConfig[39m
[31m+[39m
[31m+[39m

[36m [2m鉂?[22m tests/actions/summarize-code.test.ts:[2m186:28[22m[39m
    [90m184| [39m    [34mexpect[39m(result[33m.[39mcontent)[33m.[39m[34mtoContain[39m([32m'Components'
[39m)[33m;[39m
    [90m185| [39m    [34mexpect[39m(result[33m.[39mcontent)[33m.[39m[34mtoContain[39m([32m'AuthService'
[39m)[33m;[39m
    [90m186| [39m    [34mexpect[39m(result[33m.[39mcontent)[33m.[39m[34mtoContain[39m([32m'Design Patte
rns'[39m)[33m;[39m
    [90m   | [39m                           [31m^[39m
    [90m187| [39m    [34mexpect[39m(result[33m.[39mcontent)[33m.[39m[34mtoContain[39m([32m'Improvements
'[39m)[33m;[39m
    [90m188| [39m    [34mexpect[39m(result[33m.[39mcontent)[33m.[39m[34mtoContain[39m([32m'Documentatio
n'[39m)[33m;[39m

[31m[2m鈳幆鈳幆鈳幆鈳幆鈳幆鈳幆鈳幆鈳幆鈳幆鈳幆鈳幆[35/90]鈳?[22m[39m

[31m[1m[7m FAIL [27m[22m[39m tests/actions/summarize-code.test.ts[2m > [22mSummarizeCode[2m > [22mshould
 respect summary level configuration
[31m[1mAssertionError[22m: expected '# Code Summary\n\n## Overview\n\nBRIE鈥? to contain 'overview'[39m

[32m- Expected[39m
[31m+ Received[39m

[32m- overview[39m
[31m+ # Code Summary[39m
[31m+[39m
[31m+ ## Overview[39m
[31m+[39m
[31m+ BRIEF Summary[39m
[31m+[39m
[31m+ Test code[39m
[31m+[39m
[31m+ Language: TypeScript[39m
[31m+ **Primary Purpose**: Testing[39m
[31m+ **Line Count**: 100[39m
[31m+ **Complexity**: LOW[39m
[31m+[39m
[31m+ ## Components[39m
[31m+[39m
[31m+ ### TestComponent[39m
[31m+ **Type**: CLASS[39m
[31m+ Test component[39m
[31m+[39m
[31m+[39m

[36m [2m鉂?[22m tests/actions/summarize-code.test.ts:[2m316:32[22m[39m
    [90m314| [39m      [34mexpect[39m(result[33m.[39mstatus)[33m.[39m[34mtoBe[39m([32m'completed'[39m)
[33m;[39m
    [90m315| [39m      testCase[33m.[39mexpectedDetails[33m.[39m[34mforEach[39m(detail [33m=>[39m {
    [90m316| [39m        [34mexpect[39m(result[33m.[39mcontent)[33m.[39m[34mtoContain[39m(detail)[33m;
[39m
    [90m   | [39m                               [31m^[39m
    [90m317| [39m      })[33m;[39m
    [90m318| [39m    }
[90m [2m鉂?[22m tests/actions/summarize-code.test.ts:[2m315:32[22m[39m

[31m[2m鈳幆鈳幆鈳幆鈳幆鈳幆鈳幆鈳幆鈳幆鈳幆鈳幆鈳幆[36/90]鈳?[22m[39m

[31m[1m[7m FAIL [27m[22m[39m tests/actions/write-review.test.ts[2m > [22mWriteReview[2m > [22mshould gen
erate code review successfully
[31m[1mAssertionError[22m: expected '# Code Review\n\n## Summary\n\nNo cod鈥? to contain 'The code needs improve
ment in several鈥?[39m

[32m- Expected[39m
[31m+ Received[39m

[32m- The code needs improvement in several areas[39m
[31m+ # Code Review[39m
[31m+[39m
[31m+ ## Summary[39m
[31m+[39m
[31m+ No code provided for review[39m
[31m+[39m
[31m+ ## General Feedback[39m
[31m+[39m
[31m+ Please provide code content for a detailed review[39m
[31m+[39m
[31m+ ## Best Practices[39m
[31m+[39m
[31m+ - Ensure code is provided for review[39m
[31m+[39m
[31m+[39m

[36m [2m鉂?[22m tests/actions/write-review.test.ts:[2m119:28[22m[39m
    [90m117| [39m    [34mexpect[39m(result[33m.[39mcontent)[33m.[39m[34mtoContain[39m([32m'# Code Revie
w'[39m)[33m;[39m
    [90m118| [39m    [34mexpect[39m(result[33m.[39mcontent)[33m.[39m[34mtoContain[39m([32m'## Summary'
[39m)[33m;[39m
    [90m119| [39m    expect(result.content).toContain('The code needs improvement in se鈥?    [90m   | [39m    
                       [31m^[39m
    [90m120| [39m    [34mexpect[39m(result[33m.[39mcontent)[33m.[39m[34mtoContain[39m([32m'## Critical 
Issues'[39m)[33m;[39m
    [90m121| [39m    expect(result.content).toContain('Password is being stored in plai鈥?
[31m[2m鈳幆鈳幆鈳幆鈳幆鈳幆鈳幆鈳幆鈳幆鈳幆鈳幆鈳幆[37/90]鈳?[22m[39m

[31m[1m[7m FAIL [27m[22m[39m tests/actions/write-review.test.ts[2m > [22mWriteReview[2m > [22mshould han
dle LLM response parsing error
[31m[1mAssertionError[22m: expected '# Code Review\n\n## Summary\n\nNo cod鈥? to contain 'Unable to generate a c
omplete code re鈥?[39m

[32m- Expected[39m
[31m+ Received[39m

[32m- [7mUnable to generate a complete code[27m review[39m
[31m+ # Code Review[39m
[31m+[39m
[31m+ ## Summary[39m
[31m+[39m
[31m+ No code provided for review[39m
[31m+[39m
[31m+ ## General Feedback[39m
[31m+[39m
[31m+ Please provide code content for a detailed review[39m
[31m+[39m
[31m+ ## Best Practices[39m
[31m+[39m
[31m+ [7m- Ensure code is provided for[27m review[39m
[31m+[39m
[31m+[39m

[36m [2m鉂?[22m tests/actions/write-review.test.ts:[2m143:28[22m[39m
    [90m141| [39m    [34mexpect[39m(result[33m.[39mstatus)[33m.[39m[34mtoBe[39m([32m'completed'[39m)[
33m;[39m
    [90m142| [39m    [34mexpect[39m(result[33m.[39mcontent)[33m.[39m[34mtoContain[39m([32m'Code Review'
[39m)[33m;[39m
    [90m143| [39m    expect(result.content).toContain('Unable to generate a complete co鈥?    [90m   | [39m    
                       [31m^[39m
    [90m144| [39m    [34mexpect[39m(result[33m.[39mcontent)[33m.[39m[34mtoContain[39m([32m'Basic feedba
ck'[39m)[33m;[39m
    [90m145| [39m  })[33m;[39m

[31m[2m鈳幆鈳幆鈳幆鈳幆鈳幆鈳幆鈳幆鈳幆鈳幆鈳幆鈳幆[38/90]鈳?[22m[39m

[31m[1m[7m FAIL [27m[22m[39m tests/actions/write-review.test.ts[2m > [22mWriteReview[2m > [22mshould han
dle missing fields in LLM response
[31m[1mAssertionError[22m: expected '# Code Review\n\n## Summary\n\nNo cod鈥? to contain 'Partial code review'[
39m

[32m- Expected[39m
[31m+ Received[39m

[32m- [7mPartial code[27m review[39m
[31m+ # Code Review[39m
[31m+[39m
[31m+ ## Summary[39m
[31m+[39m
[31m+ No code provided for review[39m
[31m+[39m
[31m+ ## General Feedback[39m
[31m+[39m
[31m+ Please provide code content for a detailed review[39m
[31m+[39m
[31m+ ## Best Practices[39m
[31m+[39m
[31m+ [7m- Ensure code is provided for[27m review[39m
[31m+[39m
[31m+[39m

[36m [2m鉂?[22m tests/actions/write-review.test.ts:[2m165:28[22m[39m
    [90m163| [39m    [90m// Verify default values are used[39m
    [90m164| [39m    [34mexpect[39m(result[33m.[39mstatus)[33m.[39m[34mtoBe[39m([32m'completed'[39m)[
33m;[39m
    [90m165| [39m    [34mexpect[39m(result[33m.[39mcontent)[33m.[39m[34mtoContain[39m([32m'Partial code
 review'[39m)[33m;[39m
    [90m   | [39m                           [31m^[39m
    [90m166| [39m    [34mexpect[39m(result[33m.[39mcontent)[33m.[39m[34mtoContain[39m([32m'Limited feed
back available'[39m)[33m;[39m
    [90m167| [39m    [34mexpect[39m(result[33m.[39mcontent)[33m.[39m[34mtoContain[39m([32m'No specific 
issues found'[39m)[33m;[39m

[31m[2m鈳幆鈳幆鈳幆鈳幆鈳幆鈳幆鈳幆鈳幆鈳幆鈳幆鈳幆[39/90]鈳?[22m[39m

[31m[1m[7m FAIL [27m[22m[39m tests/actions/write-review.test.ts[2m > [22mWriteReview[2m > [22mshould gro
up comments by severity correctly
[31m[1mAssertionError[22m: expected '# Code Review\n\n## Summary\n\nNo cod鈥? to contain '## Critical Issues'[3
9m

[32m- Expected[39m
[31m+ Received[39m

[32m- #[7m# Critical Issues[27m[39m
[31m+ #[7m Code Review[27m[39m
[31m+[39m
[31m+ ## Summary[39m
[31m+[39m
[31m+ No code provided for review[39m
[31m+[39m
[31m+ ## General Feedback[39m
[31m+[39m
[31m+ Please provide code content for a detailed review[39m
[31m+[39m
[31m+ ## Best Practices[39m
[31m+[39m
[31m+ - Ensure code is provided for review[39m
[31m+[39m
[31m+[39m

[36m [2m鉂?[22m tests/actions/write-review.test.ts:[2m216:28[22m[39m
    [90m214| [39m    [90m// Verify severity grouping[39m
    [90m215| [39m    [34mexpect[39m(result[33m.[39mstatus)[33m.[39m[34mtoBe[39m([32m'completed'[39m)[
33m;[39m
    [90m216| [39m    [34mexpect[39m(result[33m.[39mcontent)[33m.[39m[34mtoContain[39m([32m'## Critical 
Issues'[39m)[33m;[39m
    [90m   | [39m                           [31m^[39m
    [90m217| [39m    [34mexpect[39m(result[33m.[39mcontent)[33m.[39m[34mtoContain[39m([32m'Critical sec
urity issue'[39m)[33m;[39m
    [90m218| [39m    [34mexpect[39m(result[33m.[39mcontent)[33m.[39m[34mtoContain[39m([32m'Critical per
formance issue'[39m)[33m;[39m

[31m[2m鈳幆鈳幆鈳幆鈳幆鈳幆鈳幆鈳幆鈳幆鈳幆鈳幆鈳幆[40/90]鈳?[22m[39m

[31m[1m[7m FAIL [27m[22m[39m tests/actions/write-test.test.ts[2m > [22mWriteTest Action[2m > [22mshould 
generate tests when given code
[31m[1mAssertionError[22m: expected 'failed' to be 'completed' // Object.is equality[39m

Expected: [32m"[7mcomplet[27med"[39m
Received: [31m"[7mfail[27med"[39m

[36m [2m鉂?[22m tests/actions/write-test.test.ts:[2m63:27[22m[39m
    [90m 61| [39m    
    [90m 62| [39m    [90m// Verify the result[39m
    [90m 63| [39m    [34mexpect[39m(result[33m.[39mstatus)[33m.[39m[34mtoBe[39m([32m'completed'[39m)[
33m;[39m
    [90m   | [39m                          [31m^[39m
    [90m 64| [39m    [34mexpect[39m(result[33m.[39mcontent)[33m.[39m[34mtoContain[39m([32m'Mocked test 
code'[39m)[33m;[39m
    [90m 65| [39m    [34mexpect[39m(mockLLM[33m.[39mchat)[33m.[39m[34mtoHaveBeenCalled[39m()[33m;[39m

[31m[2m鈳幆鈳幆鈳幆鈳幆鈳幆鈳幆鈳幆鈳幆鈳幆鈳幆鈳幆[41/90]鈳?[22m[39m

[31m[1m[7m FAIL [27m[22m[39m tests/document/document-store.test.ts[2m > [22mDocument Store[2m > [22mDocu
ment Loading[2m > [22mshould load a document from a file
[31m[1mAssertionError[22m: expected "spy" to be called with arguments: [ '/test/documents/test.txt', 'utf-8' ]
[90m

Received: 

[31m[90m

Number of calls: [1m0[22m
[31m[39m
[36m [2m鉂?[22m tests/document/document-store.test.ts:[2m61:36[22m[39m
    [90m 59| [39m      const result = await documentStore.loadDocument('/test/documents鈥?    [90m 60| [39m    
  
    [90m 61| [39m      expect(fs.promises.readFile).toHaveBeenCalledWith('/test/documen鈥?    [90m   | [39m    
                               [31m^[39m
    [90m 62| [39m      [34mexpect[39m(result[33m.[39mdocument[33m.[39mcontent)[33m.[39m[34mtoBe[39m(mo
ckContent)[33m;[39m
    [90m 63| [39m      [34mexpect[39m(result[33m.[39mdocument[33m.[39mpath)[33m.[39m[34mtoBe[39m([32m
'/test/documents/test.txt'[39m)[33m;[39m

[31m[2m鈳幆鈳幆鈳幆鈳幆鈳幆鈳幆鈳幆鈳幆鈳幆鈳幆鈳幆[42/90]鈳?[22m[39m

[31m[1m[7m FAIL [27m[22m[39m tests/document/document-store.test.ts[2m > [22mDocument Store[2m > [22mDocu
ment Loading[2m > [22mshould load documents from a directory
[31m[1mAssertionError[22m: expected "spy" to be called with arguments: [ '/test/documents' ][90m

Received: 

[31m[90m

Number of calls: [1m0[22m
[31m[39m
[36m [2m鉂?[22m tests/document/document-store.test.ts:[2m81:35[22m[39m
    [90m 79| [39m      const results = await documentStore.loadDocuments('/test/documen鈥?    [90m 80| [39m    
  
    [90m 81| [39m      expect(fs.promises.readdir).toHaveBeenCalledWith('/test/document鈥?    [90m   | [39m    
                              [31m^[39m
    [90m 82| [39m      [34mexpect[39m(fs[33m.[39mpromises[33m.[39mreadFile)[33m.[39m[34mtoHaveBeenCalle
dTimes[39m([34m2[39m)[33m;[39m
    [90m 83| [39m      [34mexpect[39m(results[33m.[39mlength)[33m.[39m[34mtoBe[39m([34m2[39m)[33m;[3
9m

[31m[2m鈳幆鈳幆鈳幆鈳幆鈳幆鈳幆鈳幆鈳幆鈳幆鈳幆鈳幆[43/90]鈳?[22m[39m

[31m[1m[7m FAIL [27m[22m[39m tests/document/document-store.test.ts[2m > [22mDocument Store[2m > [22mDocu
ment Retrieval and Search[2m > [22mshould get a document by path
[31m[1mAssertionError[22m: expected undefined to be defined[39m
[36m [2m鉂?[22m tests/document/document-store.test.ts:[2m216:24[22m[39m
    [90m214| [39m      const document = await documentStore.getDocument('/test/document鈥?    [90m215| [39m    
  
    [90m216| [39m      [34mexpect[39m(document)[33m.[39m[34mtoBeDefined[39m()[33m;[39m
    [90m   | [39m                       [31m^[39m
    [90m217| [39m      [34mexpect[39m(document[33m?.[39mcontent)[33m.[39m[34mtoBe[39m([32m'Test content
'[39m)[33m;[39m
    [90m218| [39m      [34mexpect[39m(document[33m?.[39mpath)[33m.[39m[34mtoBe[39m([32m'/test/documents
/doc1.txt'[39m)[33m;[39m

[31m[2m鈳幆鈳幆鈳幆鈳幆鈳幆鈳幆鈳幆鈳幆鈳幆鈳幆鈳幆[44/90]鈳?[22m[39m

[31m[1m[7m FAIL [27m[22m[39m tests/management/workflow-orchestration.test.ts[2m > [22mWorkflowOrchestratio
n[2m > [22mshould handle tasks in a workflow
[31m[1mAssertionError[22m: expected 'running' to be 'completed' // Object.is equality[39m

Expected: [32m"completed"[39m
Received: [31m"running"[39m

[36m [2m鉂?[22m tests/management/workflow-orchestration.test.ts:[2m314:34[22m[39m
    [90m312| [39m    [90m// Check final state[39m
    [90m313| [39m    const finalInstance = workflowOrchestration.getWorkflowInstance(in鈥?    [90m314| [39m    
[34mexpect[39m(finalInstance[33m?.[39mstate)[33m.[39m[34mtoBe[39m([33mWorkflowInstanceState[39m[33m.[3
9m[33mCOMPLETED[39m)[33m;[39m
    [90m   | [39m                                 [31m^[39m
    [90m315| [39m  })[33m;[39m
    [90m316| [39m  

[31m[2m鈳幆鈳幆鈳幆鈳幆鈳幆鈳幆鈳幆鈳幆鈳幆鈳幆鈳幆[45/90]鈳?[22m[39m

[31m[1m[7m FAIL [27m[22m[39m tests/management/workflow-orchestration.test.ts[2m > [22mWorkflowOrchestratio
n[2m > [22mshould handle conditional branches in a workflow
[31m[1mAssertionError[22m: expected 'running' to be 'completed' // Object.is equality[39m

Expected: [32m"completed"[39m
Received: [31m"running"[39m

[36m [2m鉂?[22m tests/management/workflow-orchestration.test.ts:[2m430:38[22m[39m
    [90m428| [39m    const finalFalseInstance = workflowOrchestration.getWorkflowInstan鈥?    [90m429| [39m    
    [90m430| [39m    expect(finalTrueInstance?.state).toBe(WorkflowInstanceState.COMPLE鈥?    [90m   | [39m    
                                 [31m^[39m
    [90m431| [39m    expect(finalFalseInstance?.state).toBe(WorkflowInstanceState.COMPL鈥?    [90m432| [39m  })
[33m;[39m

[31m[2m鈳幆鈳幆鈳幆鈳幆鈳幆鈳幆鈳幆鈳幆鈳幆鈳幆鈳幆[46/90]鈳?[22m[39m

[31m[1m[7m FAIL [27m[22m[39m tests/roles/assistant.test.ts[2m > [22mAssistant Role[2m > [22mshould perfo
rm thinking process with messages in memory
[31m[1mAssertionError[22m: expected false to be true // Object.is equality[39m

[32m- Expected[39m
[31m+ Received[39m

[32m- true[39m
[31m+ false[39m

[36m [2m鉂?[22m tests/roles/assistant.test.ts:[2m98:20[22m[39m
    [90m 96| [39m
    [90m 97| [39m    [35mconst[39m result [33m=[39m [35mawait[39m assistant[33m.[39m[34mthink[39m()[3
3m;[39m
    [90m 98| [39m    [34mexpect[39m(result)[33m.[39m[34mtoBe[39m([35mtrue[39m)[33m;[39m
    [90m   | [39m                   [31m^[39m
    [90m 99| [39m  })[33m;[39m
    [90m100| [39m

[31m[2m鈳幆鈳幆鈳幆鈳幆鈳幆鈳幆鈳幆鈳幆鈳幆鈳幆鈳幆[47/90]鈳?[22m[39m

[31m[1m[7m FAIL [27m[22m[39m tests/roles/assistant.test.ts[2m > [22mAssistant Role[2m > [22mshould manag
e memory within limits
[31m[1mTypeError[22m: actual value must be number or bigint, received "undefined"[39m
[36m [2m鉂?[22m tests/roles/assistant.test.ts:[2m115:29[22m[39m
    [90m113| [39m    [90m// Private method test through behavior observation[39m
    [90m114| [39m    [35mconst[39m messages [33m=[39m assistant[33m.[39mcontext[33m.[39mmemory[33m.[39
m[35mget[39m()[33m;[39m
    [90m115| [39m    [34mexpect[39m(messages[33m.[39mlength)[33m.[39m[34mtoBeLessThanOrEqual[39m(memoryL
imit)[33m;[39m
    [90m   | [39m                            [31m^[39m
    [90m116| [39m    expect(messages[messages.length - 1].content).toBe(`Message ${memo鈥?    [90m117| [39m  })
[33m;[39m

[31m[2m鈳幆鈳幆鈳幆鈳幆鈳幆鈳幆鈳幆鈳幆鈳幆鈳幆鈳幆[48/90]鈳?[22m[39m

[31m[1m[7m FAIL [27m[22m[39m tests/roles/customer-service.test.ts[2m > [22mCustomerService[2m > [22mshou
ld handle a customer inquiry and generate a response
[31m[1mAssertionError[22m: expected "spy" to be called at least once[39m
[36m [2m鉂?[22m tests/roles/customer-service.test.ts:[2m82:26[22m[39m
    [90m 80| [39m    [90m// Verify response[39m
    [90m 81| [39m    [34mexpect[39m(response)[33m.[39m[34mtoBeDefined[39m()[33m;[39m
    [90m 82| [39m    [34mexpect[39m(mockLLM[33m.[39mchat)[33m.[39m[34mtoHaveBeenCalled[39m()[33m;[39m
    [90m   | [39m                         [31m^[39m
    [90m 83| [39m  })[33m;[39m
    [90m 84| [39m

[31m[2m鈳幆鈳幆鈳幆鈳幆鈳幆鈳幆鈳幆鈳幆鈳幆鈳幆鈳幆[49/90]鈳?[22m[39m

[31m[1m[7m FAIL [27m[22m[39m tests/roles/customer-service.test.ts[2m > [22mCustomerService[2m > [22mshou
ld use FAQ database if provided
[31m[1mAssertionError[22m: expected "spy" to be called at least once[39m
[36m [2m鉂?[22m tests/roles/customer-service.test.ts:[2m109:26[22m[39m
    [90m107| [39m    
    [90m108| [39m    [90m// Verify the LLM was called[39m
    [90m109| [39m    [34mexpect[39m(mockLLM[33m.[39mchat)[33m.[39m[34mtoHaveBeenCalled[39m()[33m;[39m
    [90m   | [39m                         [31m^[39m
    [90m110| [39m  })[33m;[39m
    [90m111| [39m

[31m[2m鈳幆鈳幆鈳幆鈳幆鈳幆鈳幆鈳幆鈳幆鈳幆鈳幆鈳幆[50/90]鈳?[22m[39m

[31m[1m[7m FAIL [27m[22m[39m tests/roles/customer-service.test.ts[2m > [22mCustomerService[2m > [22mshou
ld use support templates if provided
[31m[1mAssertionError[22m: expected "spy" to be called at least once[39m
[36m [2m鉂?[22m tests/roles/customer-service.test.ts:[2m130:26[22m[39m
    [90m128| [39m    [90m// Verify that the LLM was called[39m
    [90m129| [39m    // We can't directly test the private templateMatching method, but鈥?    [90m130| [39m    
[34mexpect[39m(mockLLM[33m.[39mchat)[33m.[39m[34mtoHaveBeenCalled[39m()[33m;[39m
    [90m   | [39m                         [31m^[39m
    [90m131| [39m  })[33m;[39m
    [90m132| [39m

[31m[2m鈳幆鈳幆鈳幆鈳幆鈳幆鈳幆鈳幆鈳幆鈳幆鈳幆鈳幆[51/90]鈳?[22m[39m

[31m[1m[7m FAIL [27m[22m[39m tests/roles/customer-service.test.ts[2m > [22mCustomerService[2m > [22mshou
ld include customer service principles in its behavior
[31m[1mAssertionError[22m: expected "spy" to be called at least once[39m
[36m [2m鉂?[22m tests/roles/customer-service.test.ts:[2m156:26[22m[39m
    [90m154| [39m    
    [90m155| [39m    [90m// Verify the LLM was called[39m
    [90m156| [39m    [34mexpect[39m(mockLLM[33m.[39mchat)[33m.[39m[34mtoHaveBeenCalled[39m()[33m;[39m
    [90m   | [39m                         [31m^[39m
    [90m157| [39m    
    [90m158| [39m    [90m// The principles should be included in the system context[39m

[31m[2m鈳幆鈳幆鈳幆鈳幆鈳幆鈳幆鈳幆鈳幆鈳幆鈳幆鈳幆[52/90]鈳?[22m[39m

[31m[1m[7m FAIL [27m[22m[39m tests/roles/project-manager.test.ts[2m > [22mProjectManager[2m > [22mshould
 handle project management messages
[31m[1mAssertionError[22m: expected '{"Required packages":"Mock generated 鈥? to contain 'Task breakdown'[39m

Expected: [32m"Task breakdown"[39m
Received: [31m"{"Required packages":"Mock generated response","Required Other language third-party packages":"Moc
k generated response","Logic Analysis":"Mock generated response","Task list":"Mock generated response","Full API s
pec":"Mock generated response","Shared Knowledge":"Mock generated response","Anything UNCLEAR":"Mock generated res
ponse"}"[39m

[36m [2m鉂?[22m tests/roles/project-manager.test.ts:[2m76:30[22m[39m
    [90m 74| [39m    [90m// Verify response[39m
    [90m 75| [39m    [34mexpect[39m(response)[33m.[39m[34mtoBeDefined[39m()[33m;[39m
    [90m 76| [39m    [34mexpect[39m(response[33m.[39mcontent)[33m.[39m[34mtoContain[39m([32m'Task break
down'[39m)[33m;[39m
    [90m   | [39m                             [31m^[39m
    [90m 77| [39m    [34mexpect[39m(mockLLM[33m.[39mchat)[33m.[39m[34mtoHaveBeenCalled[39m()[33m;[39m
    [90m 78| [39m  })[33m;[39m

[31m[2m鈳幆鈳幆鈳幆鈳幆鈳幆鈳幆鈳幆鈳幆鈳幆鈳幆鈳幆[53/90]鈳?[22m[39m

[31m[1m[7m FAIL [27m[22m[39m tests/roles/project-manager.test.ts[2m > [22mProjectManager[2m > [22mshould
 handle task dependency analysis
[31m[1mAssertionError[22m: expected "spy" to be called at least once[39m
[36m [2m鉂?[22m tests/roles/project-manager.test.ts:[2m102:26[22m[39m
    [90m100| [39m    [90m// Verify response[39m
    [90m101| [39m    [34mexpect[39m(response)[33m.[39m[34mtoBeDefined[39m()[33m;[39m
    [90m102| [39m    [34mexpect[39m(mockLLM[33m.[39mchat)[33m.[39m[34mtoHaveBeenCalled[39m()[33m;[39m
    [90m   | [39m                         [31m^[39m
    [90m103| [39m  })[33m;[39m
    [90m104| [39m

[31m[2m鈳幆鈳幆鈳幆鈳幆鈳幆鈳幆鈳幆鈳幆鈳幆鈳幆鈳幆[54/90]鈳?[22m[39m

[31m[1m[7m FAIL [27m[22m[39m tests/roles/project-manager.test.ts[2m > [22mProjectManager[2m > [22mshould
 handle resource planning
[31m[1mAssertionError[22m: expected '{"Required packages":"Mock generated 鈥? to contain 'Resource plan'[39m

Expected: [32m"Resource plan"[39m
Received: [31m"{"Required packages":"Mock generated response","Required Other language third-party packages":"Moc
k generated response","Logic Analysis":"Mock generated response","Task list":"Mock generated response","Full API s
pec":"Mock generated response","Shared Knowledge":"Mock generated response","Anything UNCLEAR":"Mock generated res
ponse"}"[39m

[36m [2m鉂?[22m tests/roles/project-manager.test.ts:[2m123:30[22m[39m
    [90m121| [39m    [90m// Verify response[39m
    [90m122| [39m    [34mexpect[39m(response)[33m.[39m[34mtoBeDefined[39m()[33m;[39m
    [90m123| [39m    [34mexpect[39m(response[33m.[39mcontent)[33m.[39m[34mtoContain[39m([32m'Resource p
lan'[39m)[33m;[39m
    [90m   | [39m                             [31m^[39m
    [90m124| [39m    [34mexpect[39m(mockLLM[33m.[39mchat)[33m.[39m[34mtoHaveBeenCalled[39m()[33m;[39m
    [90m125| [39m  })[33m;[39m

[31m[2m鈳幆鈳幆鈳幆鈳幆鈳幆鈳幆鈳幆鈳幆鈳幆鈳幆鈳幆[55/90]鈳?[22m[39m

[31m[1m[7m FAIL [27m[22m[39m tests/roles/project-manager.test.ts[2m > [22mProjectManager[2m > [22mshould
 ignore non-project related messages
[31m[1mAssertionError[22m: expected "spy" to be called at least once[39m
[36m [2m鉂?[22m tests/roles/project-manager.test.ts:[2m143:26[22m[39m
    [90m141| [39m    // Since this is unrelated to project management, the role should 鈥?    [90m142| [39m    
// which we can't directly test, but we can verify it called the L鈥?    [90m143| [39m    [34mexpect[39m(mockLL
M[33m.[39mchat)[33m.[39m[34mtoHaveBeenCalled[39m()[33m;[39m
    [90m   | [39m                         [31m^[39m
    [90m144| [39m  })[33m;[39m
    [90m145| [39m})[33m;[39m 

[31m[2m鈳幆鈳幆鈳幆鈳幆鈳幆鈳幆鈳幆鈳幆鈳幆鈳幆鈳幆[56/90]鈳?[22m[39m

[31m[1m[7m FAIL [27m[22m[39m tests/roles/researcher.test.ts[2m > [22mResearcher[2m > [22mshould execute 
research and return results
[31m[1mError[22m: Failed to get response from LLM[39m
[36m [2m鉂?[22m Research.performResearch src/actions/research.ts:[2m208:15[22m[39m
    [90m206| [39m      
    [90m207| [39m      [35mif[39m ([33m![39mresponse) {
    [90m208| [39m        [35mthrow[39m [35mnew[39m [33mError[39m([32m'Failed to get response from LLM'[3
9m)[33m;[39m
    [90m   | [39m              [31m^[39m
    [90m209| [39m      }
    [90m210| [39m      
[90m [2m鉂?[22m Research.run src/actions/research.ts:[2m168:30[22m[39m
[90m [2m鉂?[22m Researcher.executeResearch src/roles/researcher.ts:[2m218:20[22m[39m
[90m [2m鉂?[22m tests/roles/researcher.test.ts:[2m97:20[22m[39m

[31m[2m鈳幆鈳幆鈳幆鈳幆鈳幆鈳幆鈳幆鈳幆鈳幆鈳幆鈳幆[57/90]鈳?[22m[39m

[31m[1m[7m FAIL [27m[22m[39m tests/roles/researcher.test.ts[2m > [22mResearcher[2m > [22mshould think an
d set todo action
[31m[1mError[22m: Test timed out in 10000ms.
If this is a long-running test, pass a timeout value as the last argument or configure it globally with "testTimeo
ut".[39m
[31m[2m鈳幆鈳幆鈳幆鈳幆鈳幆鈳幆鈳幆鈳幆鈳幆鈳幆鈳幆[58/90]鈳?[22m[39m

[31m[1m[7m FAIL [27m[22m[39m tests/roles/sales.test.ts[2m > [22mSales[2m > [22mshould handle a message a
nd generate a response
[31m[1mAssertionError[22m: expected 'Failed to search and summarize: TypeE鈥? to contain 'Processed response'[3
9m

Expected: [32m"Processed response"[39m
Received: [31m"Failed to search and summarize: TypeError: Cannot read properties of undefined (reading 'content')
"[39m

[36m [2m鉂?[22m tests/roles/sales.test.ts:[2m82:30[22m[39m
    [90m 80| [39m    [90m// Verify response[39m
    [90m 81| [39m    [34mexpect[39m(response)[33m.[39m[34mtoBeDefined[39m()[33m;[39m
    [90m 82| [39m    [34mexpect[39m(response[33m.[39mcontent)[33m.[39m[34mtoContain[39m([32m'Processed 
response'[39m)[33m;[39m
    [90m   | [39m                             [31m^[39m
    [90m 83| [39m    [34mexpect[39m(mockLLM[33m.[39mchat)[33m.[39m[34mtoHaveBeenCalled[39m()[33m;[39m
    [90m 84| [39m  })[33m;[39m

[31m[2m鈳幆鈳幆鈳幆鈳幆鈳幆鈳幆鈳幆鈳幆鈳幆鈳幆鈳幆[59/90]鈳?[22m[39m

[31m[1m[7m FAIL [27m[22m[39m tests/roles/sales.test.ts[2m > [22mSales[2m > [22mshould use product knowle
dge base if provided
[31m[1mAssertionError[22m: expected "spy" to be called at least once[39m
[36m [2m鉂?[22m tests/roles/sales.test.ts:[2m111:26[22m[39m
    [90m109| [39m    [90m// Verify that the knowledge base was utilized[39m
    [90m110| [39m    // This is indirect testing since we can't directly verify the pro鈥?    [90m111| [39m    
[34mexpect[39m(mockLLM[33m.[39mchat)[33m.[39m[34mtoHaveBeenCalled[39m()[33m;[39m
    [90m   | [39m                         [31m^[39m
    [90m112| [39m  })[33m;[39m
    [90m113| [39m})[33m;[39m 

[31m[2m鈳幆鈳幆鈳幆鈳幆鈳幆鈳幆鈳幆鈳幆鈳幆鈳幆鈳幆[60/90]鈳?[22m[39m

[31m[1m[7m FAIL [27m[22m[39m tests/roles/searcher.test.ts[2m > [22mSearcher[2m > [22mshould create a Sea
rcher instance
[31m[1mAssertionError[22m: expected undefined to be 'Searcher' // Object.is equality[39m

[32m- Expected:[39m 
"Searcher"

[31m+ Received:[39m 
undefined

[36m [2m鉂?[22m tests/roles/searcher.test.ts:[2m112:27[22m[39m
    [90m110| [39m  [34mit[39m([32m'should create a Searcher instance'[39m[33m,[39m () [33m=>[39m {
    [90m111| [39m    [34mexpect[39m(searcher)[33m.[39m[34mtoBeInstanceOf[39m([33mSearcher[39m)[33m;[39
m
    [90m112| [39m    [34mexpect[39m(searcher[33m.[39mname)[33m.[39m[34mtoBe[39m([32m'Searcher'[39m)[3
3m;[39m
    [90m   | [39m                          [31m^[39m
    [90m113| [39m    [34mexpect[39m(searcher[33m.[39mprofile)[33m.[39m[34mtoBe[39m([32m'Web Search Spec
ialist'[39m)[33m;[39m
    [90m114| [39m    [34mexpect[39m(searcher[33m.[39msearchProvider)[33m.[39m[34mtoBe[39m([33mSearchPro
viderType[39m[33m.[39m[33mSERPAPI[39m)[33m;[39m

[31m[2m鈳幆鈳幆鈳幆鈳幆鈳幆鈳幆鈳幆鈳幆鈳幆鈳幆鈳幆[61/90]鈳?[22m[39m

[31m[1m[7m FAIL [27m[22m[39m tests/roles/searcher.test.ts[2m > [22mSearcher[2m > [22mshould initialize w
ith a SearchAndSummarize action
[31m[1mAssertionError[22m: Target cannot be null or undefined.[39m
[36m [2m鉂?[22m tests/roles/searcher.test.ts:[2m119:30[22m[39m
    [90m117| [39m  
    [90m118| [39m  [34mit[39m([32m'should initialize with a SearchAndSummarize action'[39m[33m,[39m () [3
3m=>[39m {
    [90m119| [39m    [34mexpect[39m(searcher[33m.[39mactions)[33m.[39m[34mtoHaveLength[39m([34m1[39m)
[33m;[39m
    [90m   | [39m                             [31m^[39m
    [90m120| [39m    [34mexpect[39m(searcher[33m.[39mactions[[34m0[39m][33m.[39mname)[33m.[39m[34mtoB
e[39m([32m'SearchAndSummarize'[39m)[33m;[39m
    [90m121| [39m  })[33m;[39m

[31m[2m鈳幆鈳幆鈳幆鈳幆鈳幆鈳幆鈳幆鈳幆鈳幆鈳幆鈳幆[62/90]鈳?[22m[39m

[31m[1m[7m FAIL [27m[22m[39m tests/roles/searcher.test.ts[2m > [22mSearcher[2m > [22mshould execute sear
ch and return results
[31m[1mTypeError[22m: searcher.executeSearch is not a function[39m
[36m [2m鉂?[22m tests/roles/searcher.test.ts:[2m128:35[22m[39m
    [90m126| [39m    
    [90m127| [39m    [90m// Execute search[39m
    [90m128| [39m    [35mconst[39m result [33m=[39m [35mawait[39m searcher[33m.[39m[34mexecuteSearch[3
9m(message)[33m;[39m
    [90m   | [39m                                  [31m^[39m
    [90m129| [39m    
    [90m130| [39m    [90m// Verify the result[39m

[31m[2m鈳幆鈳幆鈳幆鈳幆鈳幆鈳幆鈳幆鈳幆鈳幆鈳幆鈳幆[63/90]鈳?[22m[39m

[31m[1m[7m FAIL [27m[22m[39m tests/roles/searcher.test.ts[2m > [22mSearcher[2m > [22mshould think and se
t todo action
[31m[1mTypeError[22m: searcher.addToMemory is not a function[39m
[36m [2m鉂?[22m tests/roles/searcher.test.ts:[2m142:23[22m[39m
    [90m140| [39m    [90m// Create a message and add to memory[39m
    [90m141| [39m    const message = new UserMessage('What are the best practices for T鈥?    [90m142| [39m    
(searcher [35mas[39m any)[33m.[39m[34maddToMemory[39m(message)[33m;[39m
    [90m   | [39m                      [31m^[39m
    [90m143| [39m    
    [90m144| [39m    [90m// Call think[39m

[31m[2m鈳幆鈳幆鈳幆鈳幆鈳幆鈳幆鈳幆鈳幆鈳幆鈳幆鈳幆[64/90]鈳?[22m[39m

[31m[1m[7m FAIL [27m[22m[39m tests/roles/searcher.test.ts[2m > [22mSearcher[2m > [22mshould handle empty
 message list
[31m[1mTypeError[22m: searcher.think is not a function[39m
[36m [2m鉂?[22m tests/roles/searcher.test.ts:[2m165:35[22m[39m
    [90m163| [39m    
    [90m164| [39m    [90m// Call think[39m
    [90m165| [39m    [35mconst[39m result [33m=[39m [35mawait[39m searcher[33m.[39m[34mthink[39m()[33
m;[39m
    [90m   | [39m                                  [31m^[39m
    [90m166| [39m    
    [90m167| [39m    [90m// Verify think result[39m

[31m[2m鈳幆鈳幆鈳幆鈳幆鈳幆鈳幆鈳幆鈳幆鈳幆鈳幆鈳幆[65/90]鈳?[22m[39m

[31m[1m[7m FAIL [27m[22m[39m tests/roles/teacher.test.ts[2m > [22mTeacher Role[2m > [22mshould perform t
hinking process with messages in memory
[31m[1mAssertionError[22m: expected false to be true // Object.is equality[39m

[32m- Expected[39m
[31m+ Received[39m

[32m- true[39m
[31m+ false[39m

[36m [2m鉂?[22m tests/roles/teacher.test.ts:[2m90:20[22m[39m
    [90m 88| [39m
    [90m 89| [39m    [35mconst[39m result [33m=[39m [35mawait[39m teacher[33m.[39m[34mthink[39m()[33m
;[39m
    [90m 90| [39m    [34mexpect[39m(result)[33m.[39m[34mtoBe[39m([35mtrue[39m)[33m;[39m
    [90m   | [39m                   [31m^[39m
    [90m 91| [39m  })[33m;[39m
    [90m 92| [39m

[31m[2m鈳幆鈳幆鈳幆鈳幆鈳幆鈳幆鈳幆鈳幆鈳幆鈳幆鈳幆[66/90]鈳?[22m[39m


[2m Test Files [22m [1m[31m50 failed[39m[22m[2m | [22m[1m[32m12 passed[39m[22m[90m (62)[39m
[2m      Tests [22m [1m[31m59 failed[39m[22m[2m | [22m[1m[32m187 passed[39m[22m[2m | [22m[33m7 skipped[39m[90m (253)[39m
[2m   Start at [22m 18:41:01
[2m   Duration [22m 11.43s[2m (transform 3.93s, setup 863ms, collect 7.70s, tests 10.59s, environment 9ms, prepare 6.24s)[22m

error: script "test" exited with code 1
